(255, 255, 255),(255, 255, 255),(255, 255, 255),(255, 255, 255),(255, 255, 255),(255, 255, 255),(255, 255, 255),(255, 255, 255),(255, 255, 255),(255, 255, 255),(255, 255, 255),(255, 255, 255),(255, 255, 255),(255, 255, 255),(255, 255, 255),(255, 255, 255),(255, 255, 255),(255, 255, 255),(255, 255, 255),(255, 255, 255),(255, 255, 255),(255, 255, 255),(255, 255, 255),(255, 255, 255),(255, 255, 255),(255, 255, 255),(255, 255, 255),(255, 255, 255),(255, 255, 255),(255, 255, 255),(255, 255, 255),(255, 255, 255),(255, 255, 255),(255, 255, 255),(255, 255, 255),(255, 255, 255),(255, 255, 255),(255, 255, 255),(255, 255, 255),(255, 255, 255),(255, 255, 255),(255, 255, 255),(255, 255, 255),(255, 255, 255),(255, 255, 255),(255, 255, 255),(255, 255, 255),(255, 255, 255),(255, 255, 255),(255, 255, 255),(255, 255, 255),(255, 255, 255),(255, 255, 255),(255, 255, 255),(255, 255, 255),(255, 255, 255),(255, 255, 255),(255, 255, 255),(255, 255, 255),(255, 255, 255),(255, 255, 255),(255, 255, 255),(255, 255, 255),(255, 255, 255),(255, 255, 255),(255, 255, 255),(255, 255, 255),(255, 255, 255),(255, 255, 255),(255, 255, 255),(255, 255, 255),(255, 255, 255),(255, 255, 255),(255, 255, 255),(255, 255, 255),(255, 255, 255),(255, 255, 255),(255, 255, 255),(255, 255, 255),(255, 255, 255),(255, 255, 255),(255, 255, 255),(255, 255, 255),(255, 255, 255),(255, 255, 255),(255, 255, 255),(255, 255, 255),(255, 255, 255),(255, 255, 255),(255, 255, 255),(255, 255, 255),(255, 255, 255),(255, 255, 255),(255, 255, 255),(255, 255, 255),(255, 255, 255),(255, 255, 255),(255, 255, 255),(255, 255, 255),(255, 255, 255),(255, 255, 255),(255, 255, 255),(255, 255, 255),(255, 255, 255),(255, 255, 255),(255, 255, 255),(255, 255, 255),(255, 255, 255),(255, 255, 255),(255, 255, 255),(255, 255, 255),(255, 255, 255),(255, 255, 255),(255, 255, 255),(255, 255, 255),(255, 255, 255),(255, 255, 255),(255, 255, 255),(255, 255, 255),(255, 255, 255),(255, 255, 255),(255, 255, 255),(255, 255, 255),(255, 255, 255),(255, 255, 255),(255, 255, 255),(255, 255, 255),(255, 255, 255),(255, 255, 255),(255, 255, 255),(255, 255, 255),(255, 255, 255),(255, 255, 255),(255, 255, 255),(255, 255, 255),(255, 255, 255),(255, 255, 255),(255, 255, 255),(255, 255, 255),(255, 255, 255),(255, 255, 255),(255, 255, 255),(255, 255, 255),(255, 255, 255),(255, 255, 255),(255, 255, 255),(255, 255, 255),(255, 255, 255),(255, 255, 255),(255, 255, 255),(255, 255, 255),(255, 255, 255),(255, 255, 255),(255, 255, 255),(255, 255, 255),(255, 255, 255),(255, 255, 255),(255, 255, 255),(255, 255, 255),(255, 255, 255),(255, 255, 255),(255, 255, 255),(255, 255, 255),(255, 255, 255),(255, 255, 255),(255, 255, 255),(255, 255, 255),(255, 255, 255),(255, 255, 255),(255, 255, 255),(255, 255, 255),(255, 255, 255),(255, 255, 255),(255, 255, 255),(255, 255, 255),(255, 255, 255),(255, 255, 255),(255, 255, 255),(255, 255, 255),(255, 255, 255),(255, 255, 255),(255, 255, 255),(255, 255, 255),(255, 255, 255),(255, 255, 255),(255, 255, 255),(255, 255, 255),(255, 255, 255),(255, 255, 255),(255, 255, 255),(255, 255, 255),(255, 255, 255),(255, 255, 255),(255, 255, 255),(255, 255, 255),(255, 255, 255),(255, 255, 255),(255, 255, 255),(255, 255, 255),(255, 255, 255),(255, 255, 255),(255, 255, 255),(255, 255, 255),(255, 255, 255),(255, 255, 255),(255, 255, 255),(255, 255, 255),(255, 255, 255),(255, 255, 255),(255, 255, 255),(255, 255, 255),(255, 255, 255),(255, 255, 255),(255, 255, 255),(255, 255, 255),(255, 255, 255),(255, 255, 255),(255, 255, 255),(255, 255, 255),(255, 255, 255),(255, 255, 255),(255, 255, 255),(255, 255, 255),(255, 255, 255),(255, 255, 255),(255, 255, 255),(255, 255, 255),(255, 255, 255),(255, 255, 255),(255, 255, 255),(255, 255, 255),(255, 255, 255),(255, 255, 255),(255, 255, 255),(255, 255, 255),(255, 255, 255),(255, 255, 255),(255, 255, 255),(255, 255, 255),(255, 255, 255),(255, 255, 255),(255, 255, 255),(255, 255, 255),(255, 255, 255),(255, 255, 255),(255, 255, 255),(255, 255, 255),(255, 255, 255),(255, 255, 255),(255, 255, 255),(255, 255, 255),(255, 255, 255),(255, 255, 255),(255, 255, 255),(255, 255, 255),(255, 255, 255),(255, 255, 255),(255, 255, 255),(255, 255, 255),(255, 255, 255),(255, 255, 255),(255, 255, 255),(255, 255, 255),(255, 255, 255),(255, 255, 255),(255, 255, 255),(255, 255, 255),(255, 255, 255),(255, 255, 255),(255, 255, 255),(255, 255, 255),(255, 255, 255),(255, 255, 255),(255, 255, 255),(255, 255, 255),(255, 255, 255),(255, 255, 255),(255, 255, 255),(255, 255, 255),(255, 255, 255),(255, 255, 255),(255, 255, 255),(255, 255, 255),(255, 255, 255),(255, 255, 255),(255, 255, 255),(255, 255, 255),(255, 255, 255),(255, 255, 255),(255, 255, 255),(255, 255, 255),(255, 255, 255),(255, 255, 255),(255, 255, 255),(255, 255, 255),(255, 255, 255),(255, 255, 255),(255, 255, 255),(255, 255, 255),(255, 255, 255),(255, 255, 255),(255, 255, 255),(255, 255, 255),(255, 255, 255),(255, 255, 255),(255, 255, 255),(255, 255, 255),(255, 255, 255),(255, 255, 255),(255, 255, 255),(255, 255, 255),(255, 255, 255),(255, 255, 255),(255, 255, 255),(255, 255, 255),(255, 255, 255),(255, 255, 255),(255, 255, 255),(255, 255, 255),(255, 255, 255),(255, 255, 255),(255, 255, 255),(255, 255, 255),(255, 255, 255),(255, 255, 255),(255, 255, 255),(255, 255, 255),(255, 255, 255),(255, 255, 255),(255, 255, 255),(255, 255, 255),(255, 255, 255),(255, 255, 255),(255, 255, 255),(255, 255, 255),(255, 255, 255),(255, 255, 255),(255, 255, 255),(255, 255, 255),(255, 255, 255),(255, 255, 255),(255, 255, 255),(255, 255, 255),(255, 255, 255),(255, 255, 255),(255, 255, 255),(255, 255, 255),(255, 255, 255),(255, 255, 255),(255, 255, 255),(255, 255, 255),(255, 255, 255),(255, 255, 255),(255, 255, 255),(255, 255, 255),(255, 255, 255),(255, 255, 255),(255, 255, 255),(255, 255, 255),(255, 255, 255),(255, 255, 255),(255, 255, 255),(255, 255, 255),(255, 255, 255),(255, 255, 255),(255, 255, 255),(255, 255, 255),(255, 255, 255),(255, 255, 255),(255, 255, 255),(255, 255, 255),(255, 255, 255),(255, 255, 255),(255, 255, 255),(255, 255, 255),(255, 255, 255),(255, 255, 255),(255, 255, 255),(255, 255, 255),(255, 255, 255),(255, 255, 255),(255, 255, 255),(255, 255, 255),(255, 255, 255),(255, 255, 255),(255, 255, 255),(255, 255, 255),(255, 255, 255),(255, 255, 255),(255, 255, 255),(255, 255, 255),(255, 255, 255),(255, 255, 255),(255, 255, 255),(255, 255, 255),(255, 255, 255),(255, 255, 255),(255, 255, 255),(255, 255, 255),(255, 255, 255),(255, 255, 255),(255, 255, 255),(255, 255, 255),(255, 255, 255),(255, 255, 255),(255, 255, 255),(255, 255, 255),(255, 255, 255),(255, 255, 255),(255, 255, 255),(255, 255, 255),(255, 255, 255),(255, 255, 255),(255, 255, 255),(255, 255, 255),(255, 255, 255),(255, 255, 255),(255, 255, 255),(255, 255, 255),(255, 255, 255),(255, 255, 255),(255, 255, 255),(255, 255, 255),(255, 255, 255),(255, 255, 255),(255, 255, 255),(255, 255, 255),(255, 255, 255),(255, 255, 255),(255, 255, 255),(255, 255, 255),(255, 255, 255),(255, 255, 255),(255, 255, 255),(255, 255, 255),(255, 255, 255),(255, 255, 255),(255, 255, 255),(255, 255, 255),(255, 255, 255),(255, 255, 255),(255, 255, 255),(255, 255, 255),(255, 255, 255),(255, 255, 255),(255, 255, 255),(255, 255, 255),(255, 255, 255),(255, 255, 255),(255, 255, 255),(255, 255, 255),(255, 255, 255),(255, 255, 255),(255, 255, 255),(255, 255, 255),(255, 255, 255),(255, 255, 255),(255, 255, 255),(255, 255, 255),(255, 255, 255),(255, 255, 255),(255, 255, 255),(255, 255, 255),(255, 255, 255),(255, 255, 255),(255, 255, 255),(255, 255, 255),(255, 255, 255),(255, 255, 255),(255, 255, 255),(255, 255, 255),(255, 255, 255),(255, 255, 255),(255, 255, 255),(255, 255, 255),(255, 255, 255),(255, 255, 255),(255, 255, 255),(255, 255, 255),(255, 255, 255),(255, 255, 255),(255, 255, 255),(255, 255, 255),(255, 255, 255),(255, 255, 255),(255, 255, 255),(255, 255, 255),(255, 255, 255),(255, 255, 255),(255, 255, 255),(255, 255, 255),(255, 255, 255),(255, 255, 255),(255, 255, 255),(255, 255, 255),(255, 255, 255),(255, 255, 255),(255, 255, 255),(255, 255, 255),(255, 255, 255),(255, 255, 255),(255, 255, 255),(255, 255, 255),(255, 255, 255),(255, 255, 255),(255, 255, 255),(255, 255, 255),(255, 255, 255),(255, 255, 255),(255, 255, 255),(255, 255, 255),(255, 255, 255),(255, 255, 255),(255, 255, 255),(255, 255, 255),(255, 255, 255),(255, 255, 255),(255, 255, 255),(255, 255, 255),(255, 255, 255),(255, 255, 255),(255, 255, 255),(255, 255, 255),(255, 255, 255),(255, 255, 255),(255, 255, 255),(255, 255, 255),(255, 255, 255),(255, 255, 255),(255, 255, 255),(255, 255, 255),(255, 255, 255),(255, 255, 255),(255, 255, 255),(255, 255, 255),(255, 255, 255),(255, 255, 255),(255, 255, 255),(255, 255, 255),(255, 255, 255),(255, 255, 255),(255, 255, 255),(255, 255, 255),(255, 255, 255),(255, 255, 255),(255, 255, 255),(255, 255, 255),(255, 255, 255),(255, 255, 255),(255, 255, 255),(255, 255, 255),(255, 255, 255),(255, 255, 255),(255, 255, 255),(255, 255, 255),(255, 255, 255),(255, 255, 255),(255, 255, 255),(255, 255, 255),(255, 255, 255),(255, 255, 255),(255, 255, 255),(255, 255, 255),(255, 255, 255),(255, 255, 255),(255, 255, 255),(255, 255, 255),(255, 255, 255),(255, 255, 255),(255, 255, 255),(255, 255, 255),(255, 255, 255),(255, 255, 255),(255, 255, 255),(255, 255, 255),(255, 255, 255),(255, 255, 255),(255, 255, 255),(255, 255, 255),(255, 255, 255),(255, 255, 255),(255, 255, 255),(255, 255, 255),(255, 255, 255),(255, 255, 255),(255, 255, 255),(255, 255, 255),(255, 255, 255),(255, 255, 255),(255, 255, 255),(255, 255, 255),(255, 255, 255),(255, 255, 255),(255, 255, 255),(255, 255, 255),(255, 255, 255),(255, 255, 255),(255, 255, 255),(255, 255, 255),(255, 255, 255),(255, 255, 255),(255, 255, 255),(255, 255, 255),(255, 255, 255),(255, 255, 255),(255, 255, 255),(255, 255, 255),(255, 255, 255),(255, 255, 255),(255, 255, 255),(255, 255, 255),(255, 255, 255),(255, 255, 255),(255, 255, 255),(255, 255, 255),(255, 255, 255),(255, 255, 255),(255, 255, 255),(255, 255, 255),(255, 255, 255),(255, 255, 255),(255, 255, 255),(255, 255, 255),(255, 255, 255),(255, 255, 255),(255, 255, 255),(255, 255, 255),(255, 255, 255),(255, 255, 255),(255, 255, 255),(255, 255, 255),(255, 255, 255),(255, 255, 255),(255, 255, 255),(255, 255, 255),(255, 255, 255),(255, 255, 255),(255, 255, 255),(255, 255, 255),(255, 255, 255),(255, 255, 255),(255, 255, 255),(255, 255, 255),(255, 255, 255),(255, 255, 255),(255, 255, 255),(255, 255, 255),(255, 255, 255),(255, 255, 255),(255, 255, 255),(255, 255, 255),(255, 255, 255),(255, 255, 255),(255, 255, 255),(255, 255, 255),(255, 255, 255),(255, 255, 255),(255, 255, 255),(255, 255, 255),(255, 255, 255),(255, 255, 255),(255, 255, 255),(255, 255, 255),(255, 255, 255),(255, 255, 255),(255, 255, 255),(255, 255, 255),(255, 255, 255),(255, 255, 255),(255, 255, 255),(255, 255, 255),(255, 255, 255),(255, 255, 255),(255, 255, 255),(255, 255, 255),(255, 255, 255),(255, 255, 255),(255, 255, 255),(255, 255, 255),(255, 255, 255),(255, 255, 255),(255, 255, 255),(255, 255, 255),(255, 255, 255),(255, 255, 255),(255, 255, 255),(255, 255, 255),(255, 255, 255),(255, 255, 255),(255, 255, 255),(255, 255, 255),(255, 255, 255),(255, 255, 255),(255, 255, 255),(255, 255, 255),(255, 255, 255),(255, 255, 255),(255, 255, 255),(255, 255, 255),(255, 255, 255),(255, 255, 255),(255, 255, 255),(255, 255, 255),(255, 255, 255),(255, 255, 255),(255, 255, 255),(255, 255, 255),(255, 255, 255),(255, 255, 255),(255, 255, 255),(255, 255, 255),(255, 255, 255),(255, 255, 255),(255, 255, 255),(255, 255, 255),(255, 255, 255),(255, 255, 255),(255, 255, 255),(255, 255, 255),(255, 255, 255),(255, 255, 255),(255, 255, 255),(255, 255, 255),(255, 255, 255),(255, 255, 255),(255, 255, 255),(255, 255, 255),(255, 255, 255),(255, 255, 255),(255, 255, 255),(255, 255, 255),(255, 255, 255),(255, 255, 255),(255, 255, 255),(255, 255, 255),(255, 255, 255),(255, 255, 255),(255, 255, 255),(255, 255, 255),(255, 255, 255),(255, 255, 255),(255, 255, 255),(255, 255, 255),(255, 255, 255),(255, 255, 255),(255, 255, 255),(255, 255, 255),(255, 255, 255),(255, 255, 255),(255, 255, 255),(255, 255, 255),(255, 255, 255),(255, 255, 255),(255, 255, 255),(255, 255, 255),(255, 255, 255),(255, 255, 255),(255, 255, 255),(255, 255, 255),(255, 255, 255),(255, 255, 255),(255, 255, 255),(255, 255, 255),(255, 255, 255),(255, 255, 255),(255, 255, 255),(255, 255, 255),(255, 255, 255),(255, 255, 255),(255, 255, 255),(255, 255, 255),(255, 255, 255),(255, 255, 255),(255, 255, 255),(255, 255, 255),(255, 255, 255),(255, 255, 255),(255, 255, 255),(255, 255, 255),(255, 255, 255),(255, 255, 255),(255, 255, 255),(255, 255, 255),(255, 255, 255),(255, 255, 255),(255, 255, 255),(255, 255, 255),(255, 255, 255),(255, 255, 255),(255, 255, 255),(255, 255, 255),(255, 255, 255),(255, 255, 255),(255, 255, 255),(255, 255, 255),(255, 255, 255),(255, 255, 255),(255, 255, 255),(255, 255, 255),(255, 255, 255),(255, 255, 255),(255, 255, 255),(255, 255, 255),(255, 255, 255),(255, 255, 255),(255, 255, 255),(255, 255, 255),(255, 255, 255),(255, 255, 255),(255, 255, 255),(255, 255, 255),(255, 255, 255),(255, 255, 255),(255, 255, 255),(255, 255, 255),(255, 255, 255),(255, 255, 255),(255, 255, 255),(255, 255, 255),(255, 255, 255),(255, 255, 255),(255, 255, 255),(255, 255, 255),(255, 255, 255),(255, 255, 255),(255, 255, 255),(255, 255, 255),(255, 255, 255),(255, 255, 255),(255, 255, 255),(255, 255, 255),(255, 255, 255),(255, 255, 255),(255, 255, 255),(255, 255, 255),(255, 255, 255),(255, 255, 255),(255, 255, 255),(255, 255, 255),(255, 255, 255),(255, 255, 255),(255, 255, 255),(255, 255, 255),(255, 255, 255),(255, 255, 255),(255, 255, 255),(255, 255, 255),(255, 255, 255),(255, 255, 255),(255, 255, 255),(255, 255, 255),(255, 255, 255),(255, 255, 255),(255, 255, 255),(255, 255, 255),(255, 255, 255),(255, 255, 255),(255, 255, 255),(255, 255, 255),(255, 255, 255),(255, 255, 255),(255, 255, 255),(255, 255, 255),(255, 255, 255),(255, 255, 255),(255, 255, 255),(255, 255, 255),(255, 255, 255),(255, 255, 255),(255, 255, 255),(255, 255, 255),(255, 255, 255),(255, 255, 255),(255, 255, 255),(255, 255, 255),(255, 255, 255),(255, 255, 255),(255, 255, 255),(255, 255, 255),(255, 255, 255),(255, 255, 255),(255, 255, 255),(255, 255, 255),(255, 255, 255),(255, 255, 255),(255, 255, 255),(255, 255, 255),(255, 255, 255),(255, 255, 255),(255, 255, 255),(255, 255, 255),(255, 255, 255),(255, 255, 255),(255, 255, 255),(255, 255, 255),(255, 255, 255),(255, 255, 255),(255, 255, 255),(255, 255, 255),(255, 255, 255),(255, 255, 255),(255, 255, 255),(255, 255, 255),(255, 255, 255),(255, 255, 255),(255, 255, 255),(255, 255, 255),(255, 255, 255),(255, 255, 255),(255, 255, 255),(255, 255, 255),(255, 255, 255),(255, 255, 255),(255, 255, 255),(255, 255, 255),(255, 255, 255),(255, 255, 255),(255, 255, 255),(255, 255, 255),(255, 255, 255),(255, 255, 255),(255, 255, 255),(255, 255, 255),(255, 255, 255),(255, 255, 255),(255, 255, 255),(255, 255, 255),(255, 255, 255),(255, 255, 255),(255, 255, 255),(255, 255, 255),(255, 255, 255),(255, 255, 255),(255, 255, 255),(255, 255, 255),(255, 255, 255),(255, 255, 255),(255, 255, 255),(255, 255, 255),(255, 255, 255),(255, 255, 255),(255, 255, 255),(255, 255, 255),(255, 255, 255),(255, 255, 255),(255, 255, 255),(255, 255, 255),(255, 255, 255),(255, 255, 255),(255, 255, 255),(255, 255, 255),(255, 255, 255),(255, 255, 255),(255, 255, 255),(255, 255, 255),(255, 255, 255),(255, 255, 255),(255, 255, 255),(255, 255, 255),(255, 255, 255),(255, 255, 255),(255, 255, 255),(255, 255, 255),(255, 255, 255),(255, 255, 255),(255, 255, 255),(255, 255, 255),(255, 255, 255),(255, 255, 255),(255, 255, 255),(255, 255, 255),(255, 255, 255),(255, 255, 255),(255, 255, 255),(255, 255, 255),(255, 255, 255),(255, 255, 255),(255, 255, 255),(255, 255, 255),(255, 255, 255),(255, 255, 255),(255, 255, 255),(255, 255, 255),(255, 255, 255),(255, 255, 255),(255, 255, 255),(255, 255, 255),(255, 255, 255),(255, 255, 255),(255, 255, 255),(255, 255, 255),(255, 255, 255),(255, 255, 255),(255, 255, 255),(255, 255, 255),(255, 255, 255),(255, 255, 255),(255, 255, 255),(255, 255, 255),(255, 255, 255),(255, 255, 255),(255, 255, 255),(255, 255, 255),(255, 255, 255),(255, 255, 255),(255, 255, 255),(255, 255, 255),(255, 255, 255),(255, 255, 255),(255, 255, 255),(255, 255, 255),(255, 255, 255),(255, 255, 255),(255, 255, 255),(255, 255, 255),(255, 255, 255),(255, 255, 255),(255, 255, 255),(255, 255, 255),(255, 255, 255),(255, 255, 255),(255, 255, 255),(255, 255, 255),(255, 255, 255),(255, 255, 255),(255, 255, 255),(255, 255, 255),(255, 255, 255),(255, 255, 255),(255, 255, 255),(255, 255, 255),(255, 255, 255),(255, 255, 255),(255, 255, 255),(255, 255, 255),(255, 255, 255),(255, 255, 255),(255, 255, 255),(255, 255, 255),(255, 255, 255),(255, 255, 255),(255, 255, 255),(255, 255, 255),(255, 255, 255),(255, 255, 255),(255, 255, 255),(255, 255, 255),(255, 255, 255),(255, 255, 255),(255, 255, 255),(255, 255, 255),(255, 255, 255),(255, 255, 255),(255, 255, 255),(255, 255, 255),(255, 255, 255),(255, 255, 255),(255, 255, 255),(255, 255, 255),(255, 255, 255),(255, 255, 255),(255, 255, 255),(255, 255, 255),(255, 255, 255),(255, 255, 255),(255, 255, 255),(255, 255, 255),(255, 255, 255),(255, 255, 255),(255, 255, 255),(255, 255, 255),(255, 255, 255),(255, 255, 255),(255, 255, 255),(255, 255, 255),(255, 255, 255),(255, 255, 255),(255, 255, 255),(255, 255, 255),(255, 255, 255),(255, 255, 255),(255, 255, 255),(255, 255, 255),(255, 255, 255),(255, 255, 255),(255, 255, 255),(255, 255, 255),(255, 255, 255),(255, 255, 255),(255, 255, 255),(255, 255, 255),(255, 255, 255),(255, 255, 255),(255, 255, 255),(255, 255, 255),(255, 255, 255),(255, 255, 255),(255, 255, 255),(255, 255, 255),(255, 255, 255),(255, 255, 255),(255, 255, 255),(255, 255, 255),(255, 255, 255),(255, 255, 255),(255, 255, 255),(255, 255, 255),(255, 255, 255),(255, 255, 255),(255, 255, 255),(255, 255, 255),(255, 255, 255),(255, 255, 255),(255, 255, 255),(255, 255, 255),(255, 255, 255),(255, 255, 255),(255, 255, 255),(255, 255, 255),(255, 255, 255),(255, 255, 255),(255, 255, 255),(255, 255, 255),(255, 255, 255),(255, 255, 255),(255, 255, 255),(255, 255, 255),(255, 255, 255),(255, 255, 255),(255, 255, 255),(255, 255, 255),(255, 255, 255),(255, 255, 255),(255, 255, 255),(255, 255, 255),(255, 255, 255),(255, 255, 255),(255, 255, 255),(255, 255, 255),(255, 255, 255),(255, 255, 255),(255, 255, 255),(255, 255, 255),(255, 255, 255),(255, 255, 255),(255, 255, 255),(255, 255, 255),(255, 255, 255),(255, 255, 255),(255, 255, 255),(255, 255, 255),(255, 255, 255),(255, 255, 255),(255, 255, 255),(255, 255, 255),(255, 255, 255),(255, 255, 255),(255, 255, 255),(255, 255, 255),(255, 255, 255),(255, 255, 255),(255, 255, 255),(255, 255, 255),(255, 255, 255),(255, 255, 255),(255, 255, 255),(255, 255, 255),(255, 255, 255),(255, 255, 255),(255, 255, 255),(255, 255, 255),(255, 255, 255),(255, 255, 255),(255, 255, 255),(255, 255, 255),(255, 255, 255),(255, 255, 255),(255, 255, 255),(255, 255, 255),(255, 255, 255),(255, 255, 255),(255, 255, 255),(255, 255, 255),(255, 255, 255),(255, 255, 255),(255, 255, 255),(255, 255, 255),(255, 255, 255),(255, 255, 255),(255, 255, 255),(255, 255, 255),(255, 255, 255),(255, 255, 255),(255, 255, 255),(255, 255, 255),(255, 255, 255),(255, 255, 255),(255, 255, 255),(255, 255, 255),(255, 255, 255),(255, 255, 255),(255, 255, 255),(255, 255, 255),(255, 255, 255),(255, 255, 255),(255, 255, 255),(255, 255, 255),(255, 255, 255),(255, 255, 255),(255, 255, 255),(255, 255, 255),(255, 255, 255),(255, 255, 255),(255, 255, 255),(255, 255, 255),(255, 255, 255),(255, 255, 255),(255, 255, 255),(255, 255, 255),(255, 255, 255),(255, 255, 255),(255, 255, 255),(255, 255, 255),(255, 255, 255),(255, 255, 255),(255, 255, 255),(255, 255, 255),(255, 255, 255),(255, 255, 255),(255, 255, 255),(255, 255, 255),(255, 255, 255),(255, 255, 255),(255, 255, 255),(255, 255, 255),(255, 255, 255),(255, 255, 255),(255, 255, 255),(255, 255, 255),(255, 255, 255),(255, 255, 255),(255, 255, 255),(255, 255, 255),(255, 255, 255),(255, 255, 255),(255, 255, 255),(255, 255, 255),(255, 255, 255),(255, 255, 255),(255, 255, 255),(255, 255, 255),(255, 255, 255),(255, 255, 255),(255, 255, 255),(255, 255, 255),(255, 255, 255),(255, 255, 255),(255, 255, 255),(255, 255, 255),(255, 255, 255),(255, 255, 255),(255, 255, 255),(255, 255, 255),(255, 255, 255),(255, 255, 255),(255, 255, 255),(255, 255, 255),(255, 255, 255),(255, 255, 255),(255, 255, 255),(255, 255, 255),(255, 255, 255),(255, 255, 255),(255, 255, 255),(255, 255, 255),(255, 255, 255),(255, 255, 255),(255, 255, 255),(255, 255, 255),(255, 255, 255),(255, 255, 255),(255, 255, 255),(255, 255, 255),(255, 255, 255),(255, 255, 255),(255, 255, 255),(255, 255, 255),(255, 255, 255),(255, 255, 255),(255, 255, 255),(255, 255, 255),(255, 255, 255),(255, 255, 255),(255, 255, 255),(255, 255, 255),(255, 255, 255),(255, 255, 255),(255, 255, 255),(255, 255, 255),(255, 255, 255),(255, 255, 255),(255, 255, 255),(255, 255, 255),(255, 255, 255),(255, 255, 255),(255, 255, 255),(255, 255, 255),(255, 255, 255),(255, 255, 255),(255, 255, 255),(255, 255, 255),(255, 255, 255),(255, 255, 255),(255, 255, 255),(255, 255, 255),(255, 255, 255),(255, 255, 255),(255, 255, 255),(255, 255, 255),(255, 255, 255),(255, 255, 255),(255, 255, 255),(255, 255, 255),(255, 255, 255),(255, 255, 255),(255, 255, 255),(255, 255, 255),(255, 255, 255),(255, 255, 255),(255, 255, 255),(255, 255, 255),(255, 255, 255),(255, 255, 255),(255, 255, 255),(255, 255, 255),(255, 255, 255),(255, 255, 255),(255, 255, 255),(255, 255, 255),(255, 255, 255),(255, 255, 255),(255, 255, 255),(255, 255, 255),(255, 255, 255),(255, 255, 255),(255, 255, 255),(255, 255, 255),(255, 255, 255),(255, 255, 255),(255, 255, 255),(255, 255, 255),(255, 255, 255),(255, 255, 255),(255, 255, 255),(255, 255, 255),(255, 255, 255),(255, 255, 255),(255, 255, 255),(255, 255, 255),(255, 255, 255),(255, 255, 255),(255, 255, 255),(255, 255, 255),(255, 255, 255),(255, 255, 255),(255, 255, 255),(255, 255, 255),(255, 255, 255),(255, 255, 255),(255, 255, 255),(255, 255, 255),(255, 255, 255),(255, 255, 255),(255, 255, 255),(255, 255, 255),(255, 255, 255),(255, 255, 255),(255, 255, 255),(255, 255, 255),(255, 255, 255),(255, 255, 255),(255, 255, 255),(255, 255, 255),(255, 255, 255),(255, 255, 255),(255, 255, 255),(255, 255, 255),(255, 255, 255),(255, 255, 255),(255, 255, 255),(255, 255, 255),(255, 255, 255),(255, 255, 255),(255, 255, 255),(255, 255, 255),(255, 255, 255),(255, 255, 255),(255, 255, 255),(255, 255, 255),(255, 255, 255),(255, 255, 255),(255, 255, 255),(255, 255, 255),(255, 255, 255),(255, 255, 255),(255, 255, 255),(255, 255, 255),(255, 255, 255),(255, 255, 255),(255, 255, 255),(255, 255, 255),(255, 255, 255),(255, 255, 255),(255, 255, 255),(255, 255, 255),(255, 255, 255),(255, 255, 255),(255, 255, 255),(255, 255, 255),(255, 255, 255),(255, 255, 255),(255, 255, 255),(255, 255, 255),(255, 255, 255),(255, 255, 255),(255, 255, 255),(255, 255, 255),(255, 255, 255),(255, 255, 255),(255, 255, 255),(255, 255, 255),(255, 255, 255),(255, 255, 255),(255, 255, 255),(255, 255, 255),(255, 255, 255),(255, 255, 255),(255, 255, 255),(255, 255, 255),(255, 255, 255),(255, 255, 255),(255, 255, 255),(255, 255, 255),(255, 255, 255),(255, 255, 255),(255, 255, 255),(255, 255, 255),(255, 255, 255),(255, 255, 255),(255, 255, 255),(255, 255, 255),(255, 255, 255),(255, 255, 255),(255, 255, 255),(255, 255, 255),(255, 255, 255),(255, 255, 255),(255, 255, 255),(255, 255, 255),(255, 255, 255),(255, 255, 255),(255, 255, 255),(255, 255, 255),(255, 255, 255),(255, 255, 255),(255, 255, 255),(255, 255, 255),(255, 255, 255),(255, 255, 255),(255, 255, 255),(255, 255, 255),(255, 255, 255),(255, 255, 255),(255, 255, 255),(255, 255, 255),(255, 255, 255),(255, 255, 255),(255, 255, 255),(255, 255, 255),(255, 255, 255),(255, 255, 255),(255, 255, 255),(255, 255, 255),(255, 255, 255),(255, 255, 255),(255, 255, 255),(255, 255, 255),(255, 255, 255),(255, 255, 255),(255, 255, 255),(255, 255, 255),(255, 255, 255),(255, 255, 255),(255, 255, 255),(255, 255, 255),(255, 255, 255),(255, 255, 255),(255, 255, 255),(255, 255, 255),(255, 255, 255),(255, 255, 255),(255, 255, 255),(255, 255, 255),(255, 255, 255),(255, 255, 255),(255, 255, 255),(255, 255, 255),(255, 255, 255),(255, 255, 255),(255, 255, 255),(255, 255, 255),(255, 255, 255),(255, 255, 255),(255, 255, 255),(255, 255, 255),(255, 255, 255),(255, 255, 255),(255, 255, 255),(255, 255, 255),(255, 255, 255),(255, 255, 255),(255, 255, 255),(255, 255, 255),(255, 255, 255),(255, 255, 255),(255, 255, 255),(255, 255, 255),(255, 255, 255),(255, 255, 255),(255, 255, 255),(255, 255, 255),(255, 255, 255),(255, 255, 255),(255, 255, 255),(255, 255, 255),(255, 255, 255),(255, 255, 255),(255, 255, 255),(255, 255, 255),(255, 255, 255),(255, 255, 255),(255, 255, 255),(255, 255, 255),(255, 255, 255),(255, 255, 255),(255, 255, 255),(255, 255, 255),(255, 255, 255),(255, 255, 255),(255, 255, 255),(255, 255, 255),(255, 255, 255),(255, 255, 255),(255, 255, 255),(255, 255, 255),(255, 255, 255),(255, 255, 255),(255, 255, 255),(255, 255, 255),(255, 255, 255),(255, 255, 255),(255, 255, 255),(255, 255, 255),(255, 255, 255),(255, 255, 255),(255, 255, 255),(255, 255, 255),(255, 255, 255),(255, 255, 255),(255, 255, 255),(255, 255, 255),(255, 255, 255),(255, 255, 255),(255, 255, 255),(255, 255, 255),(255, 255, 255),(255, 255, 255),(255, 255, 255),(255, 255, 255),(255, 255, 255),(255, 255, 255),(255, 255, 255),(255, 255, 255),(255, 255, 255),(255, 255, 255),(255, 255, 255),(255, 255, 255),(255, 255, 255),(255, 255, 255),(255, 255, 255),(255, 255, 255),(255, 255, 255),(255, 255, 255),(255, 255, 255),(255, 255, 255),(255, 255, 255),(255, 255, 255),(255, 255, 255),(255, 255, 255),(255, 255, 255),(255, 255, 255),(255, 255, 255),(255, 255, 255),(255, 255, 255),(255, 255, 255),(255, 255, 255),(255, 255, 255),(255, 255, 255),(255, 255, 255),(255, 255, 255),(255, 255, 255),(255, 255, 255),(255, 255, 255),(255, 255, 255),(255, 255, 255),(255, 255, 255),(255, 255, 255),(255, 255, 255),(255, 255, 255),(255, 255, 255),(255, 255, 255),(255, 255, 255),(255, 255, 255),(255, 255, 255),(255, 255, 255),(255, 255, 255),(255, 255, 255),(255, 255, 255),(255, 255, 255),(255, 255, 255),(255, 255, 255),(255, 255, 255),(255, 255, 255),(255, 255, 255),(255, 255, 255),(255, 255, 255),(255, 255, 255),(255, 255, 255),(255, 255, 255),(255, 255, 255),(255, 255, 255),(255, 255, 255),(255, 255, 255),(255, 255, 255),(255, 255, 255),(255, 255, 255),(255, 255, 255),(255, 255, 255),(255, 255, 255),(255, 255, 255),(255, 255, 255),(255, 255, 255),(255, 255, 255),(255, 255, 255),(255, 255, 255),(255, 255, 255),(255, 255, 255),(255, 255, 255),(255, 255, 255),(255, 255, 255),(255, 255, 255),(255, 255, 255),(255, 255, 255),(255, 255, 255),(255, 255, 255),(255, 255, 255),(255, 255, 255),(255, 255, 255),(255, 255, 255),(255, 255, 255),(255, 255, 255),(255, 255, 255),(255, 255, 255),(255, 255, 255),(255, 255, 255),(255, 255, 255),(255, 255, 255),(255, 255, 255),(255, 255, 255),(255, 255, 255),(255, 255, 255),(255, 255, 255),(255, 255, 255),(255, 255, 255),(255, 255, 255),(255, 255, 255),(255, 255, 255),(255, 255, 255),(255, 255, 255),(255, 255, 255),(255, 255, 255),(255, 255, 255),(255, 255, 255),(255, 255, 255),(255, 255, 255),(255, 255, 255),(255, 255, 255),(255, 255, 255),(255, 255, 255),(255, 255, 255),(255, 255, 255),(255, 255, 255),(255, 255, 255),(255, 255, 255),(255, 255, 255),(255, 255, 255),(255, 255, 255),(255, 255, 255),(255, 255, 255),(255, 255, 255),(255, 255, 255),(255, 255, 255),(255, 255, 255),(255, 255, 255),(255, 255, 255),(255, 255, 255),(255, 255, 255),(255, 255, 255),(255, 255, 255),(255, 255, 255),(255, 255, 255),(255, 255, 255),(255, 255, 255),(255, 255, 255),(255, 255, 255),(255, 255, 255),(255, 255, 255),(255, 255, 255),(255, 255, 255),(255, 255, 255),(255, 255, 255),(255, 255, 255),(255, 255, 255),(255, 255, 255),(255, 255, 255),(255, 255, 255),(255, 255, 255),(255, 255, 255),(255, 255, 255),(255, 255, 255),(255, 255, 255),(255, 255, 255),(255, 255, 255),(255, 255, 255),(255, 255, 255),(255, 255, 255),(255, 255, 255),(255, 255, 255),(255, 255, 255),(255, 255, 255),(255, 255, 255),(255, 255, 255),(255, 255, 255),(255, 255, 255),(255, 255, 255),(255, 255, 255),(255, 255, 255),(255, 255, 255),(255, 255, 255),(255, 255, 255),(255, 255, 255),(255, 255, 255),(255, 255, 255),(255, 255, 255),(255, 255, 255),(255, 255, 255),(255, 255, 255),(255, 255, 255),(255, 255, 255),(255, 255, 255),(255, 255, 255),(255, 255, 255),(255, 255, 255),(255, 255, 255),(255, 255, 255),(255, 255, 255),(255, 255, 255),(255, 255, 255),(255, 255, 255),(255, 255, 255),(255, 255, 255),(255, 255, 255),(255, 255, 255),(255, 255, 255),(255, 255, 255),(255, 255, 255),(255, 255, 255),(255, 255, 255),(255, 255, 255),(255, 255, 255),(255, 255, 255),(255, 255, 255),(255, 255, 255),(255, 255, 255),(255, 255, 255),(255, 255, 255),(255, 255, 255),(255, 255, 255),(255, 255, 255),(255, 255, 255),(255, 255, 255),(255, 255, 255),(255, 255, 255),(255, 255, 255),(255, 255, 255),(255, 255, 255),(255, 255, 255),(255, 255, 255),(255, 255, 255),(255, 255, 255),(255, 255, 255),(255, 255, 255),(255, 255, 255),(255, 255, 255),(255, 255, 255),(255, 255, 255),(255, 255, 255),(255, 255, 255),(255, 255, 255),(255, 255, 255),(255, 255, 255),(255, 255, 255),(255, 255, 255),(255, 255, 255),(255, 255, 255),(255, 255, 255),(255, 255, 255),(255, 255, 255),(255, 255, 255),(255, 255, 255),(255, 255, 255),(255, 255, 255),(255, 255, 255),(255, 255, 255),(255, 255, 255),(255, 255, 255),(255, 255, 255),(255, 255, 255),(255, 255, 255),(255, 255, 255),(255, 255, 255),(255, 255, 255),(255, 255, 255),(255, 255, 255),(255, 255, 255),(255, 255, 255),(255, 255, 255),(255, 255, 255),(255, 255, 255),(255, 255, 255),(255, 255, 255),(255, 255, 255),(255, 255, 255),(255, 255, 255),(255, 255, 255),(255, 255, 255),(255, 255, 255),(255, 255, 255),(255, 255, 255),(255, 255, 255),(255, 255, 255),(255, 255, 255),(255, 255, 255),(255, 255, 255),(255, 255, 255),(255, 255, 255),(255, 255, 255),(255, 255, 255),(255, 255, 255),(255, 255, 255),(255, 255, 255),(255, 255, 255),(255, 255, 255),(255, 255, 255),(255, 255, 255),(255, 255, 255),(255, 255, 255),(255, 255, 255),(255, 255, 255),(255, 255, 255),(255, 255, 255),(255, 255, 255),(255, 255, 255),(255, 255, 255),(255, 255, 255),(255, 255, 255),(255, 255, 255),(255, 255, 255),(255, 255, 255),(255, 255, 255),(255, 255, 255),(255, 255, 255),(255, 255, 255),(255, 255, 255),(255, 255, 255),(255, 255, 255),(255, 255, 255),(255, 255, 255),(255, 255, 255),(255, 255, 255),(255, 255, 255),(255, 255, 255),(255, 255, 255),(255, 255, 255),(255, 255, 255),(255, 255, 255),(255, 255, 255),(255, 255, 255),(255, 255, 255),(255, 255, 255),(255, 255, 255),(255, 255, 255),(255, 255, 255),(255, 255, 255),(255, 255, 255),(255, 255, 255),(255, 255, 255),(255, 255, 255),(255, 255, 255),(255, 255, 255),(255, 255, 255),(255, 255, 255),(255, 255, 255),(255, 255, 255),(255, 255, 255),(255, 255, 255),(255, 255, 255),(255, 255, 255),(255, 255, 255),(255, 255, 255),(255, 255, 255),(255, 255, 255),(255, 255, 255),(255, 255, 255),(255, 255, 255),(255, 255, 255),(255, 255, 255),(255, 255, 255),(255, 255, 255),(255, 255, 255),(255, 255, 255),(255, 255, 255),(255, 255, 255),(255, 255, 255),(255, 255, 255),(255, 255, 255),(255, 255, 255),(255, 255, 255),(255, 255, 255),(255, 255, 255),(255, 255, 255),(255, 255, 255),(255, 255, 255),(255, 255, 255),(255, 255, 255),(255, 255, 255),(255, 255, 255),(255, 255, 255),(255, 255, 255),(255, 255, 255),(255, 255, 255),(255, 255, 255),(255, 255, 255),(255, 255, 255),(255, 255, 255),(255, 255, 255),(255, 255, 255),(255, 255, 255),(255, 255, 255),(255, 255, 255),(255, 255, 255),(255, 255, 255),(255, 255, 255),(255, 255, 255),(255, 255, 255),(255, 255, 255),(255, 255, 255),(255, 255, 255),(255, 255, 255),(255, 255, 255),(255, 255, 255),(255, 255, 255),(255, 255, 255),(255, 255, 255),(255, 255, 255),(255, 255, 255),(255, 255, 255),(255, 255, 255),(255, 255, 255),(255, 255, 255),(255, 255, 255),(255, 255, 255),(255, 255, 255),(255, 255, 255),(255, 255, 255),(255, 255, 255),(255, 255, 255),(255, 255, 255),(255, 255, 255),(255, 255, 255),(255, 255, 255),(255, 255, 255),(255, 255, 255),(255, 255, 255),(255, 255, 255),(255, 255, 255),(255, 255, 255),(255, 255, 255),(255, 255, 255),(255, 255, 255),(255, 255, 255),(255, 255, 255),(255, 255, 255),(255, 255, 255),(255, 255, 255),(255, 255, 255),(255, 255, 255),(255, 255, 255),(255, 255, 255),(255, 255, 255),(255, 255, 255),(255, 255, 255),(255, 255, 255),(255, 255, 255),(255, 255, 255),(255, 255, 255),(255, 255, 255),(255, 255, 255),(255, 255, 255),(255, 255, 255),(255, 255, 255),(255, 255, 255),(255, 255, 255),(255, 255, 255),(255, 255, 255),(255, 255, 255),(255, 255, 255),(255, 255, 255),(255, 255, 255),(255, 255, 255),(255, 255, 255),(255, 255, 255),(255, 255, 255),(255, 255, 255),(255, 255, 255),(255, 255, 255),(255, 255, 255),(255, 255, 255),(255, 255, 255),(255, 255, 255),(255, 255, 255),(255, 255, 255),(255, 255, 255),(255, 255, 255),(255, 255, 255),(255, 255, 255),(255, 255, 255),(255, 255, 255),(255, 255, 255),(255, 255, 255),(255, 255, 255),(255, 255, 255),(255, 255, 255),(255, 255, 255),(255, 255, 255),(255, 255, 255),(255, 255, 255),(255, 255, 255),(255, 255, 255),(255, 255, 255),(255, 255, 255),(255, 255, 255),(255, 255, 255),(255, 255, 255),(255, 255, 255),(255, 255, 255),(255, 255, 255),(255, 255, 255),(255, 255, 255),(255, 255, 255),(255, 255, 255),(255, 255, 255),(255, 255, 255),(255, 255, 255),(255, 255, 255),(255, 255, 255),(255, 255, 255),(255, 255, 255),(255, 255, 255),(255, 255, 255),(255, 255, 255),(255, 255, 255),(255, 255, 255),(255, 255, 255),(255, 255, 255),(255, 255, 255),(255, 255, 255),(255, 255, 255),(255, 255, 255),(255, 255, 255),(255, 255, 255),(255, 255, 255),(255, 255, 255),(255, 255, 255),(255, 255, 255),(255, 255, 255),(255, 255, 255),(255, 255, 255),(255, 255, 255),(255, 255, 255),(255, 255, 255),(255, 255, 255),(255, 255, 255),(255, 255, 255),(255, 255, 255),(255, 255, 255),(255, 255, 255),(255, 255, 255),(255, 255, 255),(255, 255, 255),(255, 255, 255),(255, 255, 255),(255, 255, 255),(255, 255, 255),(255, 255, 255),(255, 255, 255),(255, 255, 255),(255, 255, 255),(255, 255, 255),(255, 255, 255),(255, 255, 255),(255, 255, 255),(255, 255, 255),(255, 255, 255),(255, 255, 255),(255, 255, 255),(255, 255, 255),(255, 255, 255),(255, 255, 255),(255, 255, 255),(255, 255, 255),(255, 255, 255),(255, 255, 255),(255, 255, 255),(255, 255, 255),(255, 255, 255),(255, 255, 255),(255, 255, 255),(255, 255, 255),(255, 255, 255),(255, 255, 255),(255, 255, 255),(255, 255, 255),(255, 255, 255),(255, 255, 255),(255, 255, 255),(255, 255, 255),(255, 255, 255),(255, 255, 255),(255, 255, 255),(255, 255, 255),(255, 255, 255),(255, 255, 255),(255, 255, 255),(255, 255, 255),(255, 255, 255),(255, 255, 255),(255, 255, 255),(255, 255, 255),(255, 255, 255),(255, 255, 255),(255, 255, 255),(255, 255, 255),(255, 255, 255),(255, 255, 255),(255, 255, 255),(255, 255, 255),(255, 255, 255),(255, 255, 255),(255, 255, 255),(255, 255, 255),(255, 255, 255),(255, 255, 255),(255, 255, 255),(255, 255, 255),(255, 255, 255),(255, 255, 255),(255, 255, 255),(255, 255, 255),(255, 255, 255),(255, 255, 255),(255, 255, 255),(255, 255, 255),(255, 255, 255),(255, 255, 255),(255, 255, 255),(255, 255, 255),(255, 255, 255),(255, 255, 255),(255, 255, 255),(255, 255, 255),(255, 255, 255),(255, 255, 255),(255, 255, 255),(255, 255, 255),(255, 255, 255),(255, 255, 255),(255, 255, 255),(255, 255, 255),(255, 255, 255),(255, 255, 255),(255, 255, 255),(255, 255, 255),(255, 255, 255),(255, 255, 255),(255, 255, 255),(255, 255, 255),(255, 255, 255),(255, 255, 255),(255, 255, 255),(255, 255, 255),(255, 255, 255),(255, 255, 255),(255, 255, 255),(255, 255, 255),(255, 255, 255),(255, 255, 255),(255, 255, 255),(255, 255, 255),(255, 255, 255),(255, 255, 255),(255, 255, 255),(255, 255, 255),(255, 255, 255),(255, 255, 255),(255, 255, 255),(255, 255, 255),(255, 255, 255),(255, 255, 255),(255, 255, 255),(255, 255, 255),(255, 255, 255),(255, 255, 255),(255, 255, 255),(255, 255, 255),(255, 255, 255),(255, 255, 255),(255, 255, 255),(255, 255, 255),(255, 255, 255),(255, 255, 255),(255, 255, 255),(255, 255, 255),(255, 255, 255),(255, 255, 255),(255, 255, 255),(255, 255, 255),(255, 255, 255),(255, 255, 255),(255, 255, 255),(255, 255, 255),(255, 255, 255),(255, 255, 255),(255, 255, 255),(255, 255, 255),(255, 255, 255),(255, 255, 255),(255, 255, 255),(255, 255, 255),(255, 255, 255),(255, 255, 255),(255, 255, 255),(255, 255, 255),(255, 255, 255),(255, 255, 255),(255, 255, 255),(255, 255, 255),(255, 255, 255),(255, 255, 255),(255, 255, 255),(255, 255, 255),(255, 255, 255),(255, 255, 255),(255, 255, 255),(255, 255, 255),(255, 255, 255),(255, 255, 255),(255, 255, 255),(255, 255, 255),(255, 255, 255),(255, 255, 255),(255, 255, 255),(255, 255, 255),(255, 255, 255),(255, 255, 255),(255, 255, 255),(255, 255, 255),(255, 255, 255),(255, 255, 255),(255, 255, 255),(255, 255, 255),(255, 255, 255),(255, 255, 255),(255, 255, 255),(255, 255, 255),(255, 255, 255),(255, 255, 255),(255, 255, 255),(255, 255, 255),(255, 255, 255),(255, 255, 255),(255, 255, 255),(255, 255, 255),(255, 255, 255),(255, 255, 255),(255, 255, 255),(255, 255, 255),(255, 255, 255),(255, 255, 255),(255, 255, 255),(255, 255, 255),(255, 255, 255),(255, 255, 255),(255, 255, 255),(255, 255, 255),(255, 255, 255),(255, 255, 255),(255, 255, 255),(255, 255, 255),(255, 255, 255),(255, 255, 255),(255, 255, 255),(255, 255, 255),(255, 255, 255),(255, 255, 255),(255, 255, 255),(255, 255, 255),(255, 255, 255),(255, 255, 255),(255, 255, 255),(255, 255, 255),(255, 255, 255),(255, 255, 255),(255, 255, 255),(255, 255, 255),(255, 255, 255),(255, 255, 255),(255, 255, 255),(255, 255, 255),(255, 255, 255),(255, 255, 255),(255, 255, 255),(255, 255, 255),(255, 255, 255),(255, 255, 255),(255, 255, 255),(255, 255, 255),(255, 255, 255),(255, 255, 255),(255, 255, 255),(255, 255, 255),(255, 255, 255),(255, 255, 255),(255, 255, 255),(255, 255, 255),(255, 255, 255),(255, 255, 255),(255, 255, 255),(255, 255, 255),(255, 255, 255),(255, 255, 255),(255, 255, 255),(255, 255, 255),(255, 255, 255),(255, 255, 255),(255, 255, 255),(255, 255, 255),(255, 255, 255),(255, 255, 255),(255, 255, 255),(255, 255, 255),(255, 255, 255),(255, 255, 255),(255, 255, 255),(255, 255, 255),(255, 255, 255),(255, 255, 255),(255, 255, 255),(255, 255, 255),(255, 255, 255),(255, 255, 255),(255, 255, 255),(255, 255, 255),(255, 255, 255),(255, 255, 255),(255, 255, 255),(255, 255, 255),(255, 255, 255),(255, 255, 255),(255, 255, 255),(255, 255, 255),(255, 255, 255),(255, 255, 255),(255, 255, 255),(255, 255, 255),(255, 255, 255),(255, 255, 255),(255, 255, 255),(255, 255, 255),(255, 255, 255),(255, 255, 255),(255, 255, 255),(255, 255, 255),(255, 255, 255),(255, 255, 255),(255, 255, 255),(255, 255, 255),(255, 255, 255),(255, 255, 255),(255, 255, 255),(255, 255, 255),(255, 255, 255),(255, 255, 255),(255, 255, 255),(255, 255, 255),(255, 255, 255),(255, 255, 255),(255, 255, 255),(255, 255, 255),(255, 255, 255),(255, 255, 255),(255, 255, 255),(255, 255, 255),(255, 255, 255),(255, 255, 255),(255, 255, 255),(255, 255, 255),(255, 255, 255),(255, 255, 255),(255, 255, 255),(255, 255, 255),(255, 255, 255),(255, 255, 255),(255, 255, 255),(255, 255, 255),(255, 255, 255),(255, 255, 255),(255, 255, 255),(255, 255, 255),(255, 255, 255),(255, 255, 255),(255, 255, 255),(255, 255, 255),(255, 255, 255),(255, 255, 255),(255, 255, 255),(255, 255, 255),(255, 255, 255),(255, 255, 255),(255, 255, 255),(255, 255, 255),(255, 255, 255),(255, 255, 255),(255, 255, 255),(255, 255, 255),(255, 255, 255),(255, 255, 255),(255, 255, 255),(255, 255, 255),(255, 255, 255),(255, 255, 255),(255, 255, 255),(255, 255, 255),(255, 255, 255),(255, 255, 255),(255, 255, 255),(255, 255, 255),(255, 255, 255),(255, 255, 255),(255, 255, 255),(255, 255, 255),(255, 255, 255),(255, 255, 255),(255, 255, 255),(255, 255, 255),(255, 255, 255),(255, 255, 255),(255, 255, 255),(255, 255, 255),(255, 255, 255),(255, 255, 255),(255, 255, 255),(255, 255, 255),(255, 255, 255),(255, 255, 255),(255, 255, 255),(255, 255, 255),(255, 255, 255),(255, 255, 255),(255, 255, 255),(255, 255, 255),(255, 255, 255),(255, 255, 255),(255, 255, 255),(255, 255, 255),(255, 255, 255),(255, 255, 255),(255, 255, 255),(255, 255, 255),(255, 255, 255),(255, 255, 255),(255, 255, 255),(255, 255, 255),(255, 255, 255),(255, 255, 255),(255, 255, 255),(255, 255, 255),(255, 255, 255),(255, 255, 255),(255, 255, 255),(255, 255, 255),(255, 255, 255),(255, 255, 255),(255, 255, 255),(255, 255, 255),(255, 255, 255),(255, 255, 255),(255, 255, 255),(255, 255, 255),(255, 255, 255),(255, 255, 255),(255, 255, 255),(255, 255, 255),(255, 255, 255),(255, 255, 255),(255, 255, 255),(255, 255, 255),(255, 255, 255),(255, 255, 255),(255, 255, 255),(255, 255, 255),(255, 255, 255),(255, 255, 255),(255, 255, 255),(255, 255, 255),(255, 255, 255),(255, 255, 255),(255, 255, 255),(255, 255, 255),(255, 255, 255),(255, 255, 255),(255, 255, 255),(255, 255, 255),(255, 255, 255),(255, 255, 255),(255, 255, 255),(255, 255, 255),(255, 255, 255),(255, 255, 255),(255, 255, 255),(255, 255, 255),(255, 255, 255),(255, 255, 255),(255, 255, 255),(255, 255, 255),(255, 255, 255),(255, 255, 255),(255, 255, 255),(255, 255, 255),(255, 255, 255),(255, 255, 255),(255, 255, 255),(255, 255, 255),(255, 255, 255),(255, 255, 255),(255, 255, 255),(255, 255, 255),(255, 255, 255),(255, 255, 255),(255, 255, 255),(255, 255, 255),(255, 255, 255),(255, 255, 255),(255, 255, 255),(255, 255, 255),(255, 255, 255),(255, 255, 255),(255, 255, 255),(255, 255, 255),(255, 255, 255),(255, 255, 255),(255, 255, 255),(255, 255, 255),(255, 255, 255),(255, 255, 255),(255, 255, 255),(255, 255, 255),(255, 255, 255),(255, 255, 255),(255, 255, 255),(255, 255, 255),(255, 255, 255),(255, 255, 255),(255, 255, 255),(255, 255, 255),(255, 255, 255),(255, 255, 255),(255, 255, 255),(255, 255, 255),(255, 255, 255),(255, 255, 255),(255, 255, 255),(255, 255, 255),(255, 255, 255),(255, 255, 255),(255, 255, 255),(255, 255, 255),(255, 255, 255),(255, 255, 255),(255, 255, 255),(255, 255, 255),(255, 255, 255),(255, 255, 255),(255, 255, 255),(255, 255, 255),(255, 255, 255),(255, 255, 255),(255, 255, 255),(255, 255, 255),(255, 255, 255),(255, 255, 255),(255, 255, 255),(255, 255, 255),(255, 255, 255),(255, 255, 255),(255, 255, 255),(255, 255, 255),(255, 255, 255),(255, 255, 255),(255, 255, 255),(255, 255, 255),(255, 255, 255),(255, 255, 255),(255, 255, 255),(255, 255, 255),(255, 255, 255),(255, 255, 255),(255, 255, 255),(255, 255, 255),(255, 255, 255),(255, 255, 255),(255, 255, 255),(255, 255, 255),(255, 255, 255),(255, 255, 255),(255, 255, 255),(255, 255, 255),(255, 255, 255),(255, 255, 255),(255, 255, 255),(255, 255, 255),(255, 255, 255),(255, 255, 255),(255, 255, 255),(255, 255, 255),(255, 255, 255),(255, 255, 255),(255, 255, 255),(255, 255, 255),(255, 255, 255),(255, 255, 255),(255, 255, 255),(255, 255, 255),(255, 255, 255),(255, 255, 255),(255, 255, 255),(255, 255, 255),(255, 255, 255),(255, 255, 255),(255, 255, 255),(255, 255, 255),(255, 255, 255),(255, 255, 255),(255, 255, 255),(255, 255, 255),(255, 255, 255),(255, 255, 255),(255, 255, 255),(255, 255, 255),(255, 255, 255),(255, 255, 255),(255, 255, 255),(255, 255, 255),(255, 255, 255),(255, 255, 255),(255, 255, 255),(255, 255, 255),(255, 255, 255),(255, 255, 255),(255, 255, 255),(255, 255, 255),(255, 255, 255),(255, 255, 255),(255, 255, 255),(255, 255, 255),(255, 255, 255),(255, 255, 255),(255, 255, 255),(255, 255, 255),(255, 255, 255),(255, 255, 255),(255, 255, 255),(255, 255, 255),(255, 255, 255),(255, 255, 255),(255, 255, 255),(255, 255, 255),(255, 255, 255),(255, 255, 255),(255, 255, 255),(255, 255, 255),(255, 255, 255),(255, 255, 255),(255, 255, 255),(255, 255, 255),(255, 255, 255),(255, 255, 255),(255, 255, 255),(255, 255, 255),(255, 255, 255),(255, 255, 255),(255, 255, 255),(255, 255, 255),(255, 255, 255),(255, 255, 255),(255, 255, 255),(255, 255, 255),(255, 255, 255),(255, 255, 255),(255, 255, 255),(255, 255, 255),(255, 255, 255),(255, 255, 255),(255, 255, 255),(255, 255, 255),(255, 255, 255),(255, 255, 255),(255, 255, 255),(255, 255, 255),(255, 255, 255),(255, 255, 255),(255, 255, 255),(255, 255, 255),(255, 255, 255),(255, 255, 255),(255, 255, 255),(255, 255, 255),(255, 255, 255),(255, 255, 255),(255, 255, 255),(255, 255, 255),(255, 255, 255),(255, 255, 255),(255, 255, 255),(255, 255, 255),(255, 255, 255),(255, 255, 255),(255, 255, 255),(255, 255, 255),(255, 255, 255),(255, 255, 255),(255, 255, 255),(255, 255, 255),(255, 255, 255),(255, 255, 255),(255, 255, 255),(255, 255, 255),(255, 255, 255),(255, 255, 255),(255, 255, 255),(255, 255, 255),(255, 255, 255),(255, 255, 255),(255, 255, 255),(255, 255, 255),(255, 255, 255),(255, 255, 255),(255, 255, 255),(255, 255, 255),(255, 255, 255),(255, 255, 255),(255, 255, 255),(255, 255, 255),(255, 255, 255),(255, 255, 255),(255, 255, 255),(255, 255, 255),(255, 255, 255),(255, 255, 255),(255, 255, 255),(255, 255, 255),(255, 255, 255),(255, 255, 255),(255, 255, 255),(255, 255, 255),(255, 255, 255),(255, 255, 255),(255, 255, 255),(255, 255, 255),(255, 255, 255),(255, 255, 255),(255, 255, 255),(255, 255, 255),(255, 255, 255),(255, 255, 255),(255, 255, 255),(255, 255, 255),(255, 255, 255),(255, 255, 255),(255, 255, 255),(255, 255, 255),(255, 255, 255),(255, 255, 255),(255, 255, 255),(255, 255, 255),(255, 255, 255),(255, 255, 255),(255, 255, 255),(255, 255, 255),(255, 255, 255),(255, 255, 255),(255, 255, 255),(255, 255, 255),(255, 255, 255),(255, 255, 255),(255, 255, 255),(255, 255, 255),(255, 255, 255),(255, 255, 255),(255, 255, 255),(255, 255, 255),(255, 255, 255),(255, 255, 255),(255, 255, 255),(255, 255, 255),(255, 255, 255),(255, 255, 255),(255, 255, 255),(255, 255, 255),(255, 255, 255),(255, 255, 255),(255, 255, 255),(255, 255, 255),(255, 255, 255),(255, 255, 255),(255, 255, 255),(255, 255, 255),(255, 255, 255),(255, 255, 255),(255, 255, 255),(255, 255, 255),(255, 255, 255),(255, 255, 255),(255, 255, 255),(255, 255, 255),(255, 255, 255),(255, 255, 255),(255, 255, 255),(255, 255, 255),(255, 255, 255),(255, 255, 255),(255, 255, 255),(255, 255, 255),(255, 255, 255),(255, 255, 255),(255, 255, 255),(255, 255, 255),(255, 255, 255),(255, 255, 255),(255, 255, 255),(255, 255, 255),(255, 255, 255),(255, 255, 255),(255, 255, 255),(255, 255, 255),(255, 255, 255),(255, 255, 255),(255, 255, 255),(255, 255, 255),(255, 255, 255),(255, 255, 255),(255, 255, 255),(255, 255, 255),(255, 255, 255),(255, 255, 255),(255, 255, 255),(255, 255, 255),(255, 255, 255),(255, 255, 255),(255, 255, 255),(255, 255, 255),(255, 255, 255),(255, 255, 255),(255, 255, 255),(255, 255, 255),(255, 255, 255),(255, 255, 255),(255, 255, 255),(255, 255, 255),(255, 255, 255),(255, 255, 255),(255, 255, 255),(255, 255, 255),(255, 255, 255),(255, 255, 255),(255, 255, 255),(255, 255, 255),(255, 255, 255),(255, 255, 255),(255, 255, 255),(255, 255, 255),(255, 255, 255),(255, 255, 255),(255, 255, 255),(255, 255, 255),(255, 255, 255),(255, 255, 255),(255, 255, 255),(255, 255, 255),(255, 255, 255),(255, 255, 255),(255, 255, 255),(255, 255, 255),(255, 255, 255),(255, 255, 255),(255, 255, 255),(255, 255, 255),(255, 255, 255),(255, 255, 255),(255, 255, 255),(255, 255, 255),(255, 255, 255),(255, 255, 255),(255, 255, 255),(255, 255, 255),(255, 255, 255),(255, 255, 255),(255, 255, 255),(255, 255, 255),(255, 255, 255),(255, 255, 255),(255, 255, 255),(255, 255, 255),(255, 255, 255),(255, 255, 255),(255, 255, 255),(255, 255, 255),(255, 255, 255),(255, 255, 255),(255, 255, 255),(255, 255, 255),(255, 255, 255),(255, 255, 255),(255, 255, 255),(255, 255, 255),(255, 255, 255),(255, 255, 255),(255, 255, 255),(255, 255, 255),(255, 255, 255),(255, 255, 255),(255, 255, 255),(255, 255, 255),(255, 255, 255),(255, 255, 255),(255, 255, 255),(255, 255, 255),(255, 255, 255),(255, 255, 255),(255, 255, 255),(255, 255, 255),(255, 255, 255),(255, 255, 255),(255, 255, 255),(255, 255, 255),(255, 255, 255),(255, 255, 255),(255, 255, 255),(255, 255, 255),(255, 255, 255),(255, 255, 255),(255, 255, 255),(255, 255, 255),(255, 255, 255),(255, 255, 255),(255, 255, 255),(255, 255, 255),(255, 255, 255),(255, 255, 255),(255, 255, 255),(255, 255, 255),(255, 255, 255),(255, 255, 255),(255, 255, 255),(255, 255, 255),(255, 255, 255),(255, 255, 255),(255, 255, 255),(255, 255, 255),(255, 255, 255),(255, 255, 255),(255, 255, 255),(255, 255, 255),(255, 255, 255),(255, 255, 255),(255, 255, 255),(255, 255, 255),(255, 255, 255),(255, 255, 255),(255, 255, 255),(255, 255, 255),(255, 255, 255),(255, 255, 255),(255, 255, 255),(255, 255, 255),(255, 255, 255),(255, 255, 255),(255, 255, 255),(255, 255, 255),(255, 255, 255),(255, 255, 255),(255, 255, 255),(255, 255, 255),(255, 255, 255),(255, 255, 255),(255, 255, 255),(255, 255, 255),(255, 255, 255),(255, 255, 255),(255, 255, 255),(255, 255, 255),(255, 255, 255),(255, 255, 255),(255, 255, 255),(255, 255, 255),(255, 255, 255),(255, 255, 255),(255, 255, 255),(255, 255, 255),(255, 255, 255),(255, 255, 255),(255, 255, 255),(255, 255, 255),(255, 255, 255),(255, 255, 255),(255, 255, 255),(255, 255, 255),(255, 255, 255),(255, 255, 255),(255, 255, 255),(255, 255, 255),(255, 255, 255),(255, 255, 255),(255, 255, 255),(255, 255, 255),(255, 255, 255),(255, 255, 255),(255, 255, 255),(255, 255, 255),(255, 255, 255),(255, 255, 255),(255, 255, 255),(255, 255, 255),(255, 255, 255),(255, 255, 255),(255, 255, 255),(255, 255, 255),(255, 255, 255),(255, 255, 255),(255, 255, 255),(255, 255, 255),(255, 255, 255),(255, 255, 255),(255, 255, 255),(255, 255, 255),(255, 255, 255),(255, 255, 255),(255, 255, 255),(255, 255, 255),(255, 255, 255),(255, 255, 255),(255, 255, 255),(255, 255, 255),(255, 255, 255),(255, 255, 255),(255, 255, 255),(255, 255, 255),(255, 255, 255),(255, 255, 255),(255, 255, 255),(255, 255, 255),(255, 255, 255),(255, 255, 255),(255, 255, 255),(255, 255, 255),(255, 255, 255),(255, 255, 255),(255, 255, 255),(255, 255, 255),(255, 255, 255),(255, 255, 255),(255, 255, 255),(255, 255, 255),(255, 255, 255),(255, 255, 255),(255, 255, 255),(255, 255, 255),(255, 255, 255),(255, 255, 255),(255, 255, 255),(255, 255, 255),(255, 255, 255),(255, 255, 255),(255, 255, 255),(255, 255, 255),(255, 255, 255),(255, 255, 255),(255, 255, 255),(255, 255, 255),(255, 255, 255),(255, 255, 255),(255, 255, 255),(255, 255, 255),(255, 255, 255),(255, 255, 255),(255, 255, 255),(255, 255, 255),(255, 255, 255),(255, 255, 255),(255, 255, 255),(255, 255, 255),(255, 255, 255),(255, 255, 255),(255, 255, 255),(255, 255, 255),(255, 255, 255),(255, 255, 255),(255, 255, 255),(255, 255, 255),(255, 255, 255),(255, 255, 255),(255, 255, 255),(255, 255, 255),(255, 255, 255),(255, 255, 255),(255, 255, 255),(255, 255, 255),(255, 255, 255),(255, 255, 255),(255, 255, 255),(255, 255, 255),(255, 255, 255),(255, 255, 255),(255, 255, 255),(255, 255, 255),(255, 255, 255),(255, 255, 255),(255, 255, 255),(255, 255, 255),(255, 255, 255),(255, 255, 255),(255, 255, 255),(255, 255, 255),(255, 255, 255),(255, 255, 255),(255, 255, 255),(255, 255, 255),(255, 255, 255),(255, 255, 255),(255, 255, 255),(255, 255, 255),(255, 255, 255),(255, 255, 255),(255, 255, 255),(255, 255, 255),(255, 255, 255),(255, 255, 255),(255, 255, 255),(255, 255, 255),(255, 255, 255),(255, 255, 255),(255, 255, 255),(255, 255, 255),(255, 255, 255),(255, 255, 255),(255, 255, 255),(255, 255, 255),(255, 255, 255),(255, 255, 255),(255, 255, 255),(255, 255, 255),(255, 255, 255),(255, 255, 255),(255, 255, 255),(255, 255, 255),(255, 255, 255),(255, 255, 255),(255, 255, 255),(255, 255, 255),(255, 255, 255),(255, 255, 255),(255, 255, 255),(255, 255, 255),(255, 255, 255),(255, 255, 255),(255, 255, 255),(255, 255, 255),(255, 255, 255),(255, 255, 255),(255, 255, 255),(255, 255, 255),(255, 255, 255),(255, 255, 255),(255, 255, 255),(255, 255, 255),(255, 255, 255),(255, 255, 255),(255, 255, 255),(255, 255, 255),(255, 255, 255),(255, 255, 255),(255, 255, 255),(255, 255, 255),(255, 255, 255),(255, 255, 255),(255, 255, 255),(255, 255, 255),(255, 255, 255),(255, 255, 255),(255, 255, 255),(255, 255, 255),(255, 255, 255),(255, 255, 255),(255, 255, 255),(255, 255, 255),(255, 255, 255),(255, 255, 255),(255, 255, 255),(255, 255, 255),(255, 255, 255),(255, 255, 255),(255, 255, 255),(255, 255, 255),(255, 255, 255),(255, 255, 255),(255, 255, 255),(255, 255, 255),(255, 255, 255),(255, 255, 255),(255, 255, 255),(255, 255, 255),(255, 255, 255),(255, 255, 255),(255, 255, 255),(255, 255, 255),(255, 255, 255),(255, 255, 255),(255, 255, 255),(255, 255, 255),(255, 255, 255),(255, 255, 255),(255, 255, 255),(255, 255, 255),(255, 255, 255),(255, 255, 255),(255, 255, 255),(255, 255, 255),(255, 255, 255),(255, 255, 255),(255, 255, 255),(255, 255, 255),(255, 255, 255),(255, 255, 255),(255, 255, 255),(255, 255, 255),(255, 255, 255),(255, 255, 255),(255, 255, 255),(255, 255, 255),(255, 255, 255),(255, 255, 255),(255, 255, 255),(255, 255, 255),(255, 255, 255),(255, 255, 255),(255, 255, 255),(255, 255, 255),(255, 255, 255),(255, 255, 255),(255, 255, 255),(255, 255, 255),(255, 255, 255),(255, 255, 255),(255, 255, 255),(255, 255, 255),(255, 255, 255),(255, 255, 255),(255, 255, 255),(255, 255, 255),(255, 255, 255),(255, 255, 255),(255, 255, 255),(255, 255, 255),(255, 255, 255),(255, 255, 255),(255, 255, 255),(255, 255, 255),(255, 255, 255),(255, 255, 255),(255, 255, 255),(255, 255, 255),(255, 255, 255),(255, 255, 255),(255, 255, 255),(255, 255, 255),(255, 255, 255),(255, 255, 255),(255, 255, 255),(255, 255, 255),(255, 255, 255),(255, 255, 255),(255, 255, 255),(255, 255, 255),(255, 255, 255),(255, 255, 255),(255, 255, 255),(255, 255, 255),(255, 255, 255),(255, 255, 255),(255, 255, 255),(255, 255, 255),(255, 255, 255),(255, 255, 255),(255, 255, 255),(255, 255, 255),(255, 255, 255),(255, 255, 255),(255, 255, 255),(255, 255, 255),(255, 255, 255),(255, 255, 255),(255, 255, 255),(255, 255, 255),(255, 255, 255),(255, 255, 255),(255, 255, 255),(255, 255, 255),(255, 255, 255),(255, 255, 255),(255, 255, 255),(255, 255, 255),(255, 255, 255),(255, 255, 255),(255, 255, 255),(255, 255, 255),(255, 255, 255),(255, 255, 255),(255, 255, 255),(255, 255, 255),(255, 255, 255),(255, 255, 255),(255, 255, 255),(255, 255, 255),(255, 255, 255),(255, 255, 255),(255, 255, 255),(255, 255, 255),(255, 255, 255),(255, 255, 255),(255, 255, 255),(255, 255, 255),(255, 255, 255),(255, 255, 255),(255, 255, 255),(255, 255, 255),(255, 255, 255),(255, 255, 255),(255, 255, 255),(255, 255, 255),(255, 255, 255),(255, 255, 255),(255, 255, 255),(255, 255, 255),(255, 255, 255),(255, 255, 255),(255, 255, 255),(255, 255, 255),(255, 255, 255),(255, 255, 255),(255, 255, 255),(255, 255, 255),(255, 255, 255),(255, 255, 255),(255, 255, 255),(255, 255, 255),(255, 255, 255),(255, 255, 255),(255, 255, 255),(255, 255, 255),(255, 255, 255),(255, 255, 255),(255, 255, 255),(255, 255, 255),(255, 255, 255),(255, 255, 255),(255, 255, 255),(255, 255, 255),(255, 255, 255),(255, 255, 255),(255, 255, 255),(255, 255, 255),(255, 255, 255),(255, 255, 255),(255, 255, 255),(255, 255, 255),(255, 255, 255),(255, 255, 255),(255, 255, 255),(255, 255, 255),(255, 255, 255),(255, 255, 255),(255, 255, 255),(255, 255, 255),(255, 255, 255),(255, 255, 255),(255, 255, 255),(255, 255, 255),(255, 255, 255),(255, 255, 255),(255, 255, 255),(255, 255, 255),(255, 255, 255),(255, 255, 255),(255, 255, 255),(255, 255, 255),(255, 255, 255),(255, 255, 255),(255, 255, 255),(255, 255, 255),(255, 255, 255),(255, 255, 255),(255, 255, 255),(255, 255, 255),(255, 255, 255),(255, 255, 255),(255, 255, 255),(255, 255, 255),(255, 255, 255),(255, 255, 255),(255, 255, 255),(255, 255, 255),(255, 255, 255),(255, 255, 255),(255, 255, 255),(255, 255, 255),(255, 255, 255),(255, 255, 255),(255, 255, 255),(255, 255, 255),(255, 255, 255),(255, 255, 255),(255, 255, 255),(255, 255, 255),(255, 255, 255),(255, 255, 255),(255, 255, 255),(255, 255, 255),(255, 255, 255),(255, 255, 255),(255, 255, 255),(255, 255, 255),(255, 255, 255),(255, 255, 255),(255, 255, 255),(255, 255, 255),(255, 255, 255),(255, 255, 255),(255, 255, 255),(255, 255, 255),(255, 255, 255),(255, 255, 255),(255, 255, 255),(255, 255, 255),(255, 255, 255),(255, 255, 255),(255, 255, 255),(255, 255, 255),(255, 255, 255),(255, 255, 255),(255, 255, 255),(255, 255, 255),(255, 255, 255),(255, 255, 255),(255, 255, 255),(255, 255, 255),(255, 255, 255),(255, 255, 255),(255, 255, 255),(255, 255, 255),(255, 255, 255),(255, 255, 255),(255, 255, 255),(255, 255, 255),(255, 255, 255),(255, 255, 255),(255, 255, 255),(255, 255, 255),(255, 255, 255),(255, 255, 255),(255, 255, 255),(255, 255, 255),(255, 255, 255),(255, 255, 255),(255, 255, 255),(255, 255, 255),(255, 255, 255),(255, 255, 255),(255, 255, 255),(255, 255, 255),(255, 255, 255),(255, 255, 255),(255, 255, 255),(255, 255, 255),(255, 255, 255),(255, 255, 255),(255, 255, 255),(255, 255, 255),(255, 255, 255),(255, 255, 255),(255, 255, 255),(255, 255, 255),(255, 255, 255),(255, 255, 255),(255, 255, 255),(255, 255, 255),(255, 255, 255),(255, 255, 255),(255, 255, 255),(255, 255, 255),(255, 255, 255),(255, 255, 255),(255, 255, 255),(255, 255, 255),(255, 255, 255),(255, 255, 255),(255, 255, 255),(255, 255, 255),(255, 255, 255),(255, 255, 255),(255, 255, 255),(255, 255, 255),(255, 255, 255),(255, 255, 255),(255, 255, 255),(255, 255, 255),(255, 255, 255),(255, 255, 255),(255, 255, 255),(255, 255, 255),(255, 255, 255),(255, 255, 255),(255, 255, 255),(255, 255, 255),(255, 255, 255),(255, 255, 255),(255, 255, 255),(255, 255, 255),(255, 255, 255),(255, 255, 255),(255, 255, 255),(255, 255, 255),(255, 255, 255),(255, 255, 255),(255, 255, 255),(255, 255, 255),(255, 255, 255),(255, 255, 255),(255, 255, 255),(255, 255, 255),(255, 255, 255),(255, 255, 255),(255, 255, 255),(255, 255, 255),(255, 255, 255),(255, 255, 255),(255, 255, 255),(255, 255, 255),(255, 255, 255),(255, 255, 255),(255, 255, 255),(255, 255, 255),(255, 255, 255),(255, 255, 255),(255, 255, 255),(255, 255, 255),(255, 255, 255),(255, 255, 255),(255, 255, 255),(255, 255, 255),(255, 255, 255),(255, 255, 255),(255, 255, 255),(255, 255, 255),(255, 255, 255),(255, 255, 255),(255, 255, 255),(255, 255, 255),(255, 255, 255),(255, 255, 255),(255, 255, 255),(255, 255, 255),(255, 255, 255),(255, 255, 255),(255, 255, 255),(255, 255, 255),(255, 255, 255),(255, 255, 255),(255, 255, 255),(255, 255, 255),(255, 255, 255),(255, 255, 255),(255, 255, 255),(255, 255, 255),(255, 255, 255),(255, 255, 255),(255, 255, 255),(255, 255, 255),(255, 255, 255),(255, 255, 255),(255, 255, 255),(255, 255, 255),(255, 255, 255),(255, 255, 255),(255, 255, 255),(255, 255, 255),(255, 255, 255),(255, 255, 255),(255, 255, 255),(255, 255, 255),(255, 255, 255),(255, 255, 255),(255, 255, 255),(255, 255, 255),(255, 255, 255),(255, 255, 255),(255, 255, 255),(255, 255, 255),(255, 255, 255),(255, 255, 255),(255, 255, 255),(255, 255, 255),(255, 255, 255),(255, 255, 255),(255, 255, 255),(255, 255, 255),(255, 255, 255),(255, 255, 255),(255, 255, 255),(255, 255, 255),(255, 255, 255),(255, 255, 255),(255, 255, 255),(255, 255, 255),(255, 255, 255),(255, 255, 255),(255, 255, 255),(255, 255, 255),(255, 255, 255),(255, 255, 255),(255, 255, 255),(255, 255, 255),(255, 255, 255),(255, 255, 255),(255, 255, 255),(255, 255, 255),(255, 255, 255),(255, 255, 255),(255, 255, 255),(255, 255, 255),(255, 255, 255),(255, 255, 255),(255, 255, 255),(255, 255, 255),(255, 255, 255),(255, 255, 255),(255, 255, 255),(255, 255, 255),(255, 255, 255),(255, 255, 255),(255, 255, 255),(255, 255, 255),(255, 255, 255),(255, 255, 255),(255, 255, 255),(255, 255, 255),(255, 255, 255),(255, 255, 255),(255, 255, 255),(255, 255, 255),(255, 255, 255),(255, 255, 255),(255, 255, 255),(255, 255, 255),(255, 255, 255),(255, 255, 255),(255, 255, 255),(255, 255, 255),(255, 255, 255),(255, 255, 255),(255, 255, 255),(255, 255, 255),(255, 255, 255),(255, 255, 255),(255, 255, 255),(255, 255, 255),(255, 255, 255),(255, 255, 255),(255, 255, 255),(255, 255, 255),(255, 255, 255),(255, 255, 255),(255, 255, 255),(255, 255, 255),(255, 255, 255),(255, 255, 255),(255, 255, 255),(255, 255, 255),(255, 255, 255),(255, 255, 255),(255, 255, 255),(255, 255, 255),(255, 255, 255),(255, 255, 255),(255, 255, 255),(255, 255, 255),(255, 255, 255),(255, 255, 255),(255, 255, 255),(255, 255, 255),(255, 255, 255),(255, 255, 255),(255, 255, 255),(255, 255, 255),(255, 255, 255),(255, 255, 255),(255, 255, 255),(255, 255, 255),(255, 255, 255),(255, 255, 255),(255, 255, 255),(255, 255, 255),(255, 255, 255),(255, 255, 255),(255, 255, 255),(255, 255, 255),(255, 255, 255),(255, 255, 255),(255, 255, 255),(255, 255, 255),(255, 255, 255),(255, 255, 255),(255, 255, 255),(255, 255, 255),(255, 255, 255),(255, 255, 255),(255, 255, 255),(255, 255, 255),(255, 255, 255),(255, 255, 255),(255, 255, 255),(255, 255, 255),(255, 255, 255),(255, 255, 255),(255, 255, 255),(255, 255, 255),(255, 255, 255),(255, 255, 255),(255, 255, 255),(255, 255, 255),(255, 255, 255),(255, 255, 255),(255, 255, 255),(255, 255, 255),(255, 255, 255),(255, 255, 255),(255, 255, 255),(255, 255, 255),(255, 255, 255),(255, 255, 255),(255, 255, 255),(255, 255, 255),(255, 255, 255),(255, 255, 255),(255, 255, 255),(255, 255, 255),(255, 255, 255),(255, 255, 255),(255, 255, 255),(255, 255, 255),(255, 255, 255),(255, 255, 255),(255, 255, 255),(255, 255, 255),(255, 255, 255),(255, 255, 255),(255, 255, 255),(255, 255, 255),(255, 255, 255),(255, 255, 255),(255, 255, 255),(255, 255, 255),(255, 255, 255),(255, 255, 255),(255, 255, 255),(255, 255, 255),(255, 255, 255),(255, 255, 255),(255, 255, 255),(255, 255, 255),(255, 255, 255),(255, 255, 255),(255, 255, 255),(255, 255, 255),(255, 255, 255),(255, 255, 255),(255, 255, 255),(255, 255, 255),(255, 255, 255),(255, 255, 255),(255, 255, 255),(255, 255, 255),(255, 255, 255),(255, 255, 255),(255, 255, 255),(255, 255, 255),(255, 255, 255),(255, 255, 255),(255, 255, 255),(255, 255, 255),(255, 255, 255),(255, 255, 255),(255, 255, 255),(255, 255, 255),(255, 255, 255),(255, 255, 255),(255, 255, 255),(255, 255, 255),(255, 255, 255),(255, 255, 255),(255, 255, 255),(255, 255, 255),(255, 255, 255),(255, 255, 255),(255, 255, 255),(255, 255, 255),(255, 255, 255),(255, 255, 255),(255, 255, 255),(255, 255, 255),(255, 255, 255),(255, 255, 255),(255, 255, 255),(255, 255, 255),(255, 255, 255),(255, 255, 255),(255, 255, 255),(255, 255, 255),(255, 255, 255),(255, 255, 255),(255, 255, 255),(255, 255, 255),(255, 255, 255),(255, 255, 255),(255, 255, 255),(255, 255, 255),(255, 255, 255),(255, 255, 255),(255, 255, 255),(255, 255, 255),(255, 255, 255),(255, 255, 255),(255, 255, 255),(255, 255, 255),(255, 255, 255),(255, 255, 255),(255, 255, 255),(255, 255, 255),(255, 255, 255),(255, 255, 255),(255, 255, 255),(255, 255, 255),(255, 255, 255),(255, 255, 255),(255, 255, 255),(255, 255, 255),(255, 255, 255),(255, 255, 255),(255, 255, 255),(255, 255, 255),(255, 255, 255),(255, 255, 255),(255, 255, 255),(255, 255, 255),(255, 255, 255),(255, 255, 255),(255, 255, 255),(255, 255, 255),(255, 255, 255),(255, 255, 255),(255, 255, 255),(255, 255, 255),(255, 255, 255),(255, 255, 255),(255, 255, 255),(255, 255, 255),(255, 255, 255),(255, 255, 255),(255, 255, 255),(255, 255, 255),(255, 255, 255),(255, 255, 255),(255, 255, 255),(255, 255, 255),(255, 255, 255),(255, 255, 255),(255, 255, 255),(255, 255, 255),(255, 255, 255),(255, 255, 255),(255, 255, 255),(255, 255, 255),(255, 255, 255),(255, 255, 255),(255, 255, 255),(255, 255, 255),(255, 255, 255),(255, 255, 255),(255, 255, 255),(255, 255, 255),(255, 255, 255),(255, 255, 255),(255, 255, 255),(255, 255, 255),(255, 255, 255),(255, 255, 255),(255, 255, 255),(255, 255, 255),(255, 255, 255),(255, 255, 255),(255, 255, 255),(255, 255, 255),(255, 255, 255),(255, 255, 255),(255, 255, 255),(255, 255, 255),(255, 255, 255),(255, 255, 255),(255, 255, 255),(255, 255, 255),(255, 255, 255),(255, 255, 255),(255, 255, 255),(255, 255, 255),(255, 255, 255),(255, 255, 255),(255, 255, 255),(255, 255, 255),(255, 255, 255),(255, 255, 255),(255, 255, 255),(255, 255, 255),(255, 255, 255),(255, 255, 255),(255, 255, 255),(255, 255, 255),(255, 255, 255),(255, 255, 255),(255, 255, 255),(255, 255, 255),(255, 255, 255),(255, 255, 255),(255, 255, 255),(255, 255, 255),(255, 255, 255),(255, 255, 255),(255, 255, 255),(255, 255, 255),(255, 255, 255),(255, 255, 255),(255, 255, 255),(255, 255, 255),(255, 255, 255),(255, 255, 255),(255, 255, 255),(255, 255, 255),(255, 255, 255),(255, 255, 255),(255, 255, 255),(255, 255, 255),(255, 255, 255),(255, 255, 255),(255, 255, 255),(255, 255, 255),(255, 255, 255),(255, 255, 255),(255, 255, 255),(255, 255, 255),(255, 255, 255),(255, 255, 255),(255, 255, 255),(255, 255, 255),(255, 255, 255),(255, 255, 255),(255, 255, 255),(255, 255, 255),(255, 255, 255),(255, 255, 255),(255, 255, 255),(255, 255, 255),(255, 255, 255),(255, 255, 255),(255, 255, 255),(255, 255, 255),(255, 255, 255),(255, 255, 255),(255, 255, 255),(255, 255, 255),(255, 255, 255),(255, 255, 255),(255, 255, 255),(255, 255, 255),(255, 255, 255),(255, 255, 255),(255, 255, 255),(255, 255, 255),(255, 255, 255),(255, 255, 255),(255, 255, 255),(255, 255, 255),(255, 255, 255),(255, 255, 255),(255, 255, 255),(255, 255, 255),(255, 255, 255),(255, 255, 255),(255, 255, 255),(255, 255, 255),(255, 255, 255),(255, 255, 255),(255, 255, 255),(255, 255, 255),(255, 255, 255),(255, 255, 255),(255, 255, 255),(255, 255, 255),(255, 255, 255),(255, 255, 255),(255, 255, 255),(255, 255, 255),(255, 255, 255),(255, 255, 255),(255, 255, 255),(255, 255, 255),(255, 255, 255),(255, 255, 255),(255, 255, 255),(255, 255, 255),(255, 255, 255),(255, 255, 255),(255, 255, 255),(255, 255, 255),(255, 255, 255),(255, 255, 255),(255, 255, 255),(255, 255, 255),(255, 255, 255),(255, 255, 255),(255, 255, 255),(255, 255, 255),(255, 255, 255),(255, 255, 255),(255, 255, 255),(255, 255, 255),(255, 255, 255),(255, 255, 255),(255, 255, 255),(255, 255, 255),(255, 255, 255),(255, 255, 255),(255, 255, 255),(255, 255, 255),(255, 255, 255),(255, 255, 255),(255, 255, 255),(255, 255, 255),(255, 255, 255),(255, 255, 255),(255, 255, 255),(255, 255, 255),(255, 255, 255),(255, 255, 255),(255, 255, 255),(255, 255, 255),(255, 255, 255),(255, 255, 255),(255, 255, 255),(255, 255, 255),(255, 255, 255),(255, 255, 255),(255, 255, 255),(255, 255, 255),(255, 255, 255),(255, 255, 255),(255, 255, 255),(255, 255, 255),(255, 255, 255),(255, 255, 255),(255, 255, 255),(255, 255, 255),(255, 255, 255),(255, 255, 255),(255, 255, 255),(255, 255, 255),(255, 255, 255),(255, 255, 255),(255, 255, 255),(255, 255, 255),(255, 255, 255),(255, 255, 255),(255, 255, 255),(255, 255, 255),(255, 255, 255),(255, 255, 255),(255, 255, 255),(255, 255, 255),(255, 255, 255),(255, 255, 255),(255, 255, 255),(255, 255, 255),(255, 255, 255),(255, 255, 255),(255, 255, 255),(255, 255, 255),(255, 255, 255),(255, 255, 255),(255, 255, 255),(255, 255, 255),(255, 255, 255),(255, 255, 255),(255, 255, 255),(255, 255, 255),(255, 255, 255),(255, 255, 255),(255, 255, 255),(255, 255, 255),(255, 255, 255),(255, 255, 255),(255, 255, 255),(255, 255, 255),(255, 255, 255),(255, 255, 255),(255, 255, 255),(255, 255, 255),(255, 255, 255),(255, 255, 255),(255, 255, 255),(255, 255, 255),(255, 255, 255),(255, 255, 255),(255, 255, 255),(255, 255, 255),(255, 255, 255),(255, 255, 255),(255, 255, 255),(255, 255, 255),(255, 255, 255),(255, 255, 255),(255, 255, 255),(255, 255, 255),(255, 255, 255),(255, 255, 255),(255, 255, 255),(255, 255, 255),(255, 255, 255),(255, 255, 255),(255, 255, 255),(255, 255, 255),(255, 255, 255),(255, 255, 255),(255, 255, 255),(255, 255, 255),(255, 255, 255),(255, 255, 255),(255, 255, 255),(255, 255, 255),(255, 255, 255),(255, 255, 255),(255, 255, 255),(255, 255, 255),(255, 255, 255),(255, 255, 255),(255, 255, 255),(255, 255, 255),(255, 255, 255),(255, 255, 255),(255, 255, 255),(255, 255, 255),(255, 255, 255),(255, 255, 255),(255, 255, 255),(255, 255, 255),(255, 255, 255),(255, 255, 255),(255, 255, 255),(255, 255, 255),(255, 255, 255),(255, 255, 255),(255, 255, 255),(255, 255, 255),(255, 255, 255),(255, 255, 255),(255, 255, 255),(255, 255, 255),(255, 255, 255),(255, 255, 255),(255, 255, 255),(255, 255, 255),(255, 255, 255),(255, 255, 255),(255, 255, 255),(255, 255, 255),(255, 255, 255),(255, 255, 255),(255, 255, 255),(255, 255, 255),(255, 255, 255),(255, 255, 255),(255, 255, 255),(255, 255, 255),(255, 255, 255),(255, 255, 255),(255, 255, 255),(255, 255, 255),(255, 255, 255),(255, 255, 255),(255, 255, 255),(255, 255, 255),(255, 255, 255),(255, 255, 255),(255, 255, 255),(255, 255, 255),(255, 255, 255),(255, 255, 255),(255, 255, 255),(255, 255, 255),(255, 255, 255),(255, 255, 255),(255, 255, 255),(255, 255, 255),(255, 255, 255),(255, 255, 255),(255, 255, 255),(255, 255, 255),(255, 255, 255),(255, 255, 255),(255, 255, 255),(255, 255, 255),(255, 255, 255),(255, 255, 255),(255, 255, 255),(255, 255, 255),(255, 255, 255),(255, 255, 255),(255, 255, 255),(255, 255, 255),(255, 255, 255),(255, 255, 255),(255, 255, 255),(255, 255, 255),(255, 255, 255),(255, 255, 255),(255, 255, 255),(255, 255, 255),(255, 255, 255),(255, 255, 255),(255, 255, 255),(255, 255, 255),(255, 255, 255),(255, 255, 255),(255, 255, 255),(255, 255, 255),(255, 255, 255),(255, 255, 255),(255, 255, 255),(255, 255, 255),(255, 255, 255),(255, 255, 255),(255, 255, 255),(255, 255, 255),(255, 255, 255),(255, 255, 255),(255, 255, 255),(255, 255, 255),(255, 255, 255),(255, 255, 255),(255, 255, 255),(255, 255, 255),(255, 255, 255),(255, 255, 255),(255, 255, 255),(255, 255, 255),(255, 255, 255),(255, 255, 255),(255, 255, 255),(255, 255, 255),(255, 255, 255),(255, 255, 255),(255, 255, 255),(255, 255, 255),(255, 255, 255),(255, 255, 255),(255, 255, 255),(255, 255, 255),(255, 255, 255),(255, 255, 255),(255, 255, 255),(255, 255, 255),(255, 255, 255),(255, 255, 255),(255, 255, 255),(255, 255, 255),(255, 255, 255),(255, 255, 255),(255, 255, 255),(255, 255, 255),(255, 255, 255),(255, 255, 255),(255, 255, 255),(255, 255, 255),(255, 255, 255),(255, 255, 255),(255, 255, 255),(255, 255, 255),(255, 255, 255),(255, 255, 255),(255, 255, 255),(255, 255, 255),(255, 255, 255),(255, 255, 255),(255, 255, 255),(255, 255, 255),(255, 255, 255),(255, 255, 255),(255, 255, 255),(255, 255, 255),(255, 255, 255),(255, 255, 255),(255, 255, 255),(255, 255, 255),(255, 255, 255),(255, 255, 255),(255, 255, 255),(255, 255, 255),(255, 255, 255),(255, 255, 255),(255, 255, 255),(255, 255, 255),(255, 255, 255),(255, 255, 255),(255, 255, 255),(255, 255, 255),(255, 255, 255),(255, 255, 255),(255, 255, 255),(255, 255, 255),(255, 255, 255),(255, 255, 255),(255, 255, 255),(255, 255, 255),(255, 255, 255),(255, 255, 255),(255, 255, 255),(255, 255, 255),(255, 255, 255),(255, 255, 255),(255, 255, 255),(255, 255, 255),(255, 255, 255),(255, 255, 255),(255, 255, 255),(255, 255, 255),(255, 255, 255),(255, 255, 255),(255, 255, 255),(255, 255, 255),(255, 255, 255),(255, 255, 255),(255, 255, 255),(255, 255, 255),(255, 255, 255),(255, 255, 255),(255, 255, 255),(255, 255, 255),(255, 255, 255),(255, 255, 255),(255, 255, 255),(255, 255, 255),(255, 255, 255),(255, 255, 255),(255, 255, 255),(255, 255, 255),(255, 255, 255),(255, 255, 255),(255, 255, 255),(255, 255, 255),(255, 255, 255),(255, 255, 255),(255, 255, 255),(255, 255, 255),(255, 255, 255),(255, 255, 255),(255, 255, 255),(255, 255, 255),(255, 255, 255),(255, 255, 255),(255, 255, 255),(255, 255, 255),(255, 255, 255),(255, 255, 255),(255, 255, 255),(255, 255, 255),(255, 255, 255),(255, 255, 255),(255, 255, 255),(255, 255, 255),(255, 255, 255),(255, 255, 255),(255, 255, 255),(255, 255, 255),(255, 255, 255),(255, 255, 255),(255, 255, 255),(255, 255, 255),(255, 255, 255),(255, 255, 255),(255, 255, 255),(255, 255, 255),(255, 255, 255),(255, 255, 255),(255, 255, 255),(255, 255, 255),(255, 255, 255),(255, 255, 255),(255, 255, 255),(255, 255, 255),(255, 255, 255),(255, 255, 255),(255, 255, 255),(255, 255, 255),(255, 255, 255),(255, 255, 255),(255, 255, 255),(255, 255, 255),(255, 255, 255),(255, 255, 255),(255, 255, 255),(255, 255, 255),(255, 255, 255),(255, 255, 255),(255, 255, 255),(255, 255, 255),(255, 255, 255),(255, 255, 255),(255, 255, 255),(255, 255, 255),(255, 255, 255),(255, 255, 255),(255, 255, 255),(255, 255, 255),(255, 255, 255),(255, 255, 255),(255, 255, 255),(255, 255, 255),(255, 255, 255),(255, 255, 255),(255, 255, 255),(255, 255, 255),(255, 255, 255),(255, 255, 255),(255, 255, 255),(255, 255, 255),(255, 255, 255),(255, 255, 255),(255, 255, 255),(255, 255, 255),(255, 255, 255),(255, 255, 255),(255, 255, 255),(255, 255, 255),(255, 255, 255),(255, 255, 255),(255, 255, 255),(255, 255, 255),(255, 255, 255),(255, 255, 255),(255, 255, 255),(255, 255, 255),(255, 255, 255),(255, 255, 255),(255, 255, 255),(255, 255, 255),(255, 255, 255),(255, 255, 255),(255, 255, 255),(255, 255, 255),(255, 255, 255),(255, 255, 255),(255, 255, 255),(255, 255, 255),(255, 255, 255),(255, 255, 255),(255, 255, 255),(255, 255, 255),(255, 255, 255),(255, 255, 255),(255, 255, 255),(255, 255, 255),(255, 255, 255),(255, 255, 255),(255, 255, 255),(255, 255, 255),(255, 255, 255),(255, 255, 255),(255, 255, 255),(255, 255, 255),(255, 255, 255),(255, 255, 255),(255, 255, 255),(255, 255, 255),(255, 255, 255),(255, 255, 255),(255, 255, 255),(255, 255, 255),(255, 255, 255),(255, 255, 255),(255, 255, 255),(255, 255, 255),(255, 255, 255),(255, 255, 255),(255, 255, 255),(255, 255, 255),(255, 255, 255),(255, 255, 255),(255, 255, 255),(255, 255, 255),(255, 255, 255),(255, 255, 255),(255, 255, 255),(255, 255, 255),(255, 255, 255),(255, 255, 255),(255, 255, 255),(255, 255, 255),(255, 255, 255),(255, 255, 255),(255, 255, 255),(255, 255, 255),(255, 255, 255),(255, 255, 255),(255, 255, 255),(255, 255, 255),(255, 255, 255),(255, 255, 255),(255, 255, 255),(255, 255, 255),(255, 255, 255),(255, 255, 255),(255, 255, 255),(255, 255, 255),(255, 255, 255),(255, 255, 255),(255, 255, 255),(255, 255, 255),(255, 255, 255),(255, 255, 255),(255, 255, 255),(255, 255, 255),(255, 255, 255),(255, 255, 255),(255, 255, 255),(252, 252, 252),(252, 252, 252),(252, 252, 252),(252, 252, 252),(252, 252, 252),(252, 252, 252),(252, 252, 252),(252, 252, 252),(252, 252, 252),(252, 252, 252),(252, 252, 252),(252, 252, 252),(252, 252, 252),(252, 252, 252),(252, 252, 252),(252, 252, 252),(252, 252, 252),(252, 252, 252),(252, 252, 252),(252, 252, 252),(252, 252, 252),(252, 252, 252),(252, 252, 252),(252, 252, 252),(252, 252, 252),(252, 252, 252),(252, 252, 252),(252, 252, 252),(252, 252, 252),(252, 252, 252),(252, 252, 252),(252, 252, 252),(252, 252, 252),(252, 252, 252),(252, 252, 252),(252, 252, 252),(252, 252, 252),(252, 252, 252),(252, 252, 252),(252, 252, 252),(252, 252, 252),(252, 252, 252),(252, 252, 252),(252, 252, 252),(252, 252, 252),(252, 252, 252),(252, 252, 252),(252, 252, 252),(252, 252, 252),(252, 252, 252),(252, 252, 252),(252, 252, 252),(252, 252, 252),(252, 252, 252),(252, 252, 252),(252, 252, 252),(252, 252, 252),(252, 252, 252),(252, 252, 252),(252, 252, 252),(252, 252, 252),(252, 252, 252),(252, 252, 252),(252, 252, 252),(252, 252, 252),(252, 252, 252),(252, 252, 252),(252, 252, 252),(252, 252, 252),(252, 252, 252),(252, 252, 252),(252, 252, 252),(252, 252, 252),(252, 252, 252),(252, 252, 252),(252, 252, 252),(252, 252, 252),(252, 252, 252),(252, 252, 252),(252, 252, 252),(252, 252, 252),(252, 252, 252),(252, 252, 252),(252, 252, 252),(252, 252, 252),(252, 252, 252),(252, 252, 252),(252, 252, 252),(252, 252, 252),(252, 252, 252),(252, 252, 252),(252, 252, 252),(252, 252, 252),(252, 252, 252),(252, 252, 252),(252, 252, 252),(252, 252, 252),(252, 252, 252),(252, 252, 252),(252, 252, 252),(244, 244, 244),(244, 244, 244),(244, 244, 244),(244, 244, 244),(244, 244, 244),(244, 244, 244),(244, 244, 244),(244, 244, 244),(244, 244, 244),(244, 244, 244),(244, 244, 244),(244, 244, 244),(244, 244, 244),(244, 244, 244),(244, 244, 244),(244, 244, 244),(244, 244, 244),(244, 244, 244),(244, 244, 244),(244, 244, 244),(244, 244, 244),(244, 244, 244),(244, 244, 244),(244, 244, 244),(244, 244, 244),(244, 244, 244),(244, 244, 244),(244, 244, 244),(244, 244, 244),(244, 244, 244),(244, 244, 244),(244, 244, 244),(244, 244, 244),(244, 244, 244),(244, 244, 244),(244, 244, 244),(244, 244, 244),(244, 244, 244),(244, 244, 244),(244, 244, 244),(244, 244, 244),(244, 244, 244),(244, 244, 244),(244, 244, 244),(244, 244, 244),(244, 244, 244),(244, 244, 244),(244, 244, 244),(244, 244, 244),(244, 244, 244),(244, 244, 244),(244, 244, 244),(244, 244, 244),(244, 244, 244),(244, 244, 244),(244, 244, 244),(244, 244, 244),(244, 244, 244),(244, 244, 244),(244, 244, 244),(244, 244, 244),(244, 244, 244),(244, 244, 244),(244, 244, 244),(244, 244, 244),(244, 244, 244),(244, 244, 244),(244, 244, 244),(244, 244, 244),(244, 244, 244),(244, 244, 244),(244, 244, 244),(244, 244, 244),(244, 244, 244),(244, 244, 244),(244, 244, 244),(244, 244, 244),(244, 244, 244),(244, 244, 244),(244, 244, 244),(244, 244, 244),(244, 244, 244),(244, 244, 244),(244, 244, 244),(244, 244, 244),(244, 244, 244),(244, 244, 244),(244, 244, 244),(244, 244, 244),(244, 244, 244),(244, 244, 244),(244, 244, 244),(244, 244, 244),(244, 244, 244),(244, 244, 244),(244, 244, 244),(244, 244, 244),(244, 244, 244),(244, 244, 244),(244, 244, 244),(101, 102, 102),(101, 102, 102),(101, 102, 102),(101, 102, 102),(101, 102, 102),(101, 102, 102),(101, 102, 102),(101, 102, 102),(101, 102, 102),(101, 102, 102),(101, 102, 102),(101, 102, 102),(101, 102, 102),(101, 102, 102),(101, 102, 102),(101, 102, 102),(101, 102, 102),(101, 102, 102),(101, 102, 102),(101, 102, 102),(101, 102, 102),(101, 102, 102),(101, 102, 102),(101, 102, 102),(101, 102, 102),(101, 102, 102),(101, 102, 102),(101, 102, 102),(101, 102, 102),(101, 102, 102),(101, 102, 102),(101, 102, 102),(101, 102, 102),(101, 102, 102),(101, 102, 102),(101, 102, 102),(101, 102, 102),(101, 102, 102),(101, 102, 102),(101, 102, 102),(101, 102, 102),(101, 102, 102),(101, 102, 102),(101, 102, 102),(101, 102, 102),(101, 102, 102),(101, 102, 102),(101, 102, 102),(101, 102, 102),(101, 102, 102),(101, 102, 102),(101, 102, 102),(101, 102, 102),(101, 102, 102),(101, 102, 102),(101, 102, 102),(101, 102, 102),(101, 102, 102),(101, 102, 102),(101, 102, 102),(101, 102, 102),(101, 102, 102),(101, 102, 102),(101, 102, 102),(101, 102, 102),(101, 102, 102),(101, 102, 102),(101, 102, 102),(101, 102, 102),(101, 102, 102),(101, 102, 102),(101, 102, 102),(101, 102, 102),(101, 102, 102),(101, 102, 102),(101, 102, 102),(101, 102, 102),(101, 102, 102),(101, 102, 102),(101, 102, 102),(101, 102, 102),(101, 102, 102),(101, 102, 102),(101, 102, 102),(101, 102, 102),(101, 102, 102),(101, 102, 102),(101, 102, 102),(101, 102, 102),(101, 102, 102),(101, 102, 102),(101, 102, 102),(101, 102, 102),(101, 102, 102),(101, 102, 102),(101, 102, 102),(101, 102, 102),(101, 102, 102),(101, 102, 102),(101, 102, 102),(0, 0, 0),(0, 0, 0),(0, 0, 0),(0, 0, 0),(0, 0, 0),(0, 0, 0),(0, 0, 0),(0, 0, 0),(0, 0, 0),(0, 0, 0),(0, 0, 0),(0, 0, 0),(0, 0, 0),(0, 0, 0),(0, 0, 0),(0, 0, 0),(0, 0, 0),(0, 0, 0),(0, 0, 0),(0, 0, 0),(0, 0, 0),(0, 0, 0),(0, 0, 0),(0, 0, 0),(0, 0, 0),(0, 0, 0),(0, 0, 0),(0, 0, 0),(0, 0, 0),(0, 0, 0),(0, 0, 0),(0, 0, 0),(0, 0, 0),(0, 0, 0),(0, 0, 0),(0, 0, 0),(0, 0, 0),(0, 0, 0),(0, 0, 0),(0, 0, 0),(0, 0, 0),(0, 0, 0),(0, 0, 0),(0, 0, 0),(0, 0, 0),(0, 0, 0),(0, 0, 0),(0, 0, 0),(0, 0, 0),(0, 0, 0),(0, 0, 0),(0, 0, 0),(0, 0, 0),(0, 0, 0),(0, 0, 0),(0, 0, 0),(0, 0, 0),(0, 0, 0),(0, 0, 0),(0, 0, 0),(0, 0, 0),(0, 0, 0),(0, 0, 0),(0, 0, 0),(0, 0, 0),(0, 0, 0),(0, 0, 0),(0, 0, 0),(0, 0, 0),(0, 0, 0),(0, 0, 0),(0, 0, 0),(0, 0, 0),(0, 0, 0),(0, 0, 0),(0, 0, 0),(0, 0, 0),(0, 0, 0),(0, 0, 0),(0, 0, 0),(0, 0, 0),(0, 0, 0),(0, 0, 0),(0, 0, 0),(0, 0, 0),(0, 0, 0),(0, 0, 0),(0, 0, 0),(0, 0, 0),(0, 0, 0),(0, 0, 0),(0, 0, 0),(0, 0, 0),(0, 0, 0),(0, 0, 0),(0, 0, 0),(0, 0, 0),(0, 0, 0),(0, 0, 0),(0, 0, 0),(8, 11, 10),(8, 11, 10),(8, 11, 10),(8, 11, 10),(8, 11, 10),(8, 11, 10),(8, 11, 10),(8, 11, 10),(8, 11, 10),(8, 11, 10),(8, 11, 10),(8, 11, 10),(8, 11, 10),(8, 11, 10),(8, 11, 10),(8, 11, 10),(8, 11, 10),(8, 11, 10),(8, 11, 10),(8, 11, 10),(8, 11, 10),(8, 11, 10),(8, 11, 10),(8, 11, 10),(8, 11, 10),(8, 11, 10),(8, 11, 10),(8, 11, 10),(8, 11, 10),(8, 11, 10),(8, 11, 10),(8, 11, 10),(8, 11, 10),(8, 11, 10),(8, 11, 10),(8, 11, 10),(8, 11, 10),(8, 11, 10),(8, 11, 10),(8, 11, 10),(8, 11, 10),(8, 11, 10),(8, 11, 10),(8, 11, 10),(8, 11, 10),(8, 11, 10),(8, 11, 10),(8, 11, 10),(8, 11, 10),(8, 11, 10),(8, 11, 10),(8, 11, 10),(8, 11, 10),(8, 11, 10),(8, 11, 10),(8, 11, 10),(8, 11, 10),(8, 11, 10),(8, 11, 10),(8, 11, 10),(8, 11, 10),(8, 11, 10),(8, 11, 10),(8, 11, 10),(8, 11, 10),(8, 11, 10),(8, 11, 10),(8, 11, 10),(8, 11, 10),(8, 11, 10),(8, 11, 10),(8, 11, 10),(8, 11, 10),(8, 11, 10),(8, 11, 10),(8, 11, 10),(8, 11, 10),(8, 11, 10),(8, 11, 10),(8, 11, 10),(8, 11, 10),(8, 11, 10),(8, 11, 10),(8, 11, 10),(8, 11, 10),(8, 11, 10),(8, 11, 10),(8, 11, 10),(8, 11, 10),(8, 11, 10),(8, 11, 10),(8, 11, 10),(8, 11, 10),(8, 11, 10),(8, 11, 10),(8, 11, 10),(8, 11, 10),(8, 11, 10),(8, 11, 10),(8, 11, 10),(7, 9, 8),(7, 9, 8),(7, 9, 8),(7, 9, 8),(7, 9, 8),(7, 9, 8),(7, 9, 8),(7, 9, 8),(7, 9, 8),(7, 9, 8),(7, 9, 8),(7, 9, 8),(7, 9, 8),(7, 9, 8),(7, 9, 8),(7, 9, 8),(7, 9, 8),(7, 9, 8),(7, 9, 8),(7, 9, 8),(7, 9, 8),(7, 9, 8),(7, 9, 8),(7, 9, 8),(7, 9, 8),(7, 9, 8),(7, 9, 8),(7, 9, 8),(7, 9, 8),(7, 9, 8),(7, 9, 8),(7, 9, 8),(7, 9, 8),(7, 9, 8),(7, 9, 8),(7, 9, 8),(7, 9, 8),(7, 9, 8),(7, 9, 8),(7, 9, 8),(7, 9, 8),(7, 9, 8),(7, 9, 8),(7, 9, 8),(7, 9, 8),(7, 9, 8),(7, 9, 8),(7, 9, 8),(7, 9, 8),(7, 9, 8),(7, 9, 8),(7, 9, 8),(7, 9, 8),(7, 9, 8),(7, 9, 8),(7, 9, 8),(7, 9, 8),(7, 9, 8),(7, 9, 8),(7, 9, 8),(7, 9, 8),(7, 9, 8),(7, 9, 8),(7, 9, 8),(7, 9, 8),(7, 9, 8),(7, 9, 8),(7, 9, 8),(7, 9, 8),(7, 9, 8),(7, 9, 8),(7, 9, 8),(7, 9, 8),(7, 9, 8),(7, 9, 8),(7, 9, 8),(7, 9, 8),(7, 9, 8),(7, 9, 8),(7, 9, 8),(7, 9, 8),(7, 9, 8),(7, 9, 8),(7, 9, 8),(7, 9, 8),(7, 9, 8),(7, 9, 8),(7, 9, 8),(7, 9, 8),(7, 9, 8),(7, 9, 8),(7, 9, 8),(7, 9, 8),(7, 9, 8),(7, 9, 8),(7, 9, 8),(7, 9, 8),(7, 9, 8),(7, 9, 8),(7, 9, 8),(7, 9, 8),(7, 9, 8),(7, 9, 8),(7, 9, 8),(7, 9, 8),(7, 9, 8),(7, 9, 8),(7, 9, 8),(7, 9, 8),(7, 9, 8),(7, 9, 8),(7, 9, 8),(7, 9, 8),(7, 9, 8),(7, 9, 8),(7, 9, 8),(7, 9, 8),(7, 9, 8),(7, 9, 8),(7, 9, 8),(7, 9, 8),(7, 9, 8),(7, 9, 8),(7, 9, 8),(7, 9, 8),(7, 9, 8),(7, 9, 8),(7, 9, 8),(7, 9, 8),(7, 9, 8),(7, 9, 8),(7, 9, 8),(7, 9, 8),(7, 9, 8),(7, 9, 8),(7, 9, 8),(7, 9, 8),(7, 9, 8),(7, 9, 8),(7, 9, 8),(7, 9, 8),(7, 9, 8),(7, 9, 8),(7, 9, 8),(7, 9, 8),(7, 9, 8),(7, 9, 8),(7, 9, 8),(7, 9, 8),(7, 9, 8),(7, 9, 8),(7, 9, 8),(7, 9, 8),(7, 9, 8),(7, 9, 8),(7, 9, 8),(7, 9, 8),(7, 9, 8),(7, 9, 8),(7, 9, 8),(7, 9, 8),(7, 9, 8),(7, 9, 8),(7, 9, 8),(7, 9, 8),(7, 9, 8),(7, 9, 8),(7, 9, 8),(7, 9, 8),(7, 9, 8),(7, 9, 8),(7, 9, 8),(7, 9, 8),(7, 9, 8),(7, 9, 8),(7, 9, 8),(7, 9, 8),(7, 9, 8),(7, 9, 8),(7, 9, 8),(7, 9, 8),(7, 9, 8),(7, 9, 8),(7, 9, 8),(7, 9, 8),(7, 9, 8),(7, 9, 8),(7, 9, 8),(7, 9, 8),(7, 9, 8),(7, 9, 8),(7, 9, 8),(7, 9, 8),(7, 9, 8),(7, 9, 8),(7, 9, 8),(7, 9, 8),(7, 9, 8),(7, 9, 8),(7, 9, 8),(7, 9, 8),(7, 9, 8),(7, 9, 8),(7, 9, 8),(7, 9, 8),(7, 9, 8),(7, 9, 8),(7, 9, 8),(7, 9, 8),(7, 9, 8),(7, 9, 8),(7, 9, 8),(7, 9, 8),(7, 9, 8),(7, 9, 8),(7, 9, 8),(7, 9, 8),(7, 9, 8),(7, 9, 8),(7, 9, 8),(7, 9, 8),(7, 9, 8),(7, 9, 8),(7, 9, 8),(7, 9, 8),(7, 9, 8),(7, 9, 8),(7, 9, 8),(7, 9, 8),(7, 9, 8),(7, 9, 8),(7, 9, 8),(7, 9, 8),(7, 9, 8),(7, 9, 8),(7, 9, 8),(7, 9, 8),(7, 9, 8),(7, 9, 8),(7, 9, 8),(7, 9, 8),(7, 9, 8),(7, 9, 8),(7, 9, 8),(7, 9, 8),(7, 9, 8),(7, 9, 8),(7, 9, 8),(7, 9, 8),(7, 9, 8),(7, 9, 8),(7, 9, 8),(7, 9, 8),(7, 9, 8),(7, 9, 8),(7, 9, 8),(7, 9, 8),(7, 9, 8),(7, 9, 8),(7, 9, 8),(7, 9, 8),(7, 9, 8),(7, 9, 8),(7, 9, 8),(7, 9, 8),(7, 9, 8),(7, 9, 8),(7, 9, 8),(7, 9, 8),(7, 9, 8),(7, 9, 8),(7, 9, 8),(7, 9, 8),(7, 9, 8),(7, 9, 8),(7, 9, 8),(7, 9, 8),(7, 9, 8),(7, 9, 8),(7, 9, 8),(7, 9, 8),(7, 9, 8),(7, 9, 8),(7, 9, 8),(7, 9, 8),(7, 9, 8),(7, 9, 8),(7, 9, 8),(7, 9, 8),(7, 9, 8),(7, 9, 8),(7, 9, 8),(7, 9, 8),(7, 9, 8),(7, 9, 8),(7, 9, 8),(7, 9, 8),(7, 9, 8),(7, 9, 8),(7, 9, 8),(7, 9, 8),(7, 9, 8),(7, 9, 8),(7, 9, 8),(7, 9, 8),(7, 9, 8),(7, 9, 8),(7, 9, 8),(7, 9, 8),(7, 9, 8),(7, 9, 8),(7, 9, 8),(7, 9, 8),(7, 9, 8),(7, 9, 8),(7, 9, 8),(7, 9, 8),(7, 9, 8),(7, 9, 8),(7, 9, 8),(7, 9, 8),(7, 9, 8),(7, 9, 8),(7, 9, 8),(7, 9, 8),(7, 9, 8),(7, 9, 8),(7, 9, 8),(7, 9, 8),(7, 9, 8),(7, 9, 8),(7, 9, 8),(7, 9, 8),(7, 9, 8),(7, 9, 8),(7, 9, 8),(7, 9, 8),(7, 9, 8),(7, 9, 8),(7, 9, 8),(7, 9, 8),(7, 9, 8),(7, 9, 8),(7, 9, 8),(7, 9, 8),(7, 9, 8),(7, 9, 8),(7, 9, 8),(7, 9, 8),(7, 9, 8),(7, 9, 8),(7, 9, 8),(7, 9, 8),(7, 9, 8),(7, 9, 8),(7, 9, 8),(7, 9, 8),(7, 9, 8),(7, 9, 8),(7, 9, 8),(7, 9, 8),(7, 9, 8),(7, 9, 8),(7, 9, 8),(7, 9, 8),(7, 9, 8),(7, 9, 8),(7, 9, 8),(7, 9, 8),(7, 9, 8),(7, 9, 8),(7, 9, 8),(7, 9, 8),(7, 9, 8),(7, 9, 8),(7, 9, 8),(7, 9, 8),(7, 9, 8),(7, 9, 8),(7, 9, 8),(7, 9, 8),(7, 9, 8),(7, 9, 8),(7, 9, 8),(7, 9, 8),(7, 9, 8),(7, 9, 8),(7, 9, 8),(7, 9, 8),(7, 9, 8),(7, 9, 8),(7, 9, 8),(7, 9, 8),(7, 9, 8),(7, 9, 8),(7, 9, 8),(7, 9, 8),(7, 9, 8),(7, 9, 8),(7, 9, 8),(7, 9, 8),(7, 9, 8),(7, 9, 8),(7, 9, 8),(7, 9, 8),(7, 9, 8),(7, 9, 8),(7, 9, 8),(7, 9, 8),(7, 9, 8),(7, 9, 8),(7, 9, 8),(7, 9, 8),(7, 9, 8),(7, 9, 8),(7, 9, 8),(7, 9, 8),(7, 9, 8),(7, 9, 8),(7, 9, 8),(7, 9, 8),(7, 9, 8),(7, 9, 8),(7, 9, 8),(7, 9, 8),(7, 9, 8),(7, 9, 8),(7, 9, 8),(7, 9, 8),(7, 9, 8),(7, 9, 8),(7, 9, 8),(7, 9, 8),(7, 9, 8),(7, 9, 8),(7, 9, 8),(7, 9, 8),(7, 9, 8),(7, 9, 8),(7, 9, 8),(7, 9, 8),(7, 9, 8),(7, 9, 8),(7, 9, 8),(7, 9, 8),(7, 9, 8),(7, 9, 8),(7, 9, 8),(7, 9, 8),(7, 9, 8),(7, 9, 8),(7, 9, 8),(7, 9, 8),(7, 9, 8),(7, 9, 8),(7, 9, 8),(7, 9, 8),(7, 9, 8),(7, 9, 8),(7, 9, 8),(7, 9, 8),(7, 9, 8),(7, 9, 8),(7, 9, 8),(7, 9, 8),(7, 9, 8),(7, 9, 8),(7, 9, 8),(7, 9, 8),(7, 9, 8),(7, 9, 8),(7, 9, 8),(7, 9, 8),(7, 9, 8),(7, 9, 8),(7, 9, 8),(7, 9, 8),(7, 9, 8),(7, 9, 8),(7, 9, 8),(7, 9, 8),(7, 9, 8),(7, 9, 8),(7, 9, 8),(7, 9, 8),(7, 9, 8),(7, 9, 8),(7, 9, 8),(7, 9, 8),(7, 9, 8),(7, 9, 8),(7, 9, 8),(7, 9, 8),(7, 9, 8),(7, 9, 8),(7, 9, 8),(7, 9, 8),(7, 9, 8),(7, 9, 8),(7, 9, 8),(7, 9, 8),(7, 9, 8),(7, 9, 8),(7, 9, 8),(7, 9, 8),(7, 9, 8),(7, 9, 8),(7, 9, 8),(7, 9, 8),(7, 9, 8),(7, 9, 8),(7, 9, 8),(7, 9, 8),(7, 9, 8),(7, 9, 8),(7, 9, 8),(7, 9, 8),(7, 9, 8),(7, 9, 8),(7, 9, 8),(7, 9, 8),(7, 9, 8),(7, 9, 8),(7, 9, 8),(7, 9, 8),(7, 9, 8),(7, 9, 8),(7, 9, 8),(7, 9, 8),(7, 9, 8),(7, 9, 8),(7, 9, 8),(7, 9, 8),(7, 9, 8),(7, 9, 8),(7, 9, 8),(7, 9, 8),(7, 9, 8),(7, 9, 8),(7, 9, 8),(7, 9, 8),(7, 9, 8),(7, 9, 8),(7, 9, 8),(7, 9, 8),(7, 9, 8),(7, 9, 8),(7, 9, 8),(7, 9, 8),(7, 9, 8),(7, 9, 8),(7, 9, 8),(7, 9, 8),(7, 9, 8),(7, 9, 8),(7, 9, 8),(7, 9, 8),(7, 9, 8),(7, 9, 8),(7, 9, 8),(7, 9, 8),(7, 9, 8),(7, 9, 8),(7, 9, 8),(7, 9, 8),(7, 9, 8),(7, 9, 8),(7, 9, 8),(7, 9, 8),(7, 9, 8),(7, 9, 8),(7, 9, 8),(7, 9, 8),(7, 9, 8),(7, 9, 8),(7, 9, 8),(7, 9, 8),(7, 9, 8),(7, 9, 8),(7, 9, 8),(7, 9, 8),(7, 9, 8),(7, 9, 8),(7, 9, 8),(7, 9, 8),(7, 9, 8),(7, 9, 8),(7, 9, 8),(7, 9, 8),(7, 9, 8),(7, 9, 8),(7, 9, 8),(7, 9, 8),(7, 9, 8),(7, 9, 8),(7, 9, 8),(7, 9, 8),(7, 9, 8),(7, 9, 8),(7, 9, 8),(7, 9, 8),(7, 9, 8),(7, 9, 8),(7, 9, 8),(7, 9, 8),(7, 9, 8),(7, 9, 8),(7, 9, 8),(7, 9, 8),(7, 9, 8),(7, 9, 8),(7, 9, 8),(7, 9, 8),(7, 9, 8),(7, 9, 8),(7, 9, 8),(7, 9, 8),(7, 9, 8),(7, 9, 8),(7, 9, 8),(7, 9, 8),(7, 9, 8),(7, 9, 8),(7, 9, 8),(7, 9, 8),(7, 9, 8),(7, 9, 8),(7, 9, 8),(7, 9, 8),(7, 9, 8),(7, 9, 8),(7, 9, 8),(7, 9, 8),(7, 9, 8),(7, 9, 8),(7, 9, 8),(7, 9, 8),(7, 9, 8),(7, 9, 8),(7, 9, 8),(7, 9, 8),(7, 9, 8),(7, 9, 8),(7, 9, 8),(7, 9, 8),(7, 9, 8),(7, 9, 8),(7, 9, 8),(7, 9, 8),(7, 9, 8),(7, 9, 8),(7, 9, 8),(7, 9, 8),(7, 9, 8),(7, 9, 8),(7, 9, 8),(7, 9, 8),(7, 9, 8),(7, 9, 8),(7, 9, 8),(7, 9, 8),(7, 9, 8),(7, 9, 8),(7, 9, 8),(7, 9, 8),(7, 9, 8),(7, 9, 8),(7, 9, 8),(7, 9, 8),(7, 9, 8),(7, 9, 8),(7, 9, 8),(7, 9, 8),(7, 9, 8),(7, 9, 8),(7, 9, 8),(7, 9, 8),(7, 9, 8),(7, 9, 8),(7, 9, 8),(7, 9, 8),(7, 9, 8),(7, 9, 8),(7, 9, 8),(7, 9, 8),(7, 9, 8),(7, 9, 8),(7, 9, 8),(7, 9, 8),(7, 9, 8),(7, 9, 8),(7, 9, 8),(7, 9, 8),(7, 9, 8),(7, 9, 8),(7, 9, 8),(7, 9, 8),(7, 9, 8),(7, 9, 8),(7, 9, 8),(7, 9, 8),(7, 9, 8),(7, 9, 8),(7, 9, 8),(7, 9, 8),(7, 9, 8),(7, 9, 8),(7, 9, 8),(7, 9, 8),(7, 9, 8),(7, 9, 8),(7, 9, 8),(7, 9, 8),(7, 9, 8),(7, 9, 8),(7, 9, 8),(7, 9, 8),(7, 9, 8),(7, 9, 8),(7, 9, 8),(7, 9, 8),(7, 9, 8),(7, 9, 8),(7, 9, 8),(7, 9, 8),(7, 9, 8),(7, 9, 8),(7, 9, 8),(7, 9, 8),(7, 9, 8),(7, 9, 8),(7, 9, 8),(7, 9, 8),(7, 9, 8),(7, 9, 8),(7, 9, 8),(7, 9, 8),(7, 9, 8),(7, 9, 8),(7, 9, 8),(7, 9, 8),(7, 9, 8),(7, 9, 8),(7, 9, 8),(7, 9, 8),(7, 9, 8),(7, 9, 8),(7, 9, 8),(7, 9, 8),(7, 9, 8),(7, 9, 8),(7, 9, 8),(7, 9, 8),(7, 9, 8),(7, 9, 8),(7, 9, 8),(7, 9, 8),(7, 9, 8),(7, 9, 8),(7, 9, 8),(7, 9, 8),(7, 9, 8),(7, 9, 8),(7, 9, 8),(7, 9, 8),(7, 9, 8),(7, 9, 8),(7, 9, 8),(7, 9, 8),(7, 9, 8),(7, 9, 8),(7, 9, 8),(7, 9, 8),(7, 9, 8),(7, 9, 8),(7, 9, 8),(7, 9, 8),(7, 9, 8),(7, 9, 8),(7, 9, 8),(7, 9, 8),(7, 9, 8),(7, 9, 8),(7, 9, 8),(7, 9, 8),(7, 9, 8),(7, 9, 8),(7, 9, 8),(7, 9, 8),(7, 9, 8),(7, 9, 8),(7, 9, 8),(7, 9, 8),(7, 9, 8),(7, 9, 8),(7, 9, 8),(7, 9, 8),(7, 9, 8),(7, 9, 8),(7, 9, 8),(7, 9, 8),(7, 9, 8),(7, 9, 8),(7, 9, 8),(7, 9, 8),(7, 9, 8),(7, 9, 8),(7, 9, 8),(7, 9, 8),(7, 9, 8),(7, 9, 8),(7, 9, 8),(7, 9, 8),(7, 9, 8),(7, 9, 8),(7, 9, 8),(7, 9, 8),(7, 9, 8),(7, 9, 8),(7, 9, 8),(7, 9, 8),(7, 9, 8),(7, 9, 8),(7, 9, 8),(7, 9, 8),(7, 9, 8),(7, 9, 8),(7, 9, 8),(7, 9, 8),(7, 9, 8),(7, 9, 8),(7, 9, 8),(7, 9, 8),(7, 9, 8),(7, 9, 8),(7, 9, 8),(7, 9, 8),(7, 9, 8),(7, 9, 8),(7, 9, 8),(7, 9, 8),(7, 9, 8),(7, 9, 8),(7, 9, 8),(7, 9, 8),(7, 9, 8),(7, 9, 8),(7, 9, 8),(7, 9, 8),(7, 9, 8),(7, 9, 8),(7, 9, 8),(7, 9, 8),(7, 9, 8),(7, 9, 8),(7, 9, 8),(7, 9, 8),(7, 9, 8),(7, 9, 8),(7, 9, 8),(7, 9, 8),(7, 9, 8),(7, 9, 8),(7, 9, 8),(7, 9, 8),(7, 9, 8),(7, 9, 8),(7, 9, 8),(7, 9, 8),(7, 9, 8),(7, 9, 8),(7, 9, 8),(7, 9, 8),(7, 9, 8),(7, 9, 8),(7, 9, 8),(7, 9, 8),(7, 9, 8),(7, 9, 8),(7, 9, 8),(7, 9, 8),(7, 9, 8),(7, 9, 8),(7, 9, 8),(7, 9, 8),(7, 9, 8),(7, 9, 8),(7, 9, 8),(7, 9, 8),(7, 9, 8),(7, 9, 8),(7, 9, 8),(7, 9, 8),(7, 9, 8),(7, 9, 8),(7, 9, 8),(7, 9, 8),(7, 9, 8),(7, 9, 8),(7, 9, 8),(7, 9, 8),(7, 9, 8),(7, 9, 8),(7, 9, 8),(7, 9, 8),(7, 9, 8),(7, 9, 8),(7, 9, 8),(7, 9, 8),(7, 9, 8),(7, 9, 8),(7, 9, 8),(7, 9, 8),(7, 9, 8),(7, 9, 8),(7, 9, 8),(7, 9, 8),(7, 9, 8),(7, 9, 8),(7, 9, 8),(7, 9, 8),(7, 9, 8),(7, 9, 8),(7, 9, 8),(7, 9, 8),(7, 9, 8),(7, 9, 8),(7, 9, 8),(7, 9, 8),(7, 9, 8),(7, 9, 8),(7, 9, 8),(7, 9, 8),(7, 9, 8),(7, 9, 8),(7, 9, 8),(7, 9, 8),(7, 9, 8),(7, 9, 8),(7, 9, 8),(7, 9, 8),(7, 9, 8),(7, 9, 8),(7, 9, 8),(7, 9, 8),(7, 9, 8),(7, 9, 8),(7, 9, 8),(7, 9, 8),(7, 9, 8),(7, 9, 8),(7, 9, 8),(7, 9, 8),(7, 9, 8),(7, 9, 8),(7, 9, 8),(7, 9, 8),(7, 9, 8),(7, 9, 8),(7, 9, 8),(7, 9, 8),(7, 9, 8),(7, 9, 8),(7, 9, 8),(7, 9, 8),(7, 9, 8),(7, 9, 8),(7, 9, 8),(7, 9, 8),(7, 9, 8),(7, 9, 8),(7, 9, 8),(7, 9, 8),(7, 9, 8),(7, 9, 8),(7, 9, 8),(7, 9, 8),(7, 9, 8),(7, 9, 8),(7, 9, 8),(7, 9, 8),(7, 9, 8),(7, 9, 8),(7, 9, 8),(7, 9, 8),(7, 9, 8),(7, 9, 8),(7, 9, 8),(7, 9, 8),(7, 9, 8),(7, 9, 8),(7, 9, 8),(7, 9, 8),(7, 9, 8),(7, 9, 8),(7, 9, 8),(7, 9, 8),(7, 9, 8),(7, 9, 8),(7, 9, 8),(7, 9, 8),(7, 9, 8),(7, 9, 8),(7, 9, 8),(7, 9, 8),(7, 9, 8),(7, 9, 8),(7, 9, 8),(7, 9, 8),(7, 9, 8),(7, 9, 8),(7, 9, 8),(7, 9, 8),(7, 9, 8),(7, 9, 8),(7, 9, 8),(7, 9, 8),(7, 9, 8),(7, 9, 8),(7, 9, 8),(7, 9, 8),(7, 9, 8),(7, 9, 8),(7, 9, 8),(7, 9, 8),(7, 9, 8),(7, 9, 8),(7, 9, 8),(7, 9, 8),(7, 9, 8),(7, 9, 8),(7, 9, 8),(7, 9, 8),(7, 9, 8),(7, 9, 8),(7, 9, 8),(7, 9, 8),(7, 9, 8),(7, 9, 8),(7, 9, 8),(7, 9, 8),(7, 9, 8),(7, 9, 8),(7, 9, 8),(7, 9, 8),(7, 9, 8),(7, 9, 8),(7, 9, 8),(7, 9, 8),(7, 9, 8),(7, 9, 8),(7, 9, 8),(7, 9, 8),(7, 9, 8),(7, 9, 8),(7, 9, 8),(7, 9, 8),(7, 9, 8),(7, 9, 8),(7, 9, 8),(7, 9, 8),(7, 9, 8),(7, 9, 8),(7, 9, 8),(7, 9, 8),(7, 9, 8),(7, 9, 8),(7, 9, 8),(7, 9, 8),(7, 9, 8),(7, 9, 8),(7, 9, 8),(7, 9, 8),(7, 9, 8),(7, 9, 8),(7, 9, 8),(7, 9, 8),(7, 9, 8),(7, 9, 8),(7, 9, 8),(7, 9, 8),(7, 9, 8),(7, 9, 8),(7, 9, 8),(7, 9, 8),(7, 9, 8),(7, 9, 8),(7, 9, 8),(7, 9, 8),(7, 9, 8),(7, 9, 8),(7, 9, 8),(7, 9, 8),(7, 9, 8),(7, 9, 8),(7, 9, 8),(7, 9, 8),(7, 9, 8),(7, 9, 8),(7, 9, 8),(7, 9, 8),(7, 9, 8),(7, 9, 8),(7, 9, 8),(7, 9, 8),(7, 9, 8),(7, 9, 8),(7, 9, 8),(7, 9, 8),(7, 9, 8),(7, 9, 8),(7, 9, 8),(7, 9, 8),(7, 9, 8),(7, 9, 8),(7, 9, 8),(7, 9, 8),(7, 9, 8),(7, 9, 8),(7, 9, 8),(7, 9, 8),(7, 9, 8),(7, 9, 8),(7, 9, 8),(7, 9, 8),(7, 9, 8),(7, 9, 8),(7, 9, 8),(7, 9, 8),(7, 9, 8),(7, 9, 8),(7, 9, 8),(7, 9, 8),(7, 9, 8),(7, 9, 8),(7, 9, 8),(7, 9, 8),(7, 9, 8),(7, 9, 8),(7, 9, 8),(7, 9, 8),(7, 9, 8),(7, 9, 8),(7, 9, 8),(7, 9, 8),(7, 9, 8),(7, 9, 8),(7, 9, 8),(7, 9, 8),(7, 9, 8),(7, 9, 8),(7, 9, 8),(7, 9, 8),(7, 9, 8),(7, 9, 8),(7, 9, 8),(7, 9, 8),(7, 9, 8),(7, 9, 8),(7, 9, 8),(7, 9, 8),(7, 9, 8),(7, 9, 8),(7, 9, 8),(7, 9, 8),(7, 9, 8),(7, 9, 8),(7, 9, 8),(7, 9, 8),(7, 9, 8),(7, 9, 8),(7, 9, 8),(7, 9, 8),(7, 9, 8),(7, 9, 8),(7, 9, 8),(7, 9, 8),(7, 9, 8),(7, 9, 8),(7, 9, 8),(7, 9, 8),(7, 9, 8),(7, 9, 8),(7, 9, 8),(7, 9, 8),(7, 9, 8),(7, 9, 8),(7, 9, 8),(7, 9, 8),(7, 9, 8),(7, 9, 8),(7, 9, 8),(7, 9, 8),(7, 9, 8),(7, 9, 8),(7, 9, 8),(7, 9, 8),(7, 9, 8),(7, 9, 8),(7, 9, 8),(7, 9, 8),(7, 9, 8),(7, 9, 8),(7, 9, 8),(7, 9, 8),(7, 9, 8),(7, 9, 8),(7, 9, 8),(7, 9, 8),(7, 9, 8),(7, 9, 8),(7, 9, 8),(7, 9, 8),(7, 9, 8),(7, 9, 8),(7, 9, 8),(7, 9, 8),(7, 9, 8),(7, 9, 8),(7, 9, 8),(7, 9, 8),(7, 9, 8),(7, 9, 8),(7, 9, 8),(7, 9, 8),(7, 9, 8),(7, 9, 8),(7, 9, 8),(7, 9, 8),(7, 9, 8),(7, 9, 8),(7, 9, 8),(7, 9, 8),(7, 9, 8),(7, 9, 8),(7, 9, 8),(7, 9, 8),(7, 9, 8),(7, 9, 8),(7, 9, 8),(7, 9, 8),(7, 9, 8),(7, 9, 8),(7, 9, 8),(7, 9, 8),(7, 9, 8),(7, 9, 8),(7, 9, 8),(7, 9, 8),(7, 9, 8),(7, 9, 8),(7, 9, 8),(7, 9, 8),(7, 9, 8),(7, 9, 8),(7, 9, 8),(7, 9, 8),(7, 9, 8),(7, 9, 8),(7, 9, 8),(7, 9, 8),(7, 9, 8),(7, 9, 8),(7, 9, 8),(7, 9, 8),(7, 9, 8),(7, 9, 8),(7, 9, 8),(7, 9, 8),(7, 9, 8),(7, 9, 8),(7, 9, 8),(7, 9, 8),(7, 9, 8),(7, 9, 8),(7, 9, 8),(7, 9, 8),(7, 9, 8),(7, 9, 8),(7, 9, 8),(7, 9, 8),(7, 9, 8),(7, 9, 8),(7, 9, 8),(7, 9, 8),(7, 9, 8),(7, 9, 8),(7, 9, 8),(7, 9, 8),(7, 9, 8),(7, 9, 8),(7, 9, 8),(7, 9, 8),(7, 9, 8),(7, 9, 8),(7, 9, 8),(7, 9, 8),(7, 9, 8),(7, 9, 8),(7, 9, 8),(7, 9, 8),(7, 9, 8),(7, 9, 8),(7, 9, 8),(7, 9, 8),(7, 9, 8),(7, 9, 8),(7, 9, 8),(7, 9, 8),(7, 9, 8),(7, 9, 8),(7, 9, 8),(7, 9, 8),(7, 9, 8),(7, 9, 8),(7, 9, 8),(7, 9, 8),(7, 9, 8),(7, 9, 8),(7, 9, 8),(7, 9, 8),(7, 9, 8),(7, 9, 8),(7, 9, 8),(7, 9, 8),(7, 9, 8),(7, 9, 8),(7, 9, 8),(7, 9, 8),(7, 9, 8),(7, 9, 8),(7, 9, 8),(7, 9, 8),(7, 9, 8),(7, 9, 8),(7, 9, 8),(7, 9, 8),(7, 9, 8),(7, 9, 8),(7, 9, 8),(7, 9, 8),(7, 9, 8),(7, 9, 8),(7, 9, 8),(7, 9, 8),(7, 9, 8),(7, 9, 8),(7, 9, 8),(7, 9, 8),(7, 9, 8),(7, 9, 8),(7, 9, 8),(7, 9, 8),(7, 9, 8),(7, 9, 8),(7, 9, 8),(7, 9, 8),(7, 9, 8),(7, 9, 8),(7, 9, 8),(7, 9, 8),(7, 9, 8),(7, 9, 8),(7, 9, 8),(7, 9, 8),(7, 9, 8),(7, 9, 8),(7, 9, 8),(7, 9, 8),(7, 9, 8),(7, 9, 8),(7, 9, 8),(7, 9, 8),(7, 9, 8),(7, 9, 8),(7, 9, 8),(7, 9, 8),(7, 9, 8),(7, 9, 8),(7, 9, 8),(7, 9, 8),(7, 9, 8),(7, 9, 8),(7, 9, 8),(7, 9, 8),(7, 9, 8),(7, 9, 8),(7, 9, 8),(7, 9, 8),(7, 9, 8),(7, 9, 8),(7, 9, 8),(7, 9, 8),(7, 9, 8),(7, 9, 8),(7, 9, 8),(7, 9, 8),(7, 9, 8),(7, 9, 8),(7, 9, 8),(7, 9, 8),(7, 9, 8),(7, 9, 8),(7, 9, 8),(7, 9, 8),(7, 9, 8),(7, 9, 8),(7, 9, 8),(7, 9, 8),(7, 9, 8),(7, 9, 8),(7, 9, 8),(7, 9, 8),(7, 9, 8),(7, 9, 8),(7, 9, 8),(7, 9, 8),(7, 9, 8),(7, 9, 8),(7, 9, 8),(7, 9, 8),(7, 9, 8),(7, 9, 8),(7, 9, 8),(7, 9, 8),(7, 9, 8),(7, 9, 8),(7, 9, 8),(7, 9, 8),(7, 9, 8),(7, 9, 8),(7, 9, 8),(7, 9, 8),(7, 9, 8),(7, 9, 8),(7, 9, 8),(7, 9, 8),(7, 9, 8),(7, 9, 8),(7, 9, 8),(7, 9, 8),(7, 9, 8),(7, 9, 8),(7, 9, 8),(7, 9, 8),(7, 9, 8),(7, 9, 8),(7, 9, 8),(7, 9, 8),(7, 9, 8),(7, 9, 8),(7, 9, 8),(7, 9, 8),(7, 9, 8),(7, 9, 8),(7, 9, 8),(7, 9, 8),(7, 9, 8),(7, 9, 8),(7, 9, 8),(7, 9, 8),(7, 9, 8),(7, 9, 8),(7, 9, 8),(7, 9, 8),(7, 9, 8),(7, 9, 8),(7, 9, 8),(7, 9, 8),(7, 9, 8),(7, 9, 8),(7, 9, 8),(7, 9, 8),(7, 9, 8),(7, 9, 8),(7, 9, 8),(7, 9, 8),(7, 9, 8),(7, 9, 8),(7, 9, 8),(7, 9, 8),(7, 9, 8),(7, 9, 8),(7, 9, 8),(7, 9, 8),(7, 9, 8),(7, 9, 8),(7, 9, 8),(7, 9, 8),(7, 9, 8),(7, 9, 8),(7, 9, 8),(7, 9, 8),(7, 9, 8),(7, 9, 8),(7, 9, 8),(7, 9, 8),(7, 9, 8),(7, 9, 8),(7, 9, 8),(7, 9, 8),(7, 9, 8),(7, 9, 8),(7, 9, 8),(7, 9, 8),(7, 9, 8),(7, 9, 8),(7, 9, 8),(7, 9, 8),(7, 9, 8),(7, 9, 8),(7, 9, 8),(7, 9, 8),(7, 9, 8),(7, 9, 8),(7, 9, 8),(7, 9, 8),(7, 9, 8),(7, 9, 8),(7, 9, 8),(7, 9, 8),(7, 9, 8),(7, 9, 8),(7, 9, 8),(7, 9, 8),(7, 9, 8),(7, 9, 8),(7, 9, 8),(7, 9, 8),(7, 9, 8),(7, 9, 8),(7, 9, 8),(7, 9, 8),(7, 9, 8),(7, 9, 8),(7, 9, 8),(7, 9, 8),(7, 9, 8),(7, 9, 8),(7, 9, 8),(7, 9, 8),(7, 9, 8),(7, 9, 8),(7, 9, 8),(7, 9, 8),(7, 9, 8),(7, 9, 8),(7, 9, 8),(7, 9, 8),(7, 9, 8),(7, 9, 8),(7, 9, 8),(7, 9, 8),(7, 9, 8),(7, 9, 8),(7, 9, 8),(7, 9, 8),(7, 9, 8),(7, 9, 8),(7, 9, 8),(7, 9, 8),(7, 9, 8),(7, 9, 8),(7, 9, 8),(7, 9, 8),(7, 9, 8),(7, 9, 8),(7, 9, 8),(7, 9, 8),(7, 9, 8),(7, 9, 8),(7, 9, 8),(7, 9, 8),(7, 9, 8),(7, 9, 8),(7, 9, 8),(7, 9, 8),(7, 9, 8),(7, 9, 8),(7, 9, 8),(7, 9, 8),(7, 9, 8),(7, 9, 8),(7, 9, 8),(7, 9, 8),(7, 9, 8),(7, 9, 8),(7, 9, 8),(7, 9, 8),(7, 9, 8),(7, 9, 8),(7, 9, 8),(7, 9, 8),(7, 9, 8),(7, 9, 8),(7, 9, 8),(7, 9, 8),(7, 9, 8),(7, 9, 8),(7, 9, 8),(7, 9, 8),(7, 9, 8),(7, 9, 8),(7, 9, 8),(7, 9, 8),(7, 9, 8),(7, 9, 8),(7, 9, 8),(7, 9, 8),(7, 9, 8),(7, 9, 8),(7, 9, 8),(7, 9, 8),(7, 9, 8),(7, 9, 8),(7, 9, 8),(7, 9, 8),(7, 9, 8),(7, 9, 8),(7, 9, 8),(7, 9, 8),(7, 9, 8),(7, 9, 8),(7, 9, 8),(7, 9, 8),(7, 9, 8),(7, 9, 8),(7, 9, 8),(7, 9, 8),(7, 9, 8),(7, 9, 8),(7, 9, 8),(7, 9, 8),(7, 9, 8),(7, 9, 8),(7, 9, 8),(7, 9, 8),(7, 9, 8),(7, 9, 8),(7, 9, 8),(7, 9, 8),(7, 9, 8),(7, 9, 8),(7, 9, 8),(7, 9, 8),(7, 9, 8),(7, 9, 8),(7, 9, 8),(7, 9, 8),(7, 9, 8),(7, 9, 8),(7, 9, 8),(7, 9, 8),(7, 9, 8),(7, 9, 8),(7, 9, 8),(7, 9, 8),(7, 9, 8),(7, 9, 8),(7, 9, 8),(7, 9, 8),(7, 9, 8),(7, 9, 8),(7, 9, 8),(7, 9, 8),(7, 9, 8),(7, 9, 8),(7, 9, 8),(7, 9, 8),(7, 9, 8),(7, 9, 8),(7, 9, 8),(7, 9, 8),(7, 9, 8),(7, 9, 8),(7, 9, 8),(7, 9, 8),(7, 9, 8),(7, 9, 8),(7, 9, 8),(7, 9, 8),(7, 9, 8),(7, 9, 8),(7, 9, 8),(7, 9, 8),(7, 9, 8),(7, 9, 8),(7, 9, 8),(7, 9, 8),(7, 9, 8),(7, 9, 8),(7, 9, 8),(7, 9, 8),(7, 9, 8),(7, 9, 8),(7, 9, 8),(7, 9, 8),(7, 9, 8),(7, 9, 8),(7, 9, 8),(7, 9, 8),(7, 9, 8),(7, 9, 8),(7, 9, 8),(7, 9, 8),(7, 9, 8),(7, 9, 8),(7, 9, 8),(7, 9, 8),(7, 9, 8),(7, 9, 8),(7, 9, 8),(7, 9, 8),(7, 9, 8),(7, 9, 8),(7, 9, 8),(7, 9, 8),(7, 9, 8),(7, 9, 8),(7, 9, 8),(7, 9, 8),(7, 9, 8),(7, 9, 8),(7, 9, 8),(7, 9, 8),(7, 9, 8),(7, 9, 8),(7, 9, 8),(7, 9, 8),(7, 9, 8),(7, 9, 8),(7, 9, 8),(7, 9, 8),(7, 9, 8),(7, 9, 8),(7, 9, 8),(7, 9, 8),(7, 9, 8),(7, 9, 8),(7, 9, 8),(7, 9, 8),(7, 9, 8),(7, 9, 8),(7, 9, 8),(7, 9, 8),(7, 9, 8),(7, 9, 8),(7, 9, 8),(7, 9, 8),(7, 9, 8),(7, 9, 8),(7, 9, 8),(7, 9, 8),(7, 9, 8),(7, 9, 8),(7, 9, 8),(7, 9, 8),(7, 9, 8),(7, 9, 8),(7, 9, 8),(7, 9, 8),(7, 9, 8),(7, 9, 8),(7, 9, 8),(7, 9, 8),(7, 9, 8),(7, 9, 8),(7, 9, 8),(7, 9, 8),(7, 9, 8),(7, 9, 8),(7, 9, 8),(7, 9, 8),(7, 9, 8),(7, 9, 8),(7, 9, 8),(7, 9, 8),(7, 9, 8),(7, 9, 8),(7, 9, 8),(7, 9, 8),(7, 9, 8),(7, 9, 8),(7, 9, 8),(7, 9, 8),(7, 9, 8),(7, 9, 8),(7, 9, 8),(7, 9, 8),(7, 9, 8),(7, 9, 8),(7, 9, 8),(7, 9, 8),(7, 9, 8),(7, 9, 8),(7, 9, 8),(7, 9, 8),(7, 9, 8),(7, 9, 8),(7, 9, 8),(7, 9, 8),(7, 9, 8),(7, 9, 8),(7, 9, 8),(7, 9, 8),(7, 9, 8),(7, 9, 8),(7, 9, 8),(7, 9, 8),(7, 9, 8),(7, 9, 8),(7, 9, 8),(7, 9, 8),(7, 9, 8),(7, 9, 8),(7, 9, 8),(7, 9, 8),(7, 9, 8),(7, 9, 8),(7, 9, 8),(7, 9, 8),(7, 9, 8),(7, 9, 8),(7, 9, 8),(7, 9, 8),(7, 9, 8),(7, 9, 8),(7, 9, 8),(7, 9, 8),(7, 9, 8),(7, 9, 8),(7, 9, 8),(7, 9, 8),(7, 9, 8),(7, 9, 8),(7, 9, 8),(7, 9, 8),(7, 9, 8),(7, 9, 8),(7, 9, 8),(7, 9, 8),(7, 9, 8),(7, 9, 8),(7, 9, 8),(7, 9, 8),(7, 9, 8),(7, 9, 8),(7, 9, 8),(7, 9, 8),(7, 9, 8),(7, 9, 8),(7, 9, 8),(7, 9, 8),(7, 9, 8),(7, 9, 8),(7, 9, 8),(7, 9, 8),(7, 9, 8),(7, 9, 8),(7, 9, 8),(7, 9, 8),(7, 9, 8),(7, 9, 8),(7, 9, 8),(7, 9, 8),(7, 9, 8),(7, 9, 8),(7, 9, 8),(7, 9, 8),(7, 9, 8),(7, 9, 8),(7, 9, 8),(7, 9, 8),(7, 9, 8),(7, 9, 8),(7, 9, 8),(7, 9, 8),(7, 9, 8),(7, 9, 8),(7, 9, 8),(7, 9, 8),(7, 9, 8),(7, 9, 8),(7, 9, 8),(7, 9, 8),(7, 9, 8),(7, 9, 8),(7, 9, 8),(7, 9, 8),(7, 9, 8),(7, 9, 8),(7, 9, 8),(7, 9, 8),(7, 9, 8),(7, 9, 8),(7, 9, 8),(7, 9, 8),(7, 9, 8),(7, 9, 8),(7, 9, 8),(7, 9, 8),(7, 9, 8),(7, 9, 8),(7, 9, 8),(7, 9, 8),(7, 9, 8),(7, 9, 8),(7, 9, 8),(7, 9, 8),(7, 9, 8),(7, 9, 8),(7, 9, 8),(7, 9, 8),(7, 9, 8),(7, 9, 8),(7, 9, 8),(7, 9, 8),(7, 9, 8),(7, 9, 8),(7, 9, 8),(7, 9, 8),(7, 9, 8),(7, 9, 8),(7, 9, 8),(7, 9, 8),(7, 9, 8),(7, 9, 8),(7, 9, 8),(7, 9, 8),(7, 9, 8),(7, 9, 8),(7, 9, 8),(7, 9, 8),(7, 9, 8),(7, 9, 8),(7, 9, 8),(7, 9, 8),(7, 9, 8),(7, 9, 8),(7, 9, 8),(7, 9, 8),(7, 9, 8),(7, 9, 8),(7, 9, 8),(7, 9, 8),(7, 9, 8),(7, 9, 8),(7, 9, 8),(7, 9, 8),(7, 9, 8),(7, 9, 8),(7, 9, 8),(7, 9, 8),(7, 9, 8),(7, 9, 8),(7, 9, 8),(7, 9, 8),(7, 9, 8),(7, 9, 8),(7, 9, 8),(7, 9, 8),(7, 9, 8),(7, 9, 8),(7, 9, 8),(7, 9, 8),(7, 9, 8),(7, 9, 8),(7, 9, 8),(7, 9, 8),(7, 9, 8),(7, 9, 8),(7, 9, 8),(7, 9, 8),(7, 9, 8),(7, 9, 8),(7, 9, 8),(7, 9, 8),(7, 9, 8),(7, 9, 8),(7, 9, 8),(7, 9, 8),(7, 9, 8),(7, 9, 8),(7, 9, 8),(7, 9, 8),(7, 9, 8),(7, 9, 8),(7, 9, 8),(7, 9, 8),(7, 9, 8),(7, 9, 8),(7, 9, 8),(7, 9, 8),(7, 9, 8),(7, 9, 8),(7, 9, 8),(7, 9, 8),(7, 9, 8),(7, 9, 8),(7, 9, 8),(7, 9, 8),(7, 9, 8),(7, 9, 8),(7, 9, 8),(7, 9, 8),(7, 9, 8),(7, 9, 8),(7, 9, 8),(7, 9, 8),(7, 9, 8),(7, 9, 8),(7, 9, 8),(7, 9, 8),(7, 9, 8),(7, 9, 8),(7, 9, 8),(7, 9, 8),(7, 9, 8),(7, 9, 8),(7, 9, 8),(7, 9, 8),(7, 9, 8),(7, 9, 8),(7, 9, 8),(7, 9, 8),(7, 9, 8),(7, 9, 8),(7, 9, 8),(7, 9, 8),(7, 9, 8),(7, 9, 8),(7, 9, 8),(7, 9, 8),(7, 9, 8),(7, 9, 8),(7, 9, 8),(7, 9, 8),(7, 9, 8),(7, 9, 8),(7, 9, 8),(7, 9, 8),(7, 9, 8),(7, 9, 8),(7, 9, 8),(7, 9, 8),(7, 9, 8),(7, 9, 8),(7, 9, 8),(7, 9, 8),(7, 9, 8),(7, 9, 8),(7, 9, 8),(7, 9, 8),(7, 9, 8),(7, 9, 8),(7, 9, 8),(7, 9, 8),(7, 9, 8),(7, 9, 8),(7, 9, 8),(7, 9, 8),(7, 9, 8),(7, 9, 8),(7, 9, 8),(7, 9, 8),(7, 9, 8),(7, 9, 8),(7, 9, 8),(7, 9, 8),(7, 9, 8),(7, 9, 8),(7, 9, 8),(7, 9, 8),(7, 9, 8),(7, 9, 8),(7, 9, 8),(7, 9, 8),(7, 9, 8),(7, 9, 8),(7, 9, 8),(7, 9, 8),(7, 9, 8),(7, 9, 8),(7, 9, 8),(7, 9, 8),(7, 9, 8),(7, 9, 8),(7, 9, 8),(7, 9, 8),(7, 9, 8),(7, 9, 8),(7, 9, 8),(7, 9, 8),(7, 9, 8),(7, 9, 8),(7, 9, 8),(7, 9, 8),(7, 9, 8),(7, 9, 8),(7, 9, 8),(7, 9, 8),(7, 9, 8),(7, 9, 8),(7, 9, 8),(7, 9, 8),(7, 9, 8),(7, 9, 8),(7, 9, 8),(7, 9, 8),(7, 9, 8),(7, 9, 8),(7, 9, 8),(7, 9, 8),(7, 9, 8),(7, 9, 8),(7, 9, 8),(7, 9, 8),(7, 9, 8),(7, 9, 8),(7, 9, 8),(7, 9, 8),(7, 9, 8),(7, 9, 8),(7, 9, 8),(7, 9, 8),(7, 9, 8),(7, 9, 8),(7, 9, 8),(7, 9, 8),(7, 9, 8),(7, 9, 8),(7, 9, 8),(7, 9, 8),(7, 9, 8),(7, 9, 8),(7, 9, 8),(7, 9, 8),(7, 9, 8),(7, 9, 8),(7, 9, 8),(7, 9, 8),(7, 9, 8),(7, 9, 8),(7, 9, 8),(7, 9, 8),(7, 9, 8),(7, 9, 8),(7, 9, 8),(7, 9, 8),(7, 9, 8),(7, 9, 8),(7, 9, 8),(7, 9, 8),(7, 9, 8),(7, 9, 8),(7, 9, 8),(7, 9, 8),(7, 9, 8),(7, 9, 8),(7, 9, 8),(7, 9, 8),(7, 9, 8),(7, 9, 8),(7, 9, 8),(7, 9, 8),(7, 9, 8),(7, 9, 8),(7, 9, 8),(7, 9, 8),(7, 9, 8),(7, 9, 8),(7, 9, 8),(7, 9, 8),(7, 9, 8),(7, 9, 8),(7, 9, 8),(7, 9, 8),(7, 9, 8),(7, 9, 8),(7, 9, 8),(7, 9, 8),(7, 9, 8),(7, 9, 8),(7, 9, 8),(7, 9, 8),(7, 9, 8),(7, 9, 8),(7, 9, 8),(7, 9, 8),(7, 9, 8),(7, 9, 8),(7, 9, 8),(7, 9, 8),(7, 9, 8),(7, 9, 8),(7, 9, 8),(7, 9, 8),(7, 9, 8),(7, 9, 8),(7, 9, 8),(7, 9, 8),(7, 9, 8),(7, 9, 8),(7, 9, 8),(7, 9, 8),(7, 9, 8),(7, 9, 8),(7, 9, 8),(7, 9, 8),(7, 9, 8),(7, 9, 8),(7, 9, 8),(7, 9, 8),(7, 9, 8),(7, 9, 8),(7, 9, 8),(7, 9, 8),(7, 9, 8),(7, 9, 8),(7, 9, 8),(7, 9, 8),(7, 9, 8),(7, 9, 8),(7, 9, 8),(7, 9, 8),(7, 9, 8),(7, 9, 8),(7, 9, 8),(7, 9, 8),(7, 9, 8),(7, 9, 8),(7, 9, 8),(7, 9, 8),(7, 9, 8),(7, 9, 8),(7, 9, 8),(7, 9, 8),(7, 9, 8),(7, 9, 8),(7, 9, 8),(7, 9, 8),(7, 9, 8),(7, 9, 8),(7, 9, 8),(7, 9, 8),(7, 9, 8),(7, 9, 8),(7, 9, 8),(7, 9, 8),(7, 9, 8),(7, 9, 8),(7, 9, 8),(7, 9, 8),(7, 9, 8),(7, 9, 8),(7, 9, 8),(7, 9, 8),(7, 9, 8),(7, 9, 8),(7, 9, 8),(7, 9, 8),(7, 9, 8),(7, 9, 8),(7, 9, 8),(7, 9, 8),(7, 9, 8),(7, 9, 8),(7, 9, 8),(7, 9, 8),(7, 9, 8),(7, 9, 8),(7, 9, 8),(7, 9, 8),(7, 9, 8),(7, 9, 8),(7, 9, 8),(7, 9, 8),(7, 9, 8),(7, 9, 8),(7, 9, 8),(7, 9, 8),(7, 9, 8),(7, 9, 8),(7, 9, 8),(7, 9, 8),(7, 9, 8),(7, 9, 8),(7, 9, 8),(7, 9, 8),(7, 9, 8),(7, 9, 8),(7, 9, 8),(7, 9, 8),(7, 9, 8),(7, 9, 8),(7, 9, 8),(7, 9, 8),(7, 9, 8),(7, 9, 8),(7, 9, 8),(7, 9, 8),(7, 9, 8),(7, 9, 8),(7, 9, 8),(7, 9, 8),(7, 9, 8),(7, 9, 8),(7, 9, 8),(7, 9, 8),(7, 9, 8),(7, 9, 8),(7, 9, 8),(7, 9, 8),(7, 9, 8),(7, 9, 8),(7, 9, 8),(7, 9, 8),(7, 9, 8),(7, 9, 8),(7, 9, 8),(7, 9, 8),(7, 9, 8),(7, 9, 8),(7, 9, 8),(7, 9, 8),(7, 9, 8),(7, 9, 8),(7, 9, 8),(7, 9, 8),(7, 9, 8),(7, 9, 8),(7, 9, 8),(7, 9, 8),(7, 9, 8),(7, 9, 8),(7, 9, 8),(7, 9, 8),(7, 9, 8),(7, 9, 8),(7, 9, 8),(7, 9, 8),(7, 9, 8),(7, 9, 8),(7, 9, 8),(7, 9, 8),(7, 9, 8),(7, 9, 8),(7, 9, 8),(7, 9, 8),(7, 9, 8),(7, 9, 8),(7, 9, 8),(7, 9, 8),(7, 9, 8),(7, 9, 8),(7, 9, 8),(7, 9, 8),(7, 9, 8),(7, 9, 8),(7, 9, 8),(7, 9, 8),(7, 9, 8),(7, 9, 8),(7, 9, 8),(7, 9, 8),(7, 9, 8),(7, 9, 8),(7, 9, 8),(7, 9, 8),(7, 9, 8),(7, 9, 8),(7, 9, 8),(7, 9, 8),(7, 9, 8),(7, 9, 8),(7, 9, 8),(7, 9, 8),(7, 9, 8),(7, 9, 8),(7, 9, 8),(7, 9, 8),(7, 9, 8),(7, 9, 8),(7, 9, 8),(7, 9, 8),(7, 9, 8),(7, 9, 8),(7, 9, 8),(7, 9, 8),(7, 9, 8),(7, 9, 8),(7, 9, 8),(7, 9, 8),(7, 9, 8),(7, 9, 8),(7, 9, 8),(7, 9, 8),(7, 9, 8),(7, 9, 8),(7, 9, 8),(7, 9, 8),(7, 9, 8),(7, 9, 8),(7, 9, 8),(7, 9, 8),(7, 9, 8),(7, 9, 8),(7, 9, 8),(7, 9, 8),(7, 9, 8),(7, 9, 8),(7, 9, 8),(7, 9, 8),(7, 9, 8),(7, 9, 8),(7, 9, 8),(7, 9, 8),(7, 9, 8),(7, 9, 8),(7, 9, 8),(7, 9, 8),(7, 9, 8),(7, 9, 8),(7, 9, 8),(7, 9, 8),(7, 9, 8),(7, 9, 8),(7, 9, 8),(7, 9, 8),(7, 9, 8),(7, 9, 8),(7, 9, 8),(7, 9, 8),(7, 9, 8),(7, 9, 8),(7, 9, 8),(7, 9, 8),(7, 9, 8),(7, 9, 8),(7, 9, 8),(7, 9, 8),(7, 9, 8),(7, 9, 8),(7, 9, 8),(7, 9, 8),(7, 9, 8),(7, 9, 8),(7, 9, 8),(7, 9, 8),(7, 9, 8),(7, 9, 8),(7, 9, 8),(7, 9, 8),(7, 9, 8),(7, 9, 8),(7, 9, 8),(7, 9, 8),(7, 9, 8),(7, 9, 8),(7, 9, 8),(7, 9, 8),(7, 9, 8),(7, 9, 8),(7, 9, 8),(7, 9, 8),(7, 9, 8),(7, 9, 8),(7, 9, 8),(7, 9, 8),(7, 9, 8),(7, 9, 8),(7, 9, 8),(7, 9, 8),(7, 9, 8),(7, 9, 8),(7, 9, 8),(7, 9, 8),(7, 9, 8),(7, 9, 8),(7, 9, 8),(7, 9, 8),(7, 9, 8),(7, 9, 8),(7, 9, 8),(7, 9, 8),(7, 9, 8),(7, 9, 8),(7, 9, 8),(7, 9, 8),(7, 9, 8),(7, 9, 8),(7, 9, 8),(7, 9, 8),(7, 9, 8),(7, 9, 8),(7, 9, 8),(7, 9, 8),(7, 9, 8),(7, 9, 8),(7, 9, 8),(7, 9, 8),(7, 9, 8),(7, 9, 8),(7, 9, 8),(7, 9, 8),(7, 9, 8),(7, 9, 8),(7, 9, 8),(7, 9, 8),(7, 9, 8),(7, 9, 8),(7, 9, 8),(7, 9, 8),(7, 9, 8),(7, 9, 8),(7, 9, 8),(7, 9, 8),(7, 9, 8),(7, 9, 8),(7, 9, 8),(7, 9, 8),(7, 9, 8),(7, 9, 8),(7, 9, 8),(7, 9, 8),(7, 9, 8),(7, 9, 8),(7, 9, 8),(7, 9, 8),(7, 9, 8),(7, 9, 8),(7, 9, 8),(7, 9, 8),(7, 9, 8),(7, 9, 8),(7, 9, 8),(7, 9, 8),(7, 9, 8),(7, 9, 8),(7, 9, 8),(7, 9, 8),(7, 9, 8),(7, 9, 8),(7, 9, 8),(7, 9, 8),(7, 9, 8),(7, 9, 8),(7, 9, 8),(7, 9, 8),(7, 9, 8),(7, 9, 8),(7, 9, 8),(7, 9, 8),(7, 9, 8),(7, 9, 8),(7, 9, 8),(7, 9, 8),(7, 9, 8),(7, 9, 8),(7, 9, 8),(7, 9, 8),(7, 9, 8),(7, 9, 8),(7, 9, 8),(7, 9, 8),(7, 9, 8),(7, 9, 8),(7, 9, 8),(7, 9, 8),(7, 9, 8),(7, 9, 8),(7, 9, 8),(7, 9, 8),(7, 9, 8),(7, 9, 8),(7, 9, 8),(7, 9, 8),(7, 9, 8),(7, 9, 8),(7, 9, 8),(7, 9, 8),(7, 9, 8),(7, 9, 8),(7, 9, 8),(7, 9, 8),(7, 9, 8),(7, 9, 8),(7, 9, 8),(7, 9, 8),(7, 9, 8),(7, 9, 8),(7, 9, 8),(7, 9, 8),(7, 9, 8),(7, 9, 8),(7, 9, 8),(7, 9, 8),(7, 9, 8),(7, 9, 8),(7, 9, 8),(7, 9, 8),(7, 9, 8),(7, 9, 8),(7, 9, 8),(7, 9, 8),(7, 9, 8),(7, 9, 8),(7, 9, 8),(7, 9, 8),(7, 9, 8),(7, 9, 8),(7, 9, 8),(7, 9, 8),(7, 9, 8),(7, 9, 8),(7, 9, 8),(7, 9, 8),(7, 9, 8),(7, 9, 8),(7, 9, 8),(7, 9, 8),(7, 9, 8),(7, 9, 8),(7, 9, 8),(7, 9, 8),(7, 9, 8),(7, 9, 8),(7, 9, 8),(7, 9, 8),(7, 9, 8),(7, 9, 8),(7, 9, 8),(7, 9, 8),(7, 9, 8),(7, 9, 8),(7, 9, 8),(7, 9, 8),(7, 9, 8),(7, 9, 8),(7, 9, 8),(7, 9, 8),(7, 9, 8),(7, 9, 8),(7, 9, 8),(7, 9, 8),(7, 9, 8),(7, 9, 8),(7, 9, 8),(7, 9, 8),(7, 9, 8),(7, 9, 8),(7, 9, 8),(7, 9, 8),(7, 9, 8),(7, 9, 8),(7, 9, 8),(7, 9, 8),(7, 9, 8),(7, 9, 8),(7, 9, 8),(7, 9, 8),(7, 9, 8),(7, 9, 8),(7, 9, 8),(7, 9, 8),(7, 9, 8),(7, 9, 8),(7, 9, 8),(7, 9, 8),(7, 9, 8),(7, 9, 8),(7, 9, 8),(7, 9, 8),(7, 9, 8),(7, 9, 8),(7, 9, 8),(7, 9, 8),(7, 9, 8),(7, 9, 8),(7, 9, 8),(7, 9, 8),(7, 9, 8),(7, 9, 8),(7, 9, 8),(7, 9, 8),(7, 9, 8),(7, 9, 8),(7, 9, 8),(7, 9, 8),(7, 9, 8),(7, 9, 8),(7, 9, 8),(7, 9, 8),(7, 9, 8),(7, 9, 8),(7, 9, 8),(7, 9, 8),(7, 9, 8),(7, 9, 8),(7, 9, 8),(7, 9, 8),(7, 9, 8),(7, 9, 8),(7, 9, 8),(7, 9, 8),(7, 9, 8),(7, 9, 8),(7, 9, 8),(7, 9, 8),(7, 9, 8),(7, 9, 8),(7, 9, 8),(7, 9, 8),(7, 9, 8),(7, 9, 8),(7, 9, 8),(7, 9, 8),(7, 9, 8),(7, 9, 8),(7, 9, 8),(7, 9, 8),(7, 9, 8),(7, 9, 8),(7, 9, 8),(7, 9, 8),(7, 9, 8),(7, 9, 8),(7, 9, 8),(7, 9, 8),(7, 9, 8),(7, 9, 8),(7, 9, 8),(7, 9, 8),(7, 9, 8),(7, 9, 8),(7, 9, 8),(7, 9, 8),(7, 9, 8),(7, 9, 8),(7, 9, 8),(7, 9, 8),(7, 9, 8),(7, 9, 8),(7, 9, 8),(7, 9, 8),(7, 9, 8),(7, 9, 8),(7, 9, 8),(7, 9, 8),(7, 9, 8),(7, 9, 8),(7, 9, 8),(7, 9, 8),(7, 9, 8),(7, 9, 8),(7, 9, 8),(7, 9, 8),(7, 9, 8),(7, 9, 8),(7, 9, 8),(7, 9, 8),(7, 9, 8),(7, 9, 8),(7, 9, 8),(7, 9, 8),(7, 9, 8),(7, 9, 8),(7, 9, 8),(7, 9, 8),(7, 9, 8),(7, 9, 8),(7, 9, 8),(7, 9, 8),(7, 9, 8),(7, 9, 8),(7, 9, 8),(7, 9, 8),(7, 9, 8),(7, 9, 8),(7, 9, 8),(7, 9, 8),(7, 9, 8),(7, 9, 8),(7, 9, 8),(7, 9, 8),(7, 9, 8),(7, 9, 8),(7, 9, 8),(7, 9, 8),(7, 9, 8),(7, 9, 8),(7, 9, 8),(7, 9, 8),(7, 9, 8),(7, 9, 8),(7, 9, 8),(7, 9, 8),(7, 9, 8),(7, 9, 8),(7, 9, 8),(7, 9, 8),(7, 9, 8),(7, 9, 8),(7, 9, 8),(7, 9, 8),(7, 9, 8),(7, 9, 8),(7, 9, 8),(7, 9, 8),(7, 9, 8),(7, 9, 8),(7, 9, 8),(7, 9, 8),(7, 9, 8),(7, 9, 8),(7, 9, 8),(7, 9, 8),(7, 9, 8),(7, 9, 8),(7, 9, 8),(7, 9, 8),(7, 9, 8),(7, 9, 8),(7, 9, 8),(7, 9, 8),(7, 9, 8),(7, 9, 8),(7, 9, 8),(7, 9, 8),(7, 9, 8),(7, 9, 8),(7, 9, 8),(7, 9, 8),(7, 9, 8),(7, 9, 8),(7, 9, 8),(7, 9, 8),(7, 9, 8),(7, 9, 8),(7, 9, 8),(7, 9, 8),(7, 9, 8),(7, 9, 8),(7, 9, 8),(7, 9, 8),(7, 9, 8),(7, 9, 8),(7, 9, 8),(7, 9, 8),(7, 9, 8),(7, 9, 8),(7, 9, 8),(7, 9, 8),(7, 9, 8),(7, 9, 8),(7, 9, 8),(7, 9, 8),(7, 9, 8),(7, 9, 8),(7, 9, 8),(7, 9, 8),(7, 9, 8),(7, 9, 8),(7, 9, 8),(7, 9, 8),(7, 9, 8),(7, 9, 8),(7, 9, 8),(7, 9, 8),(7, 9, 8),(7, 9, 8),(7, 9, 8),(7, 9, 8),(7, 9, 8),(7, 9, 8),(7, 9, 8),(7, 9, 8),(7, 9, 8),(7, 9, 8),(7, 9, 8),(7, 9, 8),(7, 9, 8),(7, 9, 8),(7, 9, 8),(7, 9, 8),(7, 9, 8),(7, 9, 8),(7, 9, 8),(7, 9, 8),(7, 9, 8),(7, 9, 8),(7, 9, 8),(7, 9, 8),(7, 9, 8),(7, 9, 8),(7, 9, 8),(7, 9, 8),(7, 9, 8),(7, 9, 8),(7, 9, 8),(7, 9, 8),(7, 9, 8),(7, 9, 8),(7, 9, 8),(7, 9, 8),(7, 9, 8),(7, 9, 8),(7, 9, 8),(7, 9, 8),(7, 9, 8),(7, 9, 8),(7, 9, 8),(7, 9, 8),(7, 9, 8),(7, 9, 8),(7, 9, 8),(7, 9, 8),(7, 9, 8),(7, 9, 8),(7, 9, 8),(7, 9, 8),(7, 9, 8),(7, 9, 8),(7, 9, 8),(7, 9, 8),(7, 9, 8),(7, 9, 8),(7, 9, 8),(7, 9, 8),(7, 9, 8),(7, 9, 8),(7, 9, 8),(7, 9, 8),(7, 9, 8),(7, 9, 8),(7, 9, 8),(7, 9, 8),(7, 9, 8),(7, 9, 8),(7, 9, 8),(7, 9, 8),(7, 9, 8),(7, 9, 8),(7, 9, 8),(7, 9, 8),(7, 9, 8),(7, 9, 8),(7, 9, 8),(7, 9, 8),(7, 9, 8),(7, 9, 8),(7, 9, 8),(7, 9, 8),(7, 9, 8),(7, 9, 8),(7, 9, 8),(7, 9, 8),(7, 9, 8),(7, 9, 8),(7, 9, 8),(7, 9, 8),(7, 9, 8),(7, 9, 8),(7, 9, 8),(7, 9, 8),(7, 9, 8),(7, 9, 8),(7, 9, 8),(7, 9, 8),(7, 9, 8),(7, 9, 8),(7, 9, 8),(7, 9, 8),(7, 9, 8),(7, 9, 8),(7, 9, 8),(7, 9, 8),(7, 9, 8),(7, 9, 8),(7, 9, 8),(7, 9, 8),(7, 9, 8),(7, 9, 8),(7, 9, 8),(7, 9, 8),(7, 9, 8),(7, 9, 8),(7, 9, 8),(7, 9, 8),(7, 9, 8),(7, 9, 8),(7, 9, 8),(7, 9, 8),(7, 9, 8),(7, 9, 8),(7, 9, 8),(7, 9, 8),(7, 9, 8),(7, 9, 8),(7, 9, 8),(7, 9, 8),(7, 9, 8),(7, 9, 8),(7, 9, 8),(7, 9, 8),(7, 9, 8),(7, 9, 8),(7, 9, 8),(7, 9, 8),(7, 9, 8),(7, 9, 8),(7, 9, 8),(7, 9, 8),(7, 9, 8),(7, 9, 8),(7, 9, 8),(7, 9, 8),(7, 9, 8),(7, 9, 8),(7, 9, 8),(7, 9, 8),(7, 9, 8),(7, 9, 8),(7, 9, 8),(7, 9, 8),(7, 9, 8),(7, 9, 8),(7, 9, 8),(7, 9, 8),(7, 9, 8),(7, 9, 8),(7, 9, 8),(7, 9, 8),(7, 9, 8),(7, 9, 8),(7, 9, 8),(7, 9, 8),(7, 9, 8),(7, 9, 8),(7, 9, 8),(7, 9, 8),(7, 9, 8),(7, 9, 8),(7, 9, 8),(7, 9, 8),(7, 9, 8),(7, 9, 8),(7, 9, 8),(7, 9, 8),(7, 9, 8),(7, 9, 8),(7, 9, 8),(7, 9, 8),(7, 9, 8),(7, 9, 8),(7, 9, 8),(7, 9, 8),(7, 9, 8),(7, 9, 8),(7, 9, 8),(7, 9, 8),(7, 9, 8),(7, 9, 8),(7, 9, 8),(7, 9, 8),(7, 9, 8),(7, 9, 8),(7, 9, 8),(7, 9, 8),(7, 9, 8),(7, 9, 8),(7, 9, 8),(7, 9, 8),(7, 9, 8),(7, 9, 8),(7, 9, 8),(7, 9, 8),(7, 9, 8),(7, 9, 8),(7, 9, 8),(7, 9, 8),(7, 9, 8),(7, 9, 8),(7, 9, 8),(7, 9, 8),(7, 9, 8),(7, 9, 8),(7, 9, 8),(7, 9, 8),(7, 9, 8),(7, 9, 8),(7, 9, 8),(7, 9, 8),(7, 9, 8),(7, 9, 8),(7, 9, 8),(7, 9, 8),(7, 9, 8),(7, 9, 8),(7, 9, 8),(7, 9, 8),(7, 9, 8),(7, 9, 8),(7, 9, 8),(7, 9, 8),(7, 9, 8),(7, 9, 8),(7, 9, 8),(7, 9, 8),(7, 9, 8),(7, 9, 8),(7, 9, 8),(7, 9, 8),(7, 9, 8),(7, 9, 8),(7, 9, 8),(7, 9, 8),(7, 9, 8),(7, 9, 8),(7, 9, 8),(7, 9, 8),(7, 9, 8),(7, 9, 8),(7, 9, 8),(7, 9, 8),(7, 9, 8),(7, 9, 8),(7, 9, 8),(7, 9, 8),(7, 9, 8),(7, 9, 8),(7, 9, 8),(7, 9, 8),(7, 9, 8),(7, 9, 8),(7, 9, 8),(7, 9, 8),(7, 9, 8),(7, 9, 8),(7, 9, 8),(7, 9, 8),(7, 9, 8),(7, 9, 8),(7, 9, 8),(7, 9, 8),(7, 9, 8),(7, 9, 8),(7, 9, 8),(7, 9, 8),(7, 9, 8),(7, 9, 8),(7, 9, 8),(7, 9, 8),(7, 9, 8),(7, 9, 8),(7, 9, 8),(7, 9, 8),(7, 9, 8),(7, 9, 8),(7, 9, 8),(7, 9, 8),(7, 9, 8),(7, 9, 8),(7, 9, 8),(7, 9, 8),(7, 9, 8),(7, 9, 8),(7, 9, 8),(7, 9, 8),(7, 9, 8),(7, 9, 8),(7, 9, 8),(7, 9, 8),(7, 9, 8),(7, 9, 8),(7, 9, 8),(7, 9, 8),(7, 9, 8),(7, 9, 8),(7, 9, 8),(7, 9, 8),(7, 9, 8),(7, 9, 8),(7, 9, 8),(7, 9, 8),(7, 9, 8),(7, 9, 8),(7, 9, 8),(7, 9, 8),(7, 9, 8),(7, 9, 8),(7, 9, 8),(7, 9, 8),(7, 9, 8),(7, 9, 8),(7, 9, 8),(7, 9, 8),(7, 9, 8),(7, 9, 8),(7, 9, 8),(7, 9, 8),(7, 9, 8),(7, 9, 8),(7, 9, 8),(7, 9, 8),(7, 9, 8),(7, 9, 8),(7, 9, 8),(7, 9, 8),(7, 9, 8),(7, 9, 8),(7, 9, 8),(7, 9, 8),(7, 9, 8),(7, 9, 8),(7, 9, 8),(7, 9, 8),(7, 9, 8),(7, 9, 8),(7, 9, 8),(7, 9, 8),(7, 9, 8),(7, 9, 8),(7, 9, 8),(7, 9, 8),(7, 9, 8),(7, 9, 8),(7, 9, 8),(7, 9, 8),(7, 9, 8),(7, 9, 8),(7, 9, 8),(7, 9, 8),(7, 9, 8),(7, 9, 8),(7, 9, 8),(7, 9, 8),(7, 9, 8),(7, 9, 8),(7, 9, 8),(7, 9, 8),(7, 9, 8),(7, 9, 8),(7, 9, 8),(7, 9, 8),(7, 9, 8),(7, 9, 8),(7, 9, 8),(7, 9, 8),(7, 9, 8),(7, 9, 8),(7, 9, 8),(7, 9, 8),(7, 9, 8),(7, 9, 8),(7, 9, 8),(7, 9, 8),(7, 9, 8),(7, 9, 8),(7, 9, 8),(7, 9, 8),(7, 9, 8),(7, 9, 8),(7, 9, 8),(7, 9, 8),(7, 9, 8),(7, 9, 8),(7, 9, 8),(7, 9, 8),(7, 9, 8),(7, 9, 8),(7, 9, 8),(7, 9, 8),(7, 9, 8),(7, 9, 8),(7, 9, 8),(7, 9, 8),(7, 9, 8),(7, 9, 8),(7, 9, 8),(7, 9, 8),(7, 9, 8),(7, 9, 8),(7, 9, 8),(7, 9, 8),(7, 9, 8),(7, 9, 8),(7, 9, 8),(7, 9, 8),(7, 9, 8),(7, 9, 8),(7, 9, 8),(7, 9, 8),(7, 9, 8),(7, 9, 8),(7, 9, 8),(7, 9, 8),(7, 9, 8),(7, 9, 8),(7, 9, 8),(7, 9, 8),(7, 9, 8),(7, 9, 8),(7, 9, 8),(7, 9, 8),(7, 9, 8),(7, 9, 8),(7, 9, 8),(7, 9, 8),(7, 9, 8),(7, 9, 8),(7, 9, 8),(7, 9, 8),(7, 9, 8),(7, 9, 8),(7, 9, 8),(7, 9, 8),(7, 9, 8),(7, 9, 8),(7, 9, 8),(7, 9, 8),(7, 9, 8),(7, 9, 8),(7, 9, 8),(7, 9, 8),(7, 9, 8),(7, 9, 8),(7, 9, 8),(7, 9, 8),(7, 9, 8),(7, 9, 8),(7, 9, 8),(7, 9, 8),(7, 9, 8),(7, 9, 8),(7, 9, 8),(7, 9, 8),(7, 9, 8),(7, 9, 8),(7, 9, 8),(7, 9, 8),(7, 9, 8),(7, 9, 8),(7, 9, 8),(7, 9, 8),(7, 9, 8),(7, 9, 8),(7, 9, 8),(7, 9, 8),(7, 9, 8),(7, 9, 8),(7, 9, 8),(7, 9, 8),(7, 9, 8),(7, 9, 8),(7, 9, 8),(7, 9, 8),(7, 9, 8),(7, 9, 8),(7, 9, 8),(7, 9, 8),(7, 9, 8),(7, 9, 8),(7, 9, 8),(7, 9, 8),(7, 9, 8),(7, 9, 8),(7, 9, 8),(7, 9, 8),(7, 9, 8),(7, 9, 8),(7, 9, 8),(7, 9, 8),(7, 9, 8),(7, 9, 8),(7, 9, 8),(7, 9, 8),(7, 9, 8),(7, 9, 8),(7, 9, 8),(7, 9, 8),(7, 9, 8),(7, 9, 8),(7, 9, 8),(7, 9, 8),(7, 9, 8),(7, 9, 8),(7, 9, 8),(7, 9, 8),(7, 9, 8),(7, 9, 8),(7, 9, 8),(7, 9, 8),(7, 9, 8),(7, 9, 8),(7, 9, 8),(7, 9, 8),(7, 9, 8),(7, 9, 8),(7, 9, 8),(7, 9, 8),(7, 9, 8),(7, 9, 8),(7, 9, 8),(7, 9, 8),(7, 9, 8),(7, 9, 8),(7, 9, 8),(7, 9, 8),(7, 9, 8),(7, 9, 8),(7, 9, 8),(7, 9, 8),(7, 9, 8),(7, 9, 8),(7, 9, 8),(7, 9, 8),(7, 9, 8),(7, 9, 8),(7, 9, 8),(7, 9, 8),(7, 9, 8),(7, 9, 8),(7, 9, 8),(7, 9, 8),(7, 9, 8),(7, 9, 8),(7, 9, 8),(7, 9, 8),(7, 9, 8),(7, 9, 8),(7, 9, 8),(7, 9, 8),(7, 9, 8),(7, 9, 8),(7, 9, 8),(7, 9, 8),(7, 9, 8),(7, 9, 8),(7, 9, 8),(7, 9, 8),(7, 9, 8),(7, 9, 8),(7, 9, 8),(7, 9, 8),(7, 9, 8),(7, 9, 8),(7, 9, 8),(7, 9, 8),(7, 9, 8),(7, 9, 8),(7, 9, 8),(7, 9, 8),(7, 9, 8),(7, 9, 8),(7, 9, 8),(7, 9, 8),(7, 9, 8),(7, 9, 8),(7, 9, 8),(7, 9, 8),(7, 9, 8),(7, 9, 8),(7, 9, 8),(7, 9, 8),(7, 9, 8),(7, 9, 8),(7, 9, 8),(7, 9, 8),(7, 9, 8),(7, 9, 8),(7, 9, 8),(7, 9, 8),(7, 9, 8),(7, 9, 8),(7, 9, 8),(7, 9, 8),(7, 9, 8),(7, 9, 8),(7, 9, 8),(7, 9, 8),(7, 9, 8),(7, 9, 8),(7, 9, 8),(7, 9, 8),(7, 9, 8),(7, 9, 8),(7, 9, 8),(7, 9, 8),(7, 9, 8),(7, 9, 8),(7, 9, 8),(7, 9, 8),(7, 9, 8),(7, 9, 8),(7, 9, 8),(7, 9, 8),(7, 9, 8),(7, 9, 8),(7, 9, 8),(7, 9, 8),(7, 9, 8),(7, 9, 8),(7, 9, 8),(7, 9, 8),(7, 9, 8),(7, 9, 8),(7, 9, 8),(7, 9, 8),(7, 9, 8),(7, 9, 8),(7, 9, 8),(7, 9, 8),(7, 9, 8),(7, 9, 8),(7, 9, 8),(7, 9, 8),(7, 9, 8),(7, 9, 8),(7, 9, 8),(7, 9, 8),(7, 9, 8),(7, 9, 8),(7, 9, 8),(7, 9, 8),(7, 9, 8),(7, 9, 8),(7, 9, 8),(7, 9, 8),(7, 9, 8),(7, 9, 8),(7, 9, 8),(7, 9, 8),(7, 9, 8),(7, 9, 8),(7, 9, 8),(7, 9, 8),(7, 9, 8),(7, 9, 8),(7, 9, 8),(7, 9, 8),(7, 9, 8),(7, 9, 8),(7, 9, 8),(7, 9, 8),(7, 9, 8),(7, 9, 8),(7, 9, 8),(7, 9, 8),(7, 9, 8),(7, 9, 8),(7, 9, 8),(7, 9, 8),(7, 9, 8),(7, 9, 8),(7, 9, 8),(7, 9, 8),(7, 9, 8),(7, 9, 8),(7, 9, 8),(7, 9, 8),(7, 9, 8),(7, 9, 8),(7, 9, 8),(7, 9, 8),(7, 9, 8),(7, 9, 8),(7, 9, 8),(7, 9, 8),(7, 9, 8),(7, 9, 8),(7, 9, 8),(7, 9, 8),(7, 9, 8),(7, 9, 8),(7, 9, 8),(7, 9, 8),(7, 9, 8),(7, 9, 8),(7, 9, 8),(7, 9, 8),(7, 9, 8),(7, 9, 8),(7, 9, 8),(7, 9, 8),(7, 9, 8),(7, 9, 8),(7, 9, 8),(7, 9, 8),(7, 9, 8),(7, 9, 8),(7, 9, 8),(7, 9, 8),(7, 9, 8),(7, 9, 8),(7, 9, 8),(7, 9, 8),(7, 9, 8),(7, 9, 8),(7, 9, 8),(7, 9, 8),(7, 9, 8),(7, 9, 8),(7, 9, 8),(7, 9, 8),(7, 9, 8),(7, 9, 8),(7, 9, 8),(7, 9, 8),(7, 9, 8),(7, 9, 8),(7, 9, 8),(7, 9, 8),(7, 9, 8),(7, 9, 8),(7, 9, 8),(7, 9, 8),(7, 9, 8),(7, 9, 8),(7, 9, 8),(7, 9, 8),(7, 9, 8),(7, 9, 8),(7, 9, 8),(7, 9, 8),(7, 9, 8),(7, 9, 8),(7, 9, 8),(7, 9, 8),(7, 9, 8),(7, 9, 8),(7, 9, 8),(7, 9, 8),(7, 9, 8),(7, 9, 8),(7, 9, 8),(7, 9, 8),(7, 9, 8),(7, 9, 8),(7, 9, 8),(7, 9, 8),(7, 9, 8),(7, 9, 8),(7, 9, 8),(7, 9, 8),(7, 9, 8),(7, 9, 8),(7, 9, 8),(7, 9, 8),(7, 9, 8),(7, 9, 8),(7, 9, 8),(7, 9, 8),(7, 9, 8),(7, 9, 8),(7, 9, 8),(7, 9, 8),(7, 9, 8),(7, 9, 8),(7, 9, 8),(7, 9, 8),(7, 9, 8),(7, 9, 8),(7, 9, 8),(7, 9, 8),(7, 9, 8),(7, 9, 8),(7, 9, 8),(7, 9, 8),(7, 9, 8),(7, 9, 8),(7, 9, 8),(7, 9, 8),(7, 9, 8),(7, 9, 8),(7, 9, 8),(7, 9, 8),(7, 9, 8),(7, 9, 8),(7, 9, 8),(7, 9, 8),(7, 9, 8),(7, 9, 8),(7, 9, 8),(7, 9, 8),(7, 9, 8),(7, 9, 8),(7, 9, 8),(7, 9, 8),(7, 9, 8),(7, 9, 8),(7, 9, 8),(7, 9, 8),(7, 9, 8),(7, 9, 8),(7, 9, 8),(7, 9, 8),(7, 9, 8),(7, 9, 8),(7, 9, 8),(7, 9, 8),(7, 9, 8),(7, 9, 8),(7, 9, 8),(7, 9, 8),(7, 9, 8),(7, 9, 8),(7, 9, 8),(7, 9, 8),(7, 9, 8),(7, 9, 8),(7, 9, 8),(7, 9, 8),(7, 9, 8),(7, 9, 8),(7, 9, 8),(7, 9, 8),(7, 9, 8),(7, 9, 8),(7, 9, 8),(7, 9, 8),(7, 9, 8),(7, 9, 8),(7, 9, 8),(7, 9, 8),(7, 9, 8),(7, 9, 8),(7, 9, 8),(7, 9, 8),(7, 9, 8),(7, 9, 8),(7, 9, 8),(7, 9, 8),(7, 9, 8),(7, 9, 8),(7, 9, 8),(7, 9, 8),(7, 9, 8),(7, 9, 8),(7, 9, 8),(7, 9, 8),(7, 9, 8),(7, 9, 8),(7, 9, 8),(7, 9, 8),(7, 9, 8),(7, 9, 8),(7, 9, 8),(7, 9, 8),(7, 9, 8),(7, 9, 8),(7, 9, 8),(7, 9, 8),(7, 9, 8),(7, 9, 8),(7, 9, 8),(7, 9, 8),(7, 9, 8),(7, 9, 8),(7, 9, 8),(7, 9, 8),(7, 9, 8),(7, 9, 8),(7, 9, 8),(7, 9, 8),(7, 9, 8),(7, 9, 8),(7, 9, 8),(7, 9, 8),(7, 9, 8),(7, 9, 8),(7, 9, 8),(7, 9, 8),(7, 9, 8),(7, 9, 8),(7, 9, 8),(7, 9, 8),(7, 9, 8),(7, 9, 8),(7, 9, 8),(7, 9, 8),(7, 9, 8),(7, 9, 8),(7, 9, 8),(7, 9, 8),(7, 9, 8),(7, 9, 8),(7, 9, 8),(7, 9, 8),(7, 9, 8),(7, 9, 8),(7, 9, 8),(7, 9, 8),(7, 9, 8),(7, 9, 8),(7, 9, 8),(7, 9, 8),(7, 9, 8),(7, 9, 8),(7, 9, 8),(7, 9, 8),(7, 9, 8),(7, 9, 8),(7, 9, 8),(7, 9, 8),(7, 9, 8),(7, 9, 8),(7, 9, 8),(7, 9, 8),(7, 9, 8),(7, 9, 8),(7, 9, 8),(7, 9, 8),(7, 9, 8),(7, 9, 8),(7, 9, 8),(7, 9, 8),(7, 9, 8),(7, 9, 8),(7, 9, 8),(7, 9, 8),(7, 9, 8),(7, 9, 8),(7, 9, 8),(7, 9, 8),(7, 9, 8),(7, 9, 8),(7, 9, 8),(7, 9, 8),(7, 9, 8),(7, 9, 8),(7, 9, 8),(7, 9, 8),(7, 9, 8),(7, 9, 8),(7, 9, 8),(7, 9, 8),(7, 9, 8),(7, 9, 8),(7, 9, 8),(7, 9, 8),(7, 9, 8),(7, 9, 8),(7, 9, 8),(7, 9, 8),(7, 9, 8),(7, 9, 8),(7, 9, 8),(7, 9, 8),(7, 9, 8),(7, 9, 8),(7, 9, 8),(7, 9, 8),(7, 9, 8),(7, 9, 8),(7, 9, 8),(7, 9, 8),(7, 9, 8),(7, 9, 8),(7, 9, 8),(7, 9, 8),(7, 9, 8),(7, 9, 8),(7, 9, 8),(7, 9, 8),(7, 9, 8),(7, 9, 8),(7, 9, 8),(7, 9, 8),(7, 9, 8),(7, 9, 8),(7, 9, 8),(7, 9, 8),(7, 9, 8),(7, 9, 8),(7, 9, 8),(7, 9, 8),(7, 9, 8),(7, 9, 8),(7, 9, 8),(7, 9, 8),(7, 9, 8),(7, 9, 8),(7, 9, 8),(7, 9, 8),(7, 9, 8),(7, 9, 8),(7, 9, 8),(7, 9, 8),(7, 9, 8),(7, 9, 8),(7, 9, 8),(7, 9, 8),(7, 9, 8),(7, 9, 8),(7, 9, 8),(7, 9, 8),(7, 9, 8),(7, 9, 8),(7, 9, 8),(7, 9, 8),(7, 9, 8),(7, 9, 8),(7, 9, 8),(7, 9, 8),(7, 9, 8),(7, 9, 8),(7, 9, 8),(7, 9, 8),(7, 9, 8),(7, 9, 8),(7, 9, 8),(7, 9, 8),(7, 9, 8),(7, 9, 8),(7, 9, 8),(7, 9, 8),(7, 9, 8),(7, 9, 8),(7, 9, 8),(7, 9, 8),(7, 9, 8),(7, 9, 8),(7, 9, 8),(7, 9, 8),(7, 9, 8),(7, 9, 8),(7, 9, 8),(7, 9, 8),(7, 9, 8),(7, 9, 8),(7, 9, 8),(7, 9, 8),(7, 9, 8),(7, 9, 8),(7, 9, 8),(7, 9, 8),(7, 9, 8),(7, 9, 8),(7, 9, 8),(7, 9, 8),(7, 9, 8),(7, 9, 8),(7, 9, 8),(7, 9, 8),(7, 9, 8),(7, 9, 8),(7, 9, 8),(7, 9, 8),(7, 9, 8),(7, 9, 8),(7, 9, 8),(7, 9, 8),(7, 9, 8),(7, 9, 8),(7, 9, 8),(7, 9, 8),(7, 9, 8),(7, 9, 8),(7, 9, 8),(7, 9, 8),(7, 9, 8),(7, 9, 8),(7, 9, 8),(7, 9, 8),(7, 9, 8),(7, 9, 8),(7, 9, 8),(7, 9, 8),(7, 9, 8),(7, 9, 8),(7, 9, 8),(7, 9, 8),(7, 9, 8),(7, 9, 8),(7, 9, 8),(7, 9, 8),(7, 9, 8),(7, 9, 8),(7, 9, 8),(7, 9, 8),(7, 9, 8),(7, 9, 8),(7, 9, 8),(7, 9, 8),(7, 9, 8),(7, 9, 8),(7, 9, 8),(7, 9, 8),(7, 9, 8),(7, 9, 8),(7, 9, 8),(7, 9, 8),(7, 9, 8),(7, 9, 8),(7, 9, 8),(7, 9, 8),(7, 9, 8),(7, 9, 8),(7, 9, 8),(7, 9, 8),(7, 9, 8),(7, 9, 8),(7, 9, 8),(7, 9, 8),(7, 9, 8),(7, 9, 8),(7, 9, 8),(7, 9, 8),(7, 9, 8),(7, 9, 8),(7, 9, 8),(7, 9, 8),(7, 9, 8),(7, 9, 8),(7, 9, 8),(7, 9, 8),(7, 9, 8),(7, 9, 8),(7, 9, 8),(7, 9, 8),(7, 9, 8),(7, 9, 8),(7, 9, 8),(7, 9, 8),(7, 9, 8),(7, 9, 8),(7, 9, 8),(7, 9, 8),(7, 9, 8),(7, 9, 8),(7, 9, 8),(7, 9, 8),(7, 9, 8),(7, 9, 8),(7, 9, 8),(7, 9, 8),(7, 9, 8),(7, 9, 8),(7, 9, 8),(7, 9, 8),(7, 9, 8),(7, 9, 8),(7, 9, 8),(7, 9, 8),(7, 9, 8),(7, 9, 8),(7, 9, 8),(7, 9, 8),(7, 9, 8),(7, 9, 8),(7, 9, 8),(7, 9, 8),(7, 9, 8),(7, 9, 8),(7, 9, 8),(7, 9, 8),(7, 9, 8),(7, 9, 8),(7, 9, 8),(7, 9, 8),(7, 9, 8),(7, 9, 8),(7, 9, 8),(7, 9, 8),(7, 9, 8),(7, 9, 8),(7, 9, 8),(7, 9, 8),(7, 9, 8),(7, 9, 8),(7, 9, 8),(7, 9, 8),(7, 9, 8),(7, 9, 8),(7, 9, 8),(7, 9, 8),(7, 9, 8),(7, 9, 8),(7, 9, 8),(7, 9, 8),(7, 9, 8),(7, 9, 8),(7, 9, 8),(7, 9, 8),(7, 9, 8),(7, 9, 8),(7, 9, 8),(7, 9, 8),(7, 9, 8),(7, 9, 8),(7, 9, 8),(7, 9, 8),(7, 9, 8),(7, 9, 8),(7, 9, 8),(7, 9, 8),(7, 9, 8),(7, 9, 8),(7, 9, 8),(7, 9, 8),(7, 9, 8),(7, 9, 8),(7, 9, 8),(7, 9, 8),(7, 9, 8),(7, 9, 8),(7, 9, 8),(7, 9, 8),(7, 9, 8),(7, 9, 8),(7, 9, 8),(7, 9, 8),(7, 9, 8),(7, 9, 8),(7, 9, 8),(7, 9, 8),(7, 9, 8),(7, 9, 8),(7, 9, 8),(7, 9, 8),(7, 9, 8),(7, 9, 8),(7, 9, 8),(7, 9, 8),(7, 9, 8),(7, 9, 8),(7, 9, 8),(7, 9, 8),(7, 9, 8),(7, 9, 8),(7, 9, 8),(7, 9, 8),(7, 9, 8),(7, 9, 8),(7, 9, 8),(7, 9, 8),(7, 9, 8),(7, 9, 8),(7, 9, 8),(7, 9, 8),(7, 9, 8),(7, 9, 8),(7, 9, 8),(7, 9, 8),(7, 9, 8),(7, 9, 8),(7, 9, 8),(7, 9, 8),(7, 9, 8),(7, 9, 8),(7, 9, 8),(7, 9, 8),(7, 9, 8),(7, 9, 8),(7, 9, 8),(7, 9, 8),(7, 9, 8),(7, 9, 8),(7, 9, 8),(7, 9, 8),(7, 9, 8),(7, 9, 8),(7, 9, 8),(7, 9, 8),(7, 9, 8),(7, 9, 8),(7, 9, 8),(7, 9, 8),(7, 9, 8),(7, 9, 8),(7, 9, 8),(7, 9, 8),(7, 9, 8),(7, 9, 8),(7, 9, 8),(7, 9, 8),(7, 9, 8),(7, 9, 8),(7, 9, 8),(7, 9, 8),(7, 9, 8),(7, 9, 8),(7, 9, 8),(7, 9, 8),(7, 9, 8),(7, 9, 8),(7, 9, 8),(7, 9, 8),(7, 9, 8),(7, 9, 8),(7, 9, 8),(7, 9, 8),(7, 9, 8),(7, 9, 8),(7, 9, 8),(7, 9, 8),(7, 9, 8),(7, 9, 8),(7, 9, 8),(7, 9, 8),(7, 9, 8),(7, 9, 8),(7, 9, 8),(7, 9, 8),(7, 9, 8),(7, 9, 8),(7, 9, 8),(7, 9, 8),(7, 9, 8),(7, 9, 8),(7, 9, 8),(7, 9, 8),(7, 9, 8),(7, 9, 8),(7, 9, 8),(7, 9, 8),(7, 9, 8),(7, 9, 8),(7, 9, 8),(7, 9, 8),(7, 9, 8),(7, 9, 8),(7, 9, 8),(7, 9, 8),(7, 9, 8),(7, 9, 8),(7, 9, 8),(7, 9, 8),(7, 9, 8),(7, 9, 8),(7, 9, 8),(7, 9, 8),(7, 9, 8),(7, 9, 8),(7, 9, 8),(7, 9, 8),(7, 9, 8),(7, 9, 8),(7, 9, 8),(7, 9, 8),(7, 9, 8),(7, 9, 8),(7, 9, 8),(7, 9, 8),(7, 9, 8),(7, 9, 8),(7, 9, 8),(7, 9, 8),(7, 9, 8),(7, 9, 8),(7, 9, 8),(7, 9, 8),(7, 9, 8),(7, 9, 8),(7, 9, 8),(7, 9, 8),(7, 9, 8),(7, 9, 8),(7, 9, 8),(7, 9, 8),(7, 9, 8),(7, 9, 8),(7, 9, 8),(7, 9, 8),(7, 9, 8),(7, 9, 8),(7, 9, 8),(7, 9, 8),(7, 9, 8),(7, 9, 8),(7, 9, 8),(7, 9, 8),(7, 9, 8),(7, 9, 8),(7, 9, 8),(7, 9, 8),(7, 9, 8),(7, 9, 8),(7, 9, 8),(7, 9, 8),(7, 9, 8),(7, 9, 8),(7, 9, 8),(7, 9, 8),(7, 9, 8),(7, 9, 8),(7, 9, 8),(7, 9, 8),(7, 9, 8),(7, 9, 8),(7, 9, 8),(7, 9, 8),(7, 9, 8),(7, 9, 8),(7, 9, 8),(7, 9, 8),(7, 9, 8),(7, 9, 8),(7, 9, 8),(7, 9, 8),(7, 9, 8),(7, 9, 8),(7, 9, 8),(7, 9, 8),(7, 9, 8),(7, 9, 8),(7, 9, 8),(7, 9, 8),(7, 9, 8),(7, 9, 8),(7, 9, 8),(7, 9, 8),(7, 9, 8),(7, 9, 8),(7, 9, 8),(7, 9, 8),(7, 9, 8),(7, 9, 8),(7, 9, 8),(7, 9, 8),(7, 9, 8),(7, 9, 8),(7, 9, 8),(7, 9, 8),(7, 9, 8),(7, 9, 8),(7, 9, 8),(7, 9, 8),(7, 9, 8),(7, 9, 8),(7, 9, 8),(7, 9, 8),(7, 9, 8),(7, 9, 8),(7, 9, 8),(7, 9, 8),(7, 9, 8),(7, 9, 8),(7, 9, 8),(7, 9, 8),(7, 9, 8),(7, 9, 8),(7, 9, 8),(7, 9, 8),(7, 9, 8),(7, 9, 8),(7, 9, 8),(7, 9, 8),(7, 9, 8),(7, 9, 8),(7, 9, 8),(7, 9, 8),(7, 9, 8),(7, 9, 8),(7, 9, 8),(7, 9, 8),(7, 9, 8),(7, 9, 8),(7, 9, 8),(7, 9, 8),(7, 9, 8),(7, 9, 8),(7, 9, 8),(7, 9, 8),(7, 9, 8),(7, 9, 8),(7, 9, 8),(7, 9, 8),(7, 9, 8),(7, 9, 8),(7, 9, 8),(7, 9, 8),(7, 9, 8),(7, 9, 8),(7, 9, 8),(7, 9, 8),(7, 9, 8),(7, 9, 8),(7, 9, 8),(7, 9, 8),(7, 9, 8),(7, 9, 8),(7, 9, 8),(7, 9, 8),(7, 9, 8),(7, 9, 8),(7, 9, 8),(7, 9, 8),(7, 9, 8),(7, 9, 8),(7, 9, 8),(7, 9, 8),(7, 9, 8),(7, 9, 8),(7, 9, 8),(7, 9, 8),(7, 9, 8),(7, 9, 8),(7, 9, 8),(7, 9, 8),(7, 9, 8),(7, 9, 8),(7, 9, 8),(7, 9, 8),(7, 9, 8),(7, 9, 8),(7, 9, 8),(7, 9, 8),(7, 9, 8),(7, 9, 8),(7, 9, 8),(7, 9, 8),(7, 9, 8),(7, 9, 8),(7, 9, 8),(7, 9, 8),(7, 9, 8),(7, 9, 8),(7, 9, 8),(7, 9, 8),(7, 9, 8),(7, 9, 8),(7, 9, 8),(7, 9, 8),(7, 9, 8),(7, 9, 8),(7, 9, 8),(7, 9, 8),(7, 9, 8),(7, 9, 8),(7, 9, 8),(7, 9, 8),(7, 9, 8),(7, 9, 8),(7, 9, 8),(7, 9, 8),(7, 9, 8),(7, 9, 8),(7, 9, 8),(7, 9, 8),(7, 9, 8),(7, 9, 8),(7, 9, 8),(7, 9, 8),(7, 9, 8),(7, 9, 8),(7, 9, 8),(7, 9, 8),(7, 9, 8),(7, 9, 8),(7, 9, 8),(7, 9, 8),(7, 9, 8),(7, 9, 8),(7, 9, 8),(7, 9, 8),(7, 9, 8),(7, 9, 8),(7, 9, 8),(7, 9, 8),(7, 9, 8),(7, 9, 8),(7, 9, 8),(7, 9, 8),(7, 9, 8),(7, 9, 8),(7, 9, 8),(7, 9, 8),(7, 9, 8),(7, 9, 8),(7, 9, 8),(7, 9, 8),(7, 9, 8),(7, 9, 8),(7, 9, 8),(7, 9, 8),(7, 9, 8),(7, 9, 8),(7, 9, 8),(7, 9, 8),(7, 9, 8),(7, 9, 8),(7, 9, 8),(7, 9, 8),(7, 9, 8),(7, 9, 8),(7, 9, 8),(7, 9, 8),(7, 9, 8),(7, 9, 8),(7, 9, 8),(7, 9, 8),(7, 9, 8),(7, 9, 8),(7, 9, 8),(7, 9, 8),(7, 9, 8),(7, 9, 8),(7, 9, 8),(7, 9, 8),(7, 9, 8),(7, 9, 8),(7, 9, 8),(7, 9, 8),(7, 9, 8),(7, 9, 8),(7, 9, 8),(7, 9, 8),(7, 9, 8),(7, 9, 8),(7, 9, 8),(7, 9, 8),(7, 9, 8),(7, 9, 8),(7, 9, 8),(7, 9, 8),(7, 9, 8),(7, 9, 8),(7, 9, 8),(7, 9, 8),(7, 9, 8),(7, 9, 8),(7, 9, 8),(7, 9, 8),(7, 9, 8),(7, 9, 8),(7, 9, 8),(7, 9, 8),(7, 9, 8),(7, 9, 8),(7, 9, 8),(7, 9, 8),(7, 9, 8),(7, 9, 8),(7, 9, 8),(7, 9, 8),(7, 9, 8),(7, 9, 8),(7, 9, 8),(7, 9, 8),(7, 9, 8),(7, 9, 8),(7, 9, 8),(7, 9, 8),(7, 9, 8),(7, 9, 8),(7, 9, 8),(7, 9, 8),(7, 9, 8),(7, 9, 8),(7, 9, 8),(7, 9, 8),(7, 9, 8),(7, 9, 8),(7, 9, 8),(7, 9, 8),(7, 9, 8),(7, 9, 8),(7, 9, 8),(7, 9, 8),(7, 9, 8),(7, 9, 8),(7, 9, 8),(7, 9, 8),(7, 9, 8),(7, 9, 8),(7, 9, 8),(7, 9, 8),(7, 9, 8),(7, 9, 8),(7, 9, 8),(7, 9, 8),(7, 9, 8),(7, 9, 8),(7, 9, 8),(7, 9, 8),(7, 9, 8),(7, 9, 8),(7, 9, 8),(7, 9, 8),(7, 9, 8),(7, 9, 8),(7, 9, 8),(7, 9, 8),(7, 9, 8),(7, 9, 8),(7, 9, 8),(7, 9, 8),(7, 9, 8),(7, 9, 8),(7, 9, 8),(7, 9, 8),(7, 9, 8),(7, 9, 8),(7, 9, 8),(7, 9, 8),(7, 9, 8),(7, 9, 8),(7, 9, 8),(7, 9, 8),(7, 9, 8),(7, 9, 8),(7, 9, 8),(7, 9, 8),(7, 9, 8),(7, 9, 8),(7, 9, 8),(7, 9, 8),(7, 9, 8),(7, 9, 8),(7, 9, 8),(7, 9, 8),(7, 9, 8),(7, 9, 8),(7, 9, 8),(7, 9, 8),(7, 9, 8),(7, 9, 8),(7, 9, 8),(7, 9, 8),(7, 9, 8),(7, 9, 8),(7, 9, 8),(7, 9, 8),(7, 9, 8),(7, 9, 8),(7, 9, 8),(7, 9, 8),(7, 9, 8),(7, 9, 8),(7, 9, 8),(7, 9, 8),(7, 9, 8),(7, 9, 8),(7, 9, 8),(7, 9, 8),(7, 9, 8),(7, 9, 8),(7, 9, 8),(7, 9, 8),(7, 9, 8),(7, 9, 8),(7, 9, 8),(7, 9, 8),(7, 9, 8),(7, 9, 8),(7, 9, 8),(7, 9, 8),(7, 9, 8),(7, 9, 8),(7, 9, 8),(7, 9, 8),(7, 9, 8),(7, 9, 8),(7, 9, 8),(7, 9, 8),(7, 9, 8),(7, 9, 8),(7, 9, 8),(7, 9, 8),(7, 9, 8),(7, 9, 8),(7, 9, 8),(7, 9, 8),(7, 9, 8),(7, 9, 8),(7, 9, 8),(7, 9, 8),(7, 9, 8),(7, 9, 8),(7, 9, 8),(7, 9, 8),(7, 9, 8),(7, 9, 8),(7, 9, 8),(7, 9, 8),(7, 9, 8),(7, 9, 8),(7, 9, 8),(7, 9, 8),(7, 9, 8),(7, 9, 8),(7, 9, 8),(7, 9, 8),(7, 9, 8),(7, 9, 8),(7, 9, 8),(7, 9, 8),(7, 9, 8),(7, 9, 8),(7, 9, 8),(7, 9, 8),(7, 9, 8),(7, 9, 8),(7, 9, 8),(7, 9, 8),(7, 9, 8),(7, 9, 8),(7, 9, 8),(7, 9, 8),(7, 9, 8),(7, 9, 8),(7, 9, 8),(7, 9, 8),(7, 9, 8),(7, 9, 8),(7, 9, 8),(7, 9, 8),(7, 9, 8),(7, 9, 8),(7, 9, 8),(7, 9, 8),(7, 9, 8),(7, 9, 8),(7, 9, 8),(7, 9, 8),(7, 9, 8),(7, 9, 8),(7, 9, 8),(7, 9, 8),(7, 9, 8),(7, 9, 8),(7, 9, 8),(7, 9, 8),(7, 9, 8),(7, 9, 8),(7, 9, 8),(7, 9, 8),(7, 9, 8),(7, 9, 8),(7, 9, 8),(7, 9, 8),(7, 9, 8),(7, 9, 8),(7, 9, 8),(7, 9, 8),(7, 9, 8),(7, 9, 8),(7, 9, 8),(7, 9, 8),(7, 9, 8),(7, 9, 8),(7, 9, 8),(7, 9, 8),(7, 9, 8),(7, 9, 8),(7, 9, 8),(7, 9, 8),(7, 9, 8),(7, 9, 8),(7, 9, 8),(7, 9, 8),(7, 9, 8),(7, 9, 8),(7, 9, 8),(7, 9, 8),(7, 9, 8),(7, 9, 8),(7, 9, 8),(7, 9, 8),(7, 9, 8),(7, 9, 8),(7, 9, 8),(7, 9, 8),(7, 9, 8),(7, 9, 8),(7, 9, 8),(7, 9, 8),(7, 9, 8),(7, 9, 8),(7, 9, 8),(7, 9, 8),(7, 9, 8),(7, 9, 8),(7, 9, 8),(7, 9, 8),(7, 9, 8),(7, 9, 8),(7, 9, 8),(7, 9, 8),(7, 9, 8),(7, 9, 8),(7, 9, 8),(7, 9, 8),(7, 9, 8),(7, 9, 8),(7, 9, 8),(7, 9, 8),(7, 9, 8),(7, 9, 8),(7, 9, 8),(7, 9, 8),(7, 9, 8),(7, 9, 8),(7, 9, 8),(7, 9, 8),(7, 9, 8),(7, 9, 8),(7, 9, 8),(7, 9, 8),(7, 9, 8),(7, 9, 8),(7, 9, 8),(7, 9, 8),(7, 9, 8),(7, 9, 8),(7, 9, 8),(7, 9, 8),(7, 9, 8),(7, 9, 8),(7, 9, 8),(7, 9, 8),(7, 9, 8),(7, 9, 8),(7, 9, 8),(7, 9, 8),(7, 9, 8),(7, 9, 8),(7, 9, 8),(7, 9, 8),(7, 9, 8),(7, 9, 8),(7, 9, 8),(7, 9, 8),(7, 9, 8),(7, 9, 8),(7, 9, 8),(7, 9, 8),(7, 9, 8),(7, 9, 8),(7, 9, 8),(7, 9, 8),(7, 9, 8),(7, 9, 8),(7, 9, 8),(7, 9, 8),(7, 9, 8),(7, 9, 8),(7, 9, 8),(7, 9, 8),(7, 9, 8),(7, 9, 8),(7, 9, 8),(7, 9, 8),(7, 9, 8),(7, 9, 8),(7, 9, 8),(7, 9, 8),(7, 9, 8),(7, 9, 8),(7, 9, 8),(7, 9, 8),(7, 9, 8),(7, 9, 8),(7, 9, 8),(7, 9, 8),(7, 9, 8),(7, 9, 8),(7, 9, 8),(7, 9, 8),(7, 9, 8),(7, 9, 8),(7, 9, 8),(7, 9, 8),(7, 9, 8),(7, 9, 8),(7, 9, 8),(7, 9, 8),(7, 9, 8),(7, 9, 8),(7, 9, 8),(7, 9, 8),(7, 9, 8),(7, 9, 8),(7, 9, 8),(7, 9, 8),(7, 9, 8),(7, 9, 8),(7, 9, 8),(7, 9, 8),(7, 9, 8),(7, 9, 8),(7, 9, 8),(7, 9, 8),(7, 9, 8),(7, 9, 8),(7, 9, 8),(7, 9, 8),(7, 9, 8),(7, 9, 8),(7, 9, 8),(7, 9, 8),(7, 9, 8),(7, 9, 8),(7, 9, 8),(7, 9, 8),(7, 9, 8),(7, 9, 8),(7, 9, 8),(7, 9, 8),(7, 9, 8),(7, 9, 8),(7, 9, 8),(7, 9, 8),(7, 9, 8),(7, 9, 8),(7, 9, 8),(7, 9, 8),(7, 9, 8),(7, 9, 8),(7, 9, 8),(7, 9, 8),(7, 9, 8),(7, 9, 8),(7, 9, 8),(7, 9, 8),(7, 9, 8),(7, 9, 8),(7, 9, 8),(7, 9, 8),(7, 9, 8),(7, 9, 8),(7, 9, 8),(7, 9, 8),(7, 9, 8),(7, 9, 8),(7, 9, 8),(7, 9, 8),(7, 9, 8),(7, 9, 8),(7, 9, 8),(7, 9, 8),(7, 9, 8),(7, 9, 8),(7, 9, 8),(7, 9, 8),(7, 9, 8),(7, 9, 8),(7, 9, 8),(7, 9, 8),(7, 9, 8),(7, 9, 8),(7, 9, 8),(7, 9, 8),(7, 9, 8),(7, 9, 8),(7, 9, 8),(7, 9, 8),(7, 9, 8),(7, 9, 8),(7, 9, 8),(7, 9, 8),(7, 9, 8),(7, 9, 8),(7, 9, 8),(7, 9, 8),(7, 9, 8),(7, 9, 8),(7, 9, 8),(7, 9, 8),(7, 9, 8),(7, 9, 8),(7, 9, 8),(7, 9, 8),(7, 9, 8),(7, 9, 8),(7, 9, 8),(7, 9, 8),(7, 9, 8),(7, 9, 8),(7, 9, 8),(7, 9, 8),(7, 9, 8),(7, 9, 8),(7, 9, 8),(7, 9, 8),(7, 9, 8),(7, 9, 8),(7, 9, 8),(7, 9, 8),(7, 9, 8),(7, 9, 8),(7, 9, 8),(7, 9, 8),(7, 9, 8),(7, 9, 8),(7, 9, 8),(7, 9, 8),(7, 9, 8),(7, 9, 8),(7, 9, 8),(7, 9, 8),(7, 9, 8),(7, 9, 8),(7, 9, 8),(7, 9, 8),(7, 9, 8),(7, 9, 8),(7, 9, 8),(7, 9, 8),(7, 9, 8),(7, 9, 8),(7, 9, 8),(7, 9, 8),(7, 9, 8),(7, 9, 8),(7, 9, 8),(7, 9, 8),(7, 9, 8),(7, 9, 8),(7, 9, 8),(7, 9, 8),(7, 9, 8),(7, 9, 8),(7, 9, 8),(7, 9, 8),(7, 9, 8),(7, 9, 8),(7, 9, 8),(7, 9, 8),(7, 9, 8),(7, 9, 8),(7, 9, 8),(7, 9, 8),(7, 9, 8),(7, 9, 8),(7, 9, 8),(7, 9, 8),(7, 9, 8),(7, 9, 8),(7, 9, 8),(7, 9, 8),(7, 9, 8),(7, 9, 8),(7, 9, 8),(7, 9, 8),(7, 9, 8),(7, 9, 8),(7, 9, 8),(7, 9, 8),(7, 9, 8),(7, 9, 8),(7, 9, 8),(7, 9, 8),(7, 9, 8),(7, 9, 8),(7, 9, 8),(7, 9, 8),(7, 9, 8),(7, 9, 8),(7, 9, 8),(7, 9, 8),(7, 9, 8),(7, 9, 8),(7, 9, 8),(7, 9, 8),(7, 9, 8),(7, 9, 8),(7, 9, 8),(7, 9, 8),(7, 9, 8),(7, 9, 8),(7, 9, 8),(7, 9, 8),(7, 9, 8),(7, 9, 8),(7, 9, 8),(7, 9, 8),(7, 9, 8),(7, 9, 8),(7, 9, 8),(7, 9, 8),(7, 9, 8),(7, 9, 8),(7, 9, 8),(7, 9, 8),(7, 9, 8),(7, 9, 8),(7, 9, 8),(7, 9, 8),(7, 9, 8),(7, 9, 8),(7, 9, 8),(7, 9, 8),(7, 9, 8),(7, 9, 8),(7, 9, 8),(7, 9, 8),(7, 9, 8),(7, 9, 8),(7, 9, 8),(7, 9, 8),(7, 9, 8),(7, 9, 8),(7, 9, 8),(7, 9, 8),(7, 9, 8),(7, 9, 8),(7, 9, 8),(7, 9, 8),(7, 9, 8),(7, 9, 8),(7, 9, 8),(7, 9, 8),(7, 9, 8),(7, 9, 8),(7, 9, 8),(7, 9, 8),(7, 9, 8),(7, 9, 8),(7, 9, 8),(7, 9, 8),(7, 9, 8),(7, 9, 8),(7, 9, 8),(7, 9, 8),(7, 9, 8),(7, 9, 8),(7, 9, 8),(7, 9, 8),(7, 9, 8),(7, 9, 8),(7, 9, 8),(7, 9, 8),(7, 9, 8),(7, 9, 8),(7, 9, 8),(7, 9, 8),(7, 9, 8),(7, 9, 8),(7, 9, 8),(7, 9, 8),(7, 9, 8),(7, 9, 8),(7, 9, 8),(7, 9, 8),(7, 9, 8),(7, 9, 8),(7, 9, 8),(7, 9, 8),(7, 9, 8),(7, 9, 8),(7, 9, 8),(7, 9, 8),(7, 9, 8),(7, 9, 8),(7, 9, 8),(7, 9, 8),(7, 9, 8),(7, 9, 8),(7, 9, 8),(7, 9, 8),(7, 9, 8),(7, 9, 8),(7, 9, 8),(7, 9, 8),(7, 9, 8),(7, 9, 8),(7, 9, 8),(7, 9, 8),(7, 9, 8),(7, 9, 8),(7, 9, 8),(7, 9, 8),(7, 9, 8),(7, 9, 8),(7, 9, 8),(7, 9, 8),(7, 9, 8),(7, 9, 8),(7, 9, 8),(7, 9, 8),(7, 9, 8),(7, 9, 8),(7, 9, 8),(7, 9, 8),(7, 9, 8),(7, 9, 8),(7, 9, 8),(7, 9, 8),(7, 9, 8),(7, 9, 8),(7, 9, 8),(7, 9, 8),(7, 9, 8),(7, 9, 8),(7, 9, 8),(7, 9, 8),(7, 9, 8),(7, 9, 8),(7, 9, 8),(7, 9, 8),(7, 9, 8),(7, 9, 8),(7, 9, 8),(7, 9, 8),(7, 9, 8),(7, 9, 8),(7, 9, 8),(7, 9, 8),(7, 9, 8),(7, 9, 8),(7, 9, 8),(7, 9, 8),(7, 9, 8),(7, 9, 8),(7, 9, 8),(7, 9, 8),(7, 9, 8),(7, 9, 8),(7, 9, 8),(7, 9, 8),(7, 9, 8),(7, 9, 8),(7, 9, 8),(7, 9, 8),(7, 9, 8),(7, 9, 8),(7, 9, 8),(7, 9, 8),(7, 9, 8),(7, 9, 8),(7, 9, 8),(7, 9, 8),(7, 9, 8),(7, 9, 8),(7, 9, 8),(7, 9, 8),(7, 9, 8),(7, 9, 8),(7, 9, 8),(7, 9, 8),(7, 9, 8),(7, 9, 8),(7, 9, 8),(7, 9, 8),(7, 9, 8),(7, 9, 8),(7, 9, 8),(7, 9, 8),(7, 9, 8),(7, 9, 8),(7, 9, 8),(7, 9, 8),(7, 9, 8),(7, 9, 8),(7, 9, 8),(7, 9, 8),(7, 9, 8),(7, 9, 8),(7, 9, 8),(7, 9, 8),(7, 9, 8),(7, 9, 8),(7, 9, 8),(7, 9, 8),(7, 9, 8),(7, 9, 8),(7, 9, 8),(7, 9, 8),(7, 9, 8),(7, 9, 8),(7, 9, 8),(7, 9, 8),(7, 9, 8),(7, 9, 8),(7, 9, 8),(7, 9, 8),(7, 9, 8),(7, 9, 8),(7, 9, 8),(7, 9, 8),(7, 9, 8),(7, 9, 8),(7, 9, 8),(7, 9, 8),(7, 9, 8),(7, 9, 8),(7, 9, 8),(7, 9, 8),(7, 9, 8),(7, 9, 8),(7, 9, 8),(7, 9, 8),(7, 9, 8),(7, 9, 8),(7, 9, 8),(7, 9, 8),(7, 9, 8),(7, 9, 8),(7, 9, 8),(7, 9, 8),(7, 9, 8),(7, 9, 8),(7, 9, 8),(7, 9, 8),(7, 9, 8),(7, 9, 8),(7, 9, 8),(7, 9, 8),(7, 9, 8),(7, 9, 8),(7, 9, 8),(7, 9, 8),(7, 9, 8),(7, 9, 8),(7, 9, 8),(7, 9, 8),(7, 9, 8),(7, 9, 8),(7, 9, 8),(7, 9, 8),(7, 9, 8),(7, 9, 8),(7, 9, 8),(7, 9, 8),(7, 9, 8),(7, 9, 8),(7, 9, 8),(7, 9, 8),(7, 9, 8),(7, 9, 8),(7, 9, 8),(7, 9, 8),(7, 9, 8),(7, 9, 8),(7, 9, 8),(7, 9, 8),(7, 9, 8),(7, 9, 8),(7, 9, 8),(7, 9, 8),(7, 9, 8),(7, 9, 8),(7, 9, 8),(7, 9, 8),(7, 9, 8),(7, 9, 8),(7, 9, 8),(7, 9, 8),(7, 9, 8),(7, 9, 8),(7, 9, 8),(7, 9, 8),(7, 9, 8),(7, 9, 8),(7, 9, 8),(7, 9, 8),(7, 9, 8),(7, 9, 8),(7, 9, 8),(7, 9, 8),(7, 9, 8),(7, 9, 8),(7, 9, 8),(7, 9, 8),(7, 9, 8),(7, 9, 8),(7, 9, 8),(7, 9, 8),(7, 9, 8),(7, 9, 8),(7, 9, 8),(7, 9, 8),(7, 9, 8),(7, 9, 8),(7, 9, 8),(7, 9, 8),(7, 9, 8),(7, 9, 8),(7, 9, 8),(7, 9, 8),(7, 9, 8),(7, 9, 8),(7, 9, 8),(7, 9, 8),(7, 9, 8),(7, 9, 8),(7, 9, 8),(7, 9, 8),(7, 9, 8),(7, 9, 8),(7, 9, 8),(7, 9, 8),(7, 9, 8),(7, 9, 8),(7, 9, 8),(7, 9, 8),(7, 9, 8),(7, 9, 8),(7, 9, 8),(7, 9, 8),(7, 9, 8),(7, 9, 8),(7, 9, 8),(7, 9, 8),(7, 9, 8),(7, 9, 8),(7, 9, 8),